Component: ARM Compiler 5.06 update 7 (build 960) Tool: armlink [4d3601]

==============================================================================

Section Cross References

    stm32f429i_discovery.o(i.STM_EVAL_LEDInit) refers to stm32f4xx_rcc.o(i.RCC_AHB1PeriphClockCmd) for RCC_AHB1PeriphClockCmd
    stm32f429i_discovery.o(i.STM_EVAL_LEDInit) refers to stm32f4xx_gpio.o(i.GPIO_Init) for GPIO_Init
    stm32f429i_discovery.o(i.STM_EVAL_LEDInit) refers to stm32f429i_discovery.o(.constdata) for GPIO_CLK
    stm32f429i_discovery.o(i.STM_EVAL_LEDInit) refers to stm32f429i_discovery.o(.data) for GPIO_PORT
    stm32f429i_discovery.o(i.STM_EVAL_LEDOff) refers to stm32f429i_discovery.o(.constdata) for GPIO_PIN
    stm32f429i_discovery.o(i.STM_EVAL_LEDOff) refers to stm32f429i_discovery.o(.data) for GPIO_PORT
    stm32f429i_discovery.o(i.STM_EVAL_LEDOn) refers to stm32f429i_discovery.o(.constdata) for GPIO_PIN
    stm32f429i_discovery.o(i.STM_EVAL_LEDOn) refers to stm32f429i_discovery.o(.data) for GPIO_PORT
    stm32f429i_discovery.o(i.STM_EVAL_LEDToggle) refers to stm32f429i_discovery.o(.data) for GPIO_PORT
    stm32f429i_discovery.o(i.STM_EVAL_LEDToggle) refers to stm32f429i_discovery.o(.constdata) for GPIO_PIN
    stm32f429i_discovery.o(i.STM_EVAL_PBGetState) refers to stm32f4xx_gpio.o(i.GPIO_ReadInputDataBit) for GPIO_ReadInputDataBit
    stm32f429i_discovery.o(i.STM_EVAL_PBGetState) refers to stm32f429i_discovery.o(.constdata) for BUTTON_PIN
    stm32f429i_discovery.o(i.STM_EVAL_PBGetState) refers to stm32f429i_discovery.o(.data) for BUTTON_PORT
    stm32f429i_discovery.o(i.STM_EVAL_PBInit) refers to stm32f4xx_rcc.o(i.RCC_AHB1PeriphClockCmd) for RCC_AHB1PeriphClockCmd
    stm32f429i_discovery.o(i.STM_EVAL_PBInit) refers to stm32f4xx_rcc.o(i.RCC_APB2PeriphClockCmd) for RCC_APB2PeriphClockCmd
    stm32f429i_discovery.o(i.STM_EVAL_PBInit) refers to stm32f4xx_gpio.o(i.GPIO_Init) for GPIO_Init
    stm32f429i_discovery.o(i.STM_EVAL_PBInit) refers to stm32f4xx_syscfg.o(i.SYSCFG_EXTILineConfig) for SYSCFG_EXTILineConfig
    stm32f429i_discovery.o(i.STM_EVAL_PBInit) refers to stm32f4xx_exti.o(i.EXTI_Init) for EXTI_Init
    stm32f429i_discovery.o(i.STM_EVAL_PBInit) refers to misc.o(i.NVIC_Init) for NVIC_Init
    stm32f429i_discovery.o(i.STM_EVAL_PBInit) refers to stm32f429i_discovery.o(.constdata) for BUTTON_CLK
    stm32f429i_discovery.o(i.STM_EVAL_PBInit) refers to stm32f429i_discovery.o(.data) for BUTTON_PORT
    stm32f429i_discovery.o(i.sEE_LowLevel_DMAConfig) refers to stm32f4xx_dma.o(i.DMA_Init) for DMA_Init
    stm32f429i_discovery.o(i.sEE_LowLevel_DMAConfig) refers to stm32f429i_discovery.o(.bss) for sEEDMA_InitStructure
    stm32f429i_discovery.o(i.sEE_LowLevel_DeInit) refers to stm32f4xx_i2c.o(i.I2C_Cmd) for I2C_Cmd
    stm32f429i_discovery.o(i.sEE_LowLevel_DeInit) refers to stm32f4xx_i2c.o(i.I2C_DeInit) for I2C_DeInit
    stm32f429i_discovery.o(i.sEE_LowLevel_DeInit) refers to stm32f4xx_rcc.o(i.RCC_APB1PeriphClockCmd) for RCC_APB1PeriphClockCmd
    stm32f429i_discovery.o(i.sEE_LowLevel_DeInit) refers to stm32f4xx_gpio.o(i.GPIO_Init) for GPIO_Init
    stm32f429i_discovery.o(i.sEE_LowLevel_DeInit) refers to misc.o(i.NVIC_Init) for NVIC_Init
    stm32f429i_discovery.o(i.sEE_LowLevel_DeInit) refers to stm32f4xx_dma.o(i.DMA_Cmd) for DMA_Cmd
    stm32f429i_discovery.o(i.sEE_LowLevel_DeInit) refers to stm32f4xx_dma.o(i.DMA_DeInit) for DMA_DeInit
    stm32f429i_discovery.o(i.sEE_LowLevel_DeInit) refers to stm32f429i_discovery.o(.data) for NVIC_InitStructure
    stm32f429i_discovery.o(i.sEE_LowLevel_Init) refers to stm32f4xx_rcc.o(i.RCC_APB1PeriphClockCmd) for RCC_APB1PeriphClockCmd
    stm32f429i_discovery.o(i.sEE_LowLevel_Init) refers to stm32f4xx_rcc.o(i.RCC_AHB1PeriphClockCmd) for RCC_AHB1PeriphClockCmd
    stm32f429i_discovery.o(i.sEE_LowLevel_Init) refers to stm32f4xx_rcc.o(i.RCC_APB2PeriphClockCmd) for RCC_APB2PeriphClockCmd
    stm32f429i_discovery.o(i.sEE_LowLevel_Init) refers to stm32f4xx_rcc.o(i.RCC_APB1PeriphResetCmd) for RCC_APB1PeriphResetCmd
    stm32f429i_discovery.o(i.sEE_LowLevel_Init) refers to stm32f4xx_gpio.o(i.GPIO_Init) for GPIO_Init
    stm32f429i_discovery.o(i.sEE_LowLevel_Init) refers to stm32f4xx_gpio.o(i.GPIO_PinAFConfig) for GPIO_PinAFConfig
    stm32f429i_discovery.o(i.sEE_LowLevel_Init) refers to misc.o(i.NVIC_Init) for NVIC_Init
    stm32f429i_discovery.o(i.sEE_LowLevel_Init) refers to stm32f4xx_dma.o(i.DMA_ClearFlag) for DMA_ClearFlag
    stm32f429i_discovery.o(i.sEE_LowLevel_Init) refers to stm32f4xx_dma.o(i.DMA_Cmd) for DMA_Cmd
    stm32f429i_discovery.o(i.sEE_LowLevel_Init) refers to stm32f4xx_dma.o(i.DMA_DeInit) for DMA_DeInit
    stm32f429i_discovery.o(i.sEE_LowLevel_Init) refers to stm32f4xx_dma.o(i.DMA_Init) for DMA_Init
    stm32f429i_discovery.o(i.sEE_LowLevel_Init) refers to stm32f4xx_dma.o(i.DMA_ITConfig) for DMA_ITConfig
    stm32f429i_discovery.o(i.sEE_LowLevel_Init) refers to stm32f429i_discovery.o(.data) for NVIC_InitStructure
[...]
    ..\\..\\STM32\\Libraries\\STM32F4xx_StdPeriph_Driver\\src\\stm32f4xx_sai.c 0x00000000   Number         0  stm32f4xx_sai.o ABSOLUTE
    ..\\..\\STM32\\Libraries\\STM32F4xx_StdPeriph_Driver\\src\\stm32f4xx_sdio.c 0x00000000   Number         0  stm32f4xx_sdio.o ABSOLUTE
    ..\\..\\STM32\\Libraries\\STM32F4xx_StdPeriph_Driver\\src\\stm32f4xx_spi.c 0x00000000   Number         0  stm32f4xx_spi.o ABSOLUTE
    ..\\..\\STM32\\Libraries\\STM32F4xx_StdPeriph_Driver\\src\\stm32f4xx_syscfg.c 0x00000000   Number         0  stm32f4xx_syscfg.o ABSOLUTE
    ..\\..\\STM32\\Libraries\\STM32F4xx_StdPeriph_Driver\\src\\stm32f4xx_tim.c 0x00000000   Number         0  stm32f4xx_tim.o ABSOLUTE
    ..\\..\\STM32\\Libraries\\STM32F4xx_StdPeriph_Driver\\src\\stm32f4xx_usart.c 0x00000000   Number         0  stm32f4xx_usart.o ABSOLUTE
    ..\\..\\STM32\\Libraries\\STM32F4xx_StdPeriph_Driver\\src\\stm32f4xx_wwdg.c 0x00000000   Number         0  stm32f4xx_wwdg.o ABSOLUTE
    ..\\..\\STM32\\Utilities\\Utilities\\STM32F429I-Discovery\\stm32f429i_discovery.c 0x00000000   Number         0  stm32f429i_discovery.o ABSOLUTE
    ..\\..\\STM32\\Utilities\\Utilities\\STM32F429I-Discovery\\stm32f429i_discovery_lcd.c 0x00000000   Number         0  stm32f429i_discovery_lcd.o ABSOLUTE
    ..\\..\\STM32\\Utilities\\Utilities\\STM32F429I-Discovery\\stm32f429i_discovery_sdram.c 0x00000000   Number         0  stm32f429i_discovery_sdram.o ABSOLUTE
    User\LCD_TFT.C                           0x00000000   Number         0  lcd_tft.o ABSOLUTE
    User\\LCD_TFT.C                          0x00000000   Number         0  lcd_tft.o ABSOLUTE
    User\\delay_ms.c                         0x00000000   Number         0  delay_ms.o ABSOLUTE
    User\\main.c                             0x00000000   Number         0  main.o ABSOLUTE
    User\\stm32f4xx_it.c                     0x00000000   Number         0  stm32f4xx_it.o ABSOLUTE
    User\\system_stm32f4xx.c                 0x00000000   Number         0  system_stm32f4xx.o ABSOLUTE
    User\delay_ms.c                          0x00000000   Number         0  delay_ms.o ABSOLUTE
    User\main.c                              0x00000000   Number         0  main.o ABSOLUTE
    User\stm32f4xx_it.c                      0x00000000   Number         0  stm32f4xx_it.o ABSOLUTE
    User\system_stm32f4xx.c                  0x00000000   Number         0  system_stm32f4xx.o ABSOLUTE
    dc.s                                     0x00000000   Number         0  dc.o ABSOLUTE
    RESET                                    0x08000000   Section      428  startup_stm32f429_439xx.o(RESET)
    !!!main                                  0x080001ac   Section        8  __main.o(!!!main)
    !!!scatter                               0x080001b4   Section       52  __scatter.o(!!!scatter)
    !!handler_copy                           0x080001e8   Section       26  __scatter_copy.o(!!handler_copy)
    !!handler_zi                             0x08000204   Section       28  __scatter_zi.o(!!handler_zi)
    .ARM.Collect$$_printf_percent$$00000000  0x08000220   Section        0  _printf_percent.o(.ARM.Collect$$_printf_percent$$00000000)
    .ARM.Collect$$_printf_percent$$00000009  0x08000220   Section        6  _printf_d.o(.ARM.Collect$$_printf_percent$$00000009)
    .ARM.Collect$$_printf_percent$$00000017  0x08000226   Section        4  _printf_percent_end.o(.ARM.Collect$$_printf_percent$$00000017)
    .ARM.Collect$$libinit$$00000000          0x0800022a   Section        2  libinit.o(.ARM.Collect$$libinit$$00000000)
    .ARM.Collect$$libinit$$00000001          0x0800022c   Section        4  libinit2.o(.ARM.Collect$$libinit$$00000001)
    .ARM.Collect$$libinit$$00000004          0x08000230   Section        0  libinit2.o(.ARM.Collect$$libinit$$00000004)
    .ARM.Collect$$libinit$$00000005          0x08000230   Section        8  libinit2.o(.ARM.Collect$$libinit$$00000005)
    .ARM.Collect$$libinit$$0000000A          0x08000238   Section        0  libinit2.o(.ARM.Collect$$libinit$$0000000A)
    .ARM.Collect$$libinit$$0000000C          0x08000238   Section        0  libinit2.o(.ARM.Collect$$libinit$$0000000C)
    .ARM.Collect$$libinit$$0000000E          0x08000238   Section        0  libinit2.o(.ARM.Collect$$libinit$$0000000E)
    .ARM.Collect$$libinit$$00000011          0x08000238   Section        0  libinit2.o(.ARM.Collect$$libinit$$00000011)
    .ARM.Collect$$libinit$$00000013          0x08000238   Section        0  libinit2.o(.ARM.Collect$$libinit$$00000013)
    .ARM.Collect$$libinit$$00000015          0x08000238   Section        0  libinit2.o(.ARM.Collect$$libinit$$00000015)
    .ARM.Collect$$libinit$$00000017          0x08000238   Section        0  libinit2.o(.ARM.Collect$$libinit$$00000017)
    .ARM.Collect$$libinit$$00000019          0x08000238   Section        0  libinit2.o(.ARM.Collect$$libinit$$00000019)
    .ARM.Collect$$libinit$$0000001B          0x08000238   Section        0  libinit2.o(.ARM.Collect$$libinit$$0000001B)
    .ARM.Collect$$libinit$$0000001D          0x08000238   Section        0  libinit2.o(.ARM.Collect$$libinit$$0000001D)
    .ARM.Collect$$libinit$$0000001F          0x08000238   Section        0  libinit2.o(.ARM.Collect$$libinit$$0000001F)
    .ARM.Collect$$libinit$$00000021          0x08000238   Section        0  libinit2.o(.ARM.Collect$$libinit$$00000021)
    .ARM.Collect$$libinit$$00000023          0x08000238   Section        0  libinit2.o(.ARM.Collect$$libinit$$00000023)
    .ARM.Collect$$libinit$$00000024          0x08000238   Section        4  libinit2.o(.ARM.Collect$$libinit$$00000024)
    .ARM.Collect$$libinit$$00000025          0x0800023c   Section        0  libinit2.o(.ARM.Collect$$libinit$$00000025)
    .ARM.Collect$$libinit$$0000002C          0x0800023c   Section        0  libinit2.o(.ARM.Collect$$libinit$$0000002C)
    .ARM.Collect$$libinit$$0000002E          0x0800023c   Section        0  libinit2.o(.ARM.Collect$$libinit$$0000002E)
    .ARM.Collect$$libinit$$00000030          0x0800023c   Section        0  libinit2.o(.ARM.Collect$$libinit$$00000030)
    .ARM.Collect$$libinit$$00000032          0x0800023c   Section        0  libinit2.o(.ARM.Collect$$libinit$$00000032)
    .ARM.Collect$$libinit$$00000033          0x0800023c   Section        2  libinit2.o(.ARM.Collect$$libinit$$00000033)
    .ARM.Collect$$libshutdown$$00000000      0x0800023e   Section        2  libshutdown.o(.ARM.Collect$$libshutdown$$00000000)
    .ARM.Collect$$libshutdown$$00000002      0x08000240   Section        0  libshutdown2.o(.ARM.Collect$$libshutdown$$00000002)
    .ARM.Collect$$libshutdown$$00000004      0x08000240   Section        0  libshutdown2.o(.ARM.Collect$$libshutdown$$00000004)
    .ARM.Collect$$libshutdown$$00000005      0x08000240   Section        4  libshutdown2.o(.ARM.Collect$$libshutdown$$00000005)
    .ARM.Collect$$libshutdown$$00000006      0x08000244   Section        0  libshutdown2.o(.ARM.Collect$$libshutdown$$00000006)
    .ARM.Collect$$libshutdown$$00000009      0x08000244   Section        0  libshutdown2.o(.ARM.Collect$$libshutdown$$00000009)
    .ARM.Collect$$libshutdown$$0000000C      0x08000244   Section        0  libshutdown2.o(.ARM.Collect$$libshutdown$$0000000C)
    .ARM.Collect$$libshutdown$$0000000E      0x08000244   Section        0  libshutdown2.o(.ARM.Collect$$libshutdown$$0000000E)
    .ARM.Collect$$libshutdown$$00000011      0x08000244   Section        0  libshutdown2.o(.ARM.Collect$$libshutdown$$00000011)
    .ARM.Collect$$libshutdown$$00000012      0x08000244   Section        2  libshutdown2.o(.ARM.Collect$$libshutdown$$00000012)
    .ARM.Collect$$rtentry$$00000000          0x08000246   Section        0  __rtentry.o(.ARM.Collect$$rtentry$$00000000)
    .ARM.Collect$$rtentry$$00000002          0x08000246   Section        0  __rtentry2.o(.ARM.Collect$$rtentry$$00000002)
    .ARM.Collect$$rtentry$$00000004          0x08000246   Section        6  __rtentry4.o(.ARM.Collect$$rtentry$$00000004)
    .ARM.Collect$$rtentry$$00000009          0x0800024c   Section        0  __rtentry2.o(.ARM.Collect$$rtentry$$00000009)
    .ARM.Collect$$rtentry$$0000000A          0x0800024c   Section        4  __rtentry2.o(.ARM.Collect$$rtentry$$0000000A)
    .ARM.Collect$$rtentry$$0000000C          0x08000250   Section        0  __rtentry2.o(.ARM.Collect$$rtentry$$0000000C)
    .ARM.Collect$$rtentry$$0000000D          0x08000250   Section        8  __rtentry2.o(.ARM.Collect$$rtentry$$0000000D)
    .ARM.Collect$$rtexit$$00000000           0x08000258   Section        2  rtexit.o(.ARM.Collect$$rtexit$$00000000)
    .ARM.Collect$$rtexit$$00000002           0x0800025a   Section        0  rtexit2.o(.ARM.Collect$$rtexit$$00000002)
    .ARM.Collect$$rtexit$$00000003           0x0800025a   Section        4  rtexit2.o(.ARM.Collect$$rtexit$$00000003)
    .ARM.Collect$$rtexit$$00000004           0x0800025e   Section        6  rtexit2.o(.ARM.Collect$$rtexit$$00000004)
    .emb_text                                0x08000264   Section        0  maybetermalloc1.o(.emb_text)
    .text                                    0x08000264   Section       64  startup_stm32f429_439xx.o(.text)
    $v0                                      0x08000264   Number         0  startup_stm32f429_439xx.o(.text)
    .text                                    0x080002a4   Section        0  noretval__2printf.o(.text)
    .text                                    0x080002bc   Section        0  __printf.o(.text)
    .text                                    0x08000324   Section        0  _printf_dec.o(.text)
    .text                                    0x0800039c   Section        0  heapauxi.o(.text)
    .text                                    0x080003a2   Section        0  _printf_intcommon.o(.text)
    .text                                    0x08000454   Section        0  _printf_char_file.o(.text)
    .text                                    0x08000478   Section        0  _printf_char_common.o(.text)
    _printf_input_char                       0x08000479   Thumb Code    10  _printf_char_common.o(.text)
    .text                                    0x080004a8   Section        0  ferror.o(.text)
    .text                                    0x080004b0   Section        0  initio.o(.text)
    .text                                    0x080005e8   Section        0  sys_io.o(.text)
    .text                                    0x0800064e   Section       74  sys_stackheap_outer.o(.text)
    .text                                    0x08000698   Section        0  h1_free.o(.text)
    .text                                    0x080006e6   Section        0  flsbuf.o(.text)
    .text                                    0x080008bc   Section        0  setvbuf.o(.text)
    .text                                    0x08000904   Section        0  fopen.o(.text)
    _freopen_locked                          0x08000905   Thumb Code     0  fopen.o(.text)
    .text                                    0x080009f0   Section        0  fclose.o(.text)
    .text                                    0x08000a3c   Section        0  exit.o(.text)
    .text                                    0x08000a4e   Section        0  defsig_rtred_outer.o(.text)
    .text                                    0x08000a5c   Section       78  rt_memclr_w.o(.text)
    .text                                    0x08000aac   Section        8  libspace.o(.text)
    .text                                    0x08000ab4   Section        2  use_no_semi.o(.text)
    .text                                    0x08000ab6   Section        0  indicate_semi.o(.text)
    .text                                    0x08000ab8   Section        8  rt_heap_descriptor_intlibspace.o(.text)
    .text                                    0x08000ac0   Section        0  hguard.o(.text)
    .text                                    0x08000ac4   Section        0  init_alloc.o(.text)
    .text                                    0x08000b4e   Section        0  h1_alloc.o(.text)
    .text                                    0x08000bac   Section        0  fseek.o(.text)
    .text                                    0x08000ca4   Section        0  stdio.o(.text)
    .text                                    0x08000d94   Section        0  defsig_exit.o(.text)
    .text                                    0x08000da0   Section        0  defsig_rtred_inner.o(.text)
    .text                                    0x08000dd4   Section        0  strlen.o(.text)
    .text                                    0x08000e14   Section        0  sys_exit.o(.text)
    .text                                    0x08000e20   Section        0  h1_init.o(.text)
    .text                                    0x08000e2e   Section        0  h1_extend.o(.text)
    .text                                    0x08000e62   Section        0  ftell.o(.text)
    .text                                    0x08000ea4   Section        0  defsig_general.o(.text)
    .text                                    0x08000ed6   Section        0  defsig_rtmem_outer.o(.text)
    .text                                    0x08000ee4   Section        0  sys_wrch.o(.text)
    .text                                    0x08000ef4   Section        8  rt_errno_addr_intlibspace.o(.text)
    .text                                    0x08000efc   Section        0  defsig_rtmem_inner.o(.text)
    i.BusFault_Handler                       0x08000f4c   Section        0  stm32f4xx_it.o(i.BusFault_Handler)
    i.DebugMon_Handler                       0x08000f50   Section        0  stm32f4xx_it.o(i.DebugMon_Handler)
    i.FMC_GetFlagStatus                      0x08000f54   Section        0  stm32f4xx_fmc.o(i.FMC_GetFlagStatus)
    i.FMC_SDRAMCmdConfig                     0x08000f9c   Section        0  stm32f4xx_fmc.o(i.FMC_SDRAMCmdConfig)
    i.FMC_SDRAMInit                          0x08000fbc   Section        0  stm32f4xx_fmc.o(i.FMC_SDRAMInit)
    i.FMC_SetRefreshCount                    0x08001100   Section        0  stm32f4xx_fmc.o(i.FMC_SetRefreshCount)
    i.GPIO_Init                              0x08001118   Section        0  stm32f4xx_gpio.o(i.GPIO_Init)
    i.GPIO_PinAFConfig                       0x080011a8   Section        0  stm32f4xx_gpio.o(i.GPIO_PinAFConfig)
    i.GPIO_ResetBits                         0x080011ee   Section        0  stm32f4xx_gpio.o(i.GPIO_ResetBits)
    i.GPIO_SetBits                           0x080011f2   Section        0  stm32f4xx_gpio.o(i.GPIO_SetBits)
    i.GPIO_WriteBit                          0x080011f6   Section        0  stm32f4xx_gpio.o(i.GPIO_WriteBit)
    i.HardFault_Handler                      0x08001200   Section        0  stm32f4xx_it.o(i.HardFault_Handler)
    i.LCD_AF_GPIOConfig                      0x08001204   Section        0  stm32f429i_discovery_lcd.o(i.LCD_AF_GPIOConfig)
    LCD_AF_GPIOConfig                        0x08001205   Thumb Code   334  stm32f429i_discovery_lcd.o(i.LCD_AF_GPIOConfig)
    i.LCD_ChipSelect                         0x0800136c   Section        0  stm32f429i_discovery_lcd.o(i.LCD_ChipSelect)
    i.LCD_Clear                              0x0800138c   Section        0  stm32f429i_discovery_lcd.o(i.LCD_Clear)
    i.LCD_CtrlLinesConfig                    0x080013ac   Section        0  stm32f429i_discovery_lcd.o(i.LCD_CtrlLinesConfig)
    i.LCD_CtrlLinesWrite                     0x080013fc   Section        0  stm32f429i_discovery_lcd.o(i.LCD_CtrlLinesWrite)
    i.LCD_DisplayOn                          0x08001410   Section        0  stm32f429i_discovery_lcd.o(i.LCD_DisplayOn)
    i.LCD_Init                               0x0800141a   Section        0  stm32f429i_discovery_lcd.o(i.LCD_Init)
    i.LCD_LayerInit                          0x080014b4   Section        0  stm32f429i_discovery_lcd.o(i.LCD_LayerInit)
    i.LCD_PowerOn                            0x08001558   Section        0  stm32f429i_discovery_lcd.o(i.LCD_PowerOn)
    i.LCD_SPIConfig                          0x080017e4   Section        0  stm32f429i_discovery_lcd.o(i.LCD_SPIConfig)
    i.LCD_SetBackColor                       0x080018b8   Section        0  stm32f429i_discovery_lcd.o(i.LCD_SetBackColor)
    i.LCD_SetFont                            0x080018c4   Section        0  stm32f429i_discovery_lcd.o(i.LCD_SetFont)
    i.LCD_SetLayer                           0x080018d0   Section        0  stm32f429i_discovery_lcd.o(i.LCD_SetLayer)
    i.LCD_SetTextColor                       0x080018fc   Section        0  stm32f429i_discovery_lcd.o(i.LCD_SetTextColor)
    i.LCD_WriteCommand                       0x08001908   Section        0  stm32f429i_discovery_lcd.o(i.LCD_WriteCommand)
    i.LCD_WriteData                          0x08001954   Section        0  stm32f429i_discovery_lcd.o(i.LCD_WriteData)
    i.LTDC_Cmd                               0x0800199c   Section        0  stm32f4xx_ltdc.o(i.LTDC_Cmd)
    i.LTDC_DitherCmd                         0x080019c0   Section        0  stm32f4xx_ltdc.o(i.LTDC_DitherCmd)
    i.LTDC_Init                              0x080019e4   Section        0  stm32f4xx_ltdc.o(i.LTDC_Init)
    i.LTDC_LayerCmd                          0x08001b6c   Section        0  stm32f4xx_ltdc.o(i.LTDC_LayerCmd)
    i.LTDC_LayerInit                         0x08001b82   Section        0  stm32f4xx_ltdc.o(i.LTDC_LayerInit)
    i.LTDC_ReloadConfig                      0x08001c98   Section        0  stm32f4xx_ltdc.o(i.LTDC_ReloadConfig)
    i.MemManage_Handler                      0x08001ca4   Section        0  stm32f4xx_it.o(i.MemManage_Handler)
    i.NMI_Handler                            0x08001ca8   Section        0  stm32f4xx_it.o(i.NMI_Handler)
    i.PendSV_Handler                         0x08001caa   Section        0  stm32f4xx_it.o(i.PendSV_Handler)
    i.RCC_AHB1PeriphClockCmd                 0x08001cac   Section        0  stm32f4xx_rcc.o(i.RCC_AHB1PeriphClockCmd)
    i.RCC_AHB3PeriphClockCmd                 0x08001ccc   Section        0  stm32f4xx_rcc.o(i.RCC_AHB3PeriphClockCmd)
    i.RCC_APB1PeriphResetCmd                 0x08001cec   Section        0  stm32f4xx_rcc.o(i.RCC_APB1PeriphResetCmd)
    i.RCC_APB2PeriphClockCmd                 0x08001d0c   Section        0  stm32f4xx_rcc.o(i.RCC_APB2PeriphClockCmd)
    i.RCC_APB2PeriphResetCmd                 0x08001d2c   Section        0  stm32f4xx_rcc.o(i.RCC_APB2PeriphResetCmd)
    i.RCC_GetFlagStatus                      0x08001d4c   Section        0  stm32f4xx_rcc.o(i.RCC_GetFlagStatus)
    i.RCC_LTDCCLKDivConfig                   0x08001d8c   Section        0  stm32f4xx_rcc.o(i.RCC_LTDCCLKDivConfig)
    i.RCC_PLLSAICmd                          0x08001da4   Section        0  stm32f4xx_rcc.o(i.RCC_PLLSAICmd)
    i.RCC_PLLSAIConfig                       0x08001db0   Section        0  stm32f4xx_rcc.o(i.RCC_PLLSAIConfig)
    i.SDRAM_GPIOConfig                       0x08001dc8   Section        0  stm32f429i_discovery_sdram.o(i.SDRAM_GPIOConfig)
    i.SDRAM_Init                             0x08001fcc   Section        0  stm32f429i_discovery_sdram.o(i.SDRAM_Init)
    i.SDRAM_InitSequence                     0x08002034   Section        0  stm32f429i_discovery_sdram.o(i.SDRAM_InitSequence)
    i.SPI_Cmd                                0x080020fc   Section        0  stm32f4xx_spi.o(i.SPI_Cmd)
    i.SPI_I2S_DeInit                         0x08002114   Section        0  stm32f4xx_spi.o(i.SPI_I2S_DeInit)
    i.SPI_I2S_GetFlagStatus                  0x080021c4   Section        0  stm32f4xx_spi.o(i.SPI_I2S_GetFlagStatus)
    i.SPI_I2S_SendData                       0x080021d6   Section        0  stm32f4xx_spi.o(i.SPI_I2S_SendData)
    i.SPI_Init                               0x080021da   Section        0  stm32f4xx_spi.o(i.SPI_Init)
    i.SVC_Handler                            0x08002216   Section        0  stm32f4xx_it.o(i.SVC_Handler)
    i.SetSysClock                            0x08002218   Section        0  system_stm32f4xx.o(i.SetSysClock)
    SetSysClock                              0x08002219   Thumb Code   274  system_stm32f4xx.o(i.SetSysClock)
    i.SysTickSet                             0x0800233c   Section        0  delay_ms.o(i.SysTickSet)
    i.SysTick_Handler                        0x080023b0   Section        0  stm32f4xx_it.o(i.SysTick_Handler)
    i.SystemCoreClockUpdate                  0x080023c0   Section        0  system_stm32f4xx.o(i.SystemCoreClockUpdate)
    i.SystemInit                             0x08002480   Section        0  system_stm32f4xx.o(i.SystemInit)
    i.UsageFault_Handler                     0x080024e8   Section        0  stm32f4xx_it.o(i.UsageFault_Handler)
    i.delay                                  0x080024ec   Section        0  stm32f429i_discovery_lcd.o(i.delay)
    delay                                    0x080024ed   Thumb Code    28  stm32f429i_discovery_lcd.o(i.delay)
    i.delay                                  0x08002508   Section        0  stm32f429i_discovery_sdram.o(i.delay)
    delay                                    0x08002509   Thumb Code    32  stm32f429i_discovery_sdram.o(i.delay)
    i.delay_ms                               0x0800252c   Section        0  delay_ms.o(i.delay_ms)
    i.fputc                                  0x08002590   Section        0  fputc.o(i.fputc)
    i.main                                   0x080025ac   Section        0  main.o(i.main)
    x$fpl$ddiv                               0x08002638   Section      688  ddiv.o(x$fpl$ddiv)
    $v0                                      0x08002638   Number         0  ddiv.o(x$fpl$ddiv)
    ddiv_entry                               0x0800263f   Thumb Code     0  ddiv.o(x$fpl$ddiv)
    x$fpl$dfix                               0x080028e8   Section       94  dfix.o(x$fpl$dfix)
    $v0                                      0x080028e8   Number         0  dfix.o(x$fpl$dfix)
    x$fpl$dfltu                              0x08002946   Section       38  dflt_clz.o(x$fpl$dfltu)
    $v0                                      0x08002946   Number         0  dflt_clz.o(x$fpl$dfltu)
    x$fpl$dmul                               0x0800296c   Section      340  dmul.o(x$fpl$dmul)
    $v0                                      0x0800296c   Number         0  dmul.o(x$fpl$dmul)
    x$fpl$dnaninf                            0x08002ac0   Section      156  dnaninf.o(x$fpl$dnaninf)
    $v0                                      0x08002ac0   Number         0  dnaninf.o(x$fpl$dnaninf)
    x$fpl$dretinf                            0x08002b5c   Section       12  dretinf.o(x$fpl$dretinf)
    $v0                                      0x08002b5c   Number         0  dretinf.o(x$fpl$dretinf)
    x$fpl$fpinit                             0x08002b68   Section       10  fpinit.o(x$fpl$fpinit)
    $v0                                      0x08002b68   Number         0  fpinit.o(x$fpl$fpinit)
    .constdata                               0x08002b72   Section    10704  stm32f429i_discovery_lcd.o(.constdata)
    x$fpl$usenofp                            0x08002b72   Section        0  usenofp.o(x$fpl$usenofp)
    .constdata                               0x08005542   Section       24  system_stm32f4xx.o(.constdata)
    .constdata                               0x0800555a   Section        4  sys_io.o(.constdata)
    .constdata                               0x0800555e   Section        4  sys_io.o(.constdata)
    .constdata                               0x08005562   Section        4  sys_io.o(.constdata)
    .data                                    0x20000000   Section       48  stm32f429i_discovery_lcd.o(.data)
    LCD_Currentfonts                         0x20000020   Data           4  stm32f429i_discovery_lcd.o(.data)
    CurrentTextColor                         0x20000024   Data           2  stm32f429i_discovery_lcd.o(.data)
    CurrentBackColor                         0x20000026   Data           2  stm32f429i_discovery_lcd.o(.data)
    CurrentFrameBuffer                       0x20000028   Data           4  stm32f429i_discovery_lcd.o(.data)
    CurrentLayer                             0x2000002c   Data           4  stm32f429i_discovery_lcd.o(.data)
    .data                                    0x20000030   Section        4  stm32f4xx_it.o(.data)
    .data                                    0x20000034   Section        4  system_stm32f4xx.o(.data)
    .data                                    0x20000038   Section        2  lcd_tft.o(.data)
    .data                                    0x2000003c   Section        4  stdio_streams.o(.data)
    .data                                    0x20000040   Section        4  stdio_streams.o(.data)
    .data                                    0x20000044   Section        4  stdio_streams.o(.data)
    .bss                                     0x20000048   Section       84  stdio_streams.o(.bss)
    .bss                                     0x2000009c   Section       84  stdio_streams.o(.bss)
    .bss                                     0x200000f0   Section       84  stdio_streams.o(.bss)
    .bss                                     0x20000144   Section       96  libspace.o(.bss)
    HEAP                                     0x200001a8   Section      512  startup_stm32f429_439xx.o(HEAP)
    Heap_Mem                                 0x200001a8   Data         512  startup_stm32f429_439xx.o(HEAP)
    STACK                                    0x200003a8   Section     1024  startup_stm32f429_439xx.o(STACK)
    Stack_Mem                                0x200003a8   Data        1024  startup_stm32f429_439xx.o(STACK)
    __initial_sp                             0x200007a8   Data           0  startup_stm32f429_439xx.o(STACK)

    Global Symbols

    Symbol Name                              Value     Ov Type        Size  Object(Section)

    BuildAttributes$$THM_ISAv4$E$P$D$K$B$S$7EM$VFPi3$EXTD16$VFPS$VFMA$PE$A:L22UL41UL21$X:L11$S22US41US21$IEEE1$IW$USESV6$~STKCKD$USESV7$~SHL$OTIME$ROPI$EBA8$UX$STANDARDLIB$REQ8$PRES8$EABIv2 0x00000000   Number         0  anon$$obj.o ABSOLUTE
    __ARM_use_no_argv                        0x00000000   Number         0  main.o ABSOLUTE
    __ARM_exceptions_init                     - Undefined Weak Reference
    __alloca_initialize                       - Undefined Weak Reference
    __arm_fini_                               - Undefined Weak Reference
    __arm_preinit_                            - Undefined Weak Reference
    __cpp_initialize__aeabi_                  - Undefined Weak Reference
    __cxa_finalize                            - Undefined Weak Reference
    __rt_locale                               - Undefined Weak Reference
    __sigvec_lookup                           - Undefined Weak Reference
    __user_heap_extent                        - Undefined Weak Reference
    _atexit_init                              - Undefined Weak Reference
    _call_atexit_fns                          - Undefined Weak Reference
    _clock_init                               - Undefined Weak Reference
    _fp_trap_init                             - Undefined Weak Reference
    _fp_trap_shutdown                         - Undefined Weak Reference
    _get_lc_collate                           - Undefined Weak Reference
    _get_lc_ctype                             - Undefined Weak Reference
    _get_lc_monetary                          - Undefined Weak Reference
    _get_lc_numeric                           - Undefined Weak Reference
    _get_lc_time                              - Undefined Weak Reference
    _getenv_init                              - Undefined Weak Reference
    _handle_redirection                       - Undefined Weak Reference
    _mutex_acquire                            - Undefined Weak Reference
    _mutex_free                               - Undefined Weak Reference
    _mutex_release                            - Undefined Weak Reference
    _printf_post_padding                      - Undefined Weak Reference
    _printf_pre_padding                       - Undefined Weak Reference
    _printf_truncate_signed                   - Undefined Weak Reference
    _printf_truncate_unsigned                 - Undefined Weak Reference
    _rand_init                                - Undefined Weak Reference
    _signal_finish                            - Undefined Weak Reference
    _signal_init                              - Undefined Weak Reference
    __Vectors_Size                           0x000001ac   Number         0  startup_stm32f429_439xx.o ABSOLUTE
    __Vectors                                0x08000000   Data           4  startup_stm32f429_439xx.o(RESET)
    __Vectors_End                            0x080001ac   Data           0  startup_stm32f429_439xx.o(RESET)
    __main                                   0x080001ad   Thumb Code     8  __main.o(!!!main)
    __scatterload                            0x080001b5   Thumb Code     0  __scatter.o(!!!scatter)
    __scatterload_rt2                        0x080001b5   Thumb Code    44  __scatter.o(!!!scatter)
    __scatterload_rt2_thumb_only             0x080001b5   Thumb Code     0  __scatter.o(!!!scatter)
    __scatterload_null                       0x080001c3   Thumb Code     0  __scatter.o(!!!scatter)
    __scatterload_copy                       0x080001e9   Thumb Code    26  __scatter_copy.o(!!handler_copy)
    __scatterload_zeroinit                   0x08000205   Thumb Code    28  __scatter_zi.o(!!handler_zi)
    _printf_d                                0x08000221   Thumb Code     0  _printf_d.o(.ARM.Collect$$_printf_percent$$00000009)
    _printf_percent                          0x08000221   Thumb Code     0  _printf_percent.o(.ARM.Collect$$_printf_percent$$00000000)
    _printf_percent_end                      0x08000227   Thumb Code     0  _printf_percent_end.o(.ARM.Collect$$_printf_percent$$00000017)
    __rt_lib_init                            0x0800022b   Thumb Code     0  libinit.o(.ARM.Collect$$libinit$$00000000)
    __rt_lib_init_fp_1                       0x0800022d   Thumb Code     0  libinit2.o(.ARM.Collect$$libinit$$00000001)
    __rt_lib_init_heap_2                     0x08000231   Thumb Code     0  libinit2.o(.ARM.Collect$$libinit$$00000005)
    __rt_lib_init_preinit_1                  0x08000231   Thumb Code     0  libinit2.o(.ARM.Collect$$libinit$$00000004)
    __rt_lib_init_atexit_1                   0x08000239   Thumb Code     0  libinit2.o(.ARM.Collect$$libinit$$0000001B)
    __rt_lib_init_clock_1                    0x08000239   Thumb Code     0  libinit2.o(.ARM.Collect$$libinit$$00000021)
    __rt_lib_init_fp_trap_1                  0x08000239   Thumb Code     0  libinit2.o(.ARM.Collect$$libinit$$0000001F)
    __rt_lib_init_getenv_1                   0x08000239   Thumb Code     0  libinit2.o(.ARM.Collect$$libinit$$00000023)
    __rt_lib_init_heap_1                     0x08000239   Thumb Code     0  libinit2.o(.ARM.Collect$$libinit$$0000000A)
    __rt_lib_init_lc_collate_1               0x08000239   Thumb Code     0  libinit2.o(.ARM.Collect$$libinit$$00000011)
    __rt_lib_init_lc_ctype_1                 0x08000239   Thumb Code     0  libinit2.o(.ARM.Collect$$libinit$$00000013)
    __rt_lib_init_lc_monetary_1              0x08000239   Thumb Code     0  libinit2.o(.ARM.Collect$$libinit$$00000015)
    __rt_lib_init_lc_numeric_1               0x08000239   Thumb Code     0  libinit2.o(.ARM.Collect$$libinit$$00000017)
    __rt_lib_init_lc_time_1                  0x08000239   Thumb Code     0  libinit2.o(.ARM.Collect$$libinit$$00000019)
    __rt_lib_init_rand_1                     0x08000239   Thumb Code     0  libinit2.o(.ARM.Collect$$libinit$$0000000E)
    __rt_lib_init_signal_1                   0x08000239   Thumb Code     0  libinit2.o(.ARM.Collect$$libinit$$0000001D)
    __rt_lib_init_stdio_2                    0x08000239   Thumb Code     0  libinit2.o(.ARM.Collect$$libinit$$00000024)
    __rt_lib_init_user_alloc_1               0x08000239   Thumb Code     0  libinit2.o(.ARM.Collect$$libinit$$0000000C)
    __rt_lib_init_alloca_1                   0x0800023d   Thumb Code     0  libinit2.o(.ARM.Collect$$libinit$$0000002E)
    __rt_lib_init_argv_1                     0x0800023d   Thumb Code     0  libinit2.o(.ARM.Collect$$libinit$$0000002C)
    __rt_lib_init_cpp_1                      0x0800023d   Thumb Code     0  libinit2.o(.ARM.Collect$$libinit$$00000032)
    __rt_lib_init_exceptions_1               0x0800023d   Thumb Code     0  libinit2.o(.ARM.Collect$$libinit$$00000030)
    __rt_lib_init_return                     0x0800023d   Thumb Code     0  libinit2.o(.ARM.Collect$$libinit$$00000033)
    __rt_lib_init_stdio_1                    0x0800023d   Thumb Code     0  libinit2.o(.ARM.Collect$$libinit$$00000025)
    __rt_lib_shutdown                        0x0800023f   Thumb Code     0  libshutdown.o(.ARM.Collect$$libshutdown$$00000000)
    __rt_lib_shutdown_cpp_1                  0x08000241   Thumb Code     0  libshutdown2.o(.ARM.Collect$$libshutdown$$00000004)
    __rt_lib_shutdown_fini_1                 0x08000241   Thumb Code     0  libshutdown2.o(.ARM.Collect$$libshutdown$$00000002)
    __rt_lib_shutdown_stdio_2                0x08000241   Thumb Code     0  libshutdown2.o(.ARM.Collect$$libshutdown$$00000005)
    __rt_lib_shutdown_fp_trap_1              0x08000245   Thumb Code     0  libshutdown2.o(.ARM.Collect$$libshutdown$$00000009)
    __rt_lib_shutdown_heap_1                 0x08000245   Thumb Code     0  libshutdown2.o(.ARM.Collect$$libshutdown$$00000011)
    __rt_lib_shutdown_return                 0x08000245   Thumb Code     0  libshutdown2.o(.ARM.Collect$$libshutdown$$00000012)
    __rt_lib_shutdown_signal_1               0x08000245   Thumb Code     0  libshutdown2.o(.ARM.Collect$$libshutdown$$0000000C)
    __rt_lib_shutdown_stdio_1                0x08000245   Thumb Code     0  libshutdown2.o(.ARM.Collect$$libshutdown$$00000006)
    __rt_lib_shutdown_user_alloc_1           0x08000245   Thumb Code     0  libshutdown2.o(.ARM.Collect$$libshutdown$$0000000E)
    __rt_entry                               0x08000247   Thumb Code     0  __rtentry.o(.ARM.Collect$$rtentry$$00000000)
    __rt_entry_presh_1                       0x08000247   Thumb Code     0  __rtentry2.o(.ARM.Collect$$rtentry$$00000002)
    __rt_entry_sh                            0x08000247   Thumb Code     0  __rtentry4.o(.ARM.Collect$$rtentry$$00000004)
    __rt_entry_li                            0x0800024d   Thumb Code     0  __rtentry2.o(.ARM.Collect$$rtentry$$0000000A)
    __rt_entry_postsh_1                      0x0800024d   Thumb Code     0  __rtentry2.o(.ARM.Collect$$rtentry$$00000009)
    __rt_entry_main                          0x08000251   Thumb Code     0  __rtentry2.o(.ARM.Collect$$rtentry$$0000000D)
    __rt_entry_postli_1                      0x08000251   Thumb Code     0  __rtentry2.o(.ARM.Collect$$rtentry$$0000000C)
    __rt_exit                                0x08000259   Thumb Code     0  rtexit.o(.ARM.Collect$$rtexit$$00000000)
    __rt_exit_ls                             0x0800025b   Thumb Code     0  rtexit2.o(.ARM.Collect$$rtexit$$00000003)
    __rt_exit_prels_1                        0x0800025b   Thumb Code     0  rtexit2.o(.ARM.Collect$$rtexit$$00000002)
    __rt_exit_exit                           0x0800025f   Thumb Code     0  rtexit2.o(.ARM.Collect$$rtexit$$00000004)
    Reset_Handler                            0x08000265   Thumb Code     8  startup_stm32f429_439xx.o(.text)
    _maybe_terminate_alloc                   0x08000265   Thumb Code     0  maybetermalloc1.o(.emb_text)
    ADC_IRQHandler                           0x0800027f   Thumb Code     0  startup_stm32f429_439xx.o(.text)
    CAN1_RX0_IRQHandler                      0x0800027f   Thumb Code     0  startup_stm32f429_439xx.o(.text)
    CAN1_RX1_IRQHandler                      0x0800027f   Thumb Code     0  startup_stm32f429_439xx.o(.text)
    CAN1_SCE_IRQHandler                      0x0800027f   Thumb Code     0  startup_stm32f429_439xx.o(.text)
    CAN1_TX_IRQHandler                       0x0800027f   Thumb Code     0  startup_stm32f429_439xx.o(.text)
    CAN2_RX0_IRQHandler                      0x0800027f   Thumb Code     0  startup_stm32f429_439xx.o(.text)
    CAN2_RX1_IRQHandler                      0x0800027f   Thumb Code     0  startup_stm32f429_439xx.o(.text)
    CAN2_SCE_IRQHandler                      0x0800027f   Thumb Code     0  startup_stm32f429_439xx.o(.text)
    CAN2_TX_IRQHandler                       0x0800027f   Thumb Code     0  startup_stm32f429_439xx.o(.text)
    CRYP_IRQHandler                          0x0800027f   Thumb Code     0  startup_stm32f429_439xx.o(.text)
    DCMI_IRQHandler                          0x0800027f   Thumb Code     0  startup_stm32f429_439xx.o(.text)
    DMA1_Stream0_IRQHandler                  0x0800027f   Thumb Code     0  startup_stm32f429_439xx.o(.text)
    DMA1_Stream1_IRQHandler                  0x0800027f   Thumb Code     0  startup_stm32f429_439xx.o(.text)
    DMA1_Stream2_IRQHandler                  0x0800027f   Thumb Code     0  startup_stm32f429_439xx.o(.text)
    DMA1_Stream3_IRQHandler                  0x0800027f   Thumb Code     0  startup_stm32f429_439xx.o(.text)
    DMA1_Stream4_IRQHandler                  0x0800027f   Thumb Code     0  startup_stm32f429_439xx.o(.text)
    DMA1_Stream5_IRQHandler                  0x0800027f   Thumb Code     0  startup_stm32f429_439xx.o(.text)
    DMA1_Stream6_IRQHandler                  0x0800027f   Thumb Code     0  startup_stm32f429_439xx.o(.text)
    DMA1_Stream7_IRQHandler                  0x0800027f   Thumb Code     0  startup_stm32f429_439xx.o(.text)
    DMA2D_IRQHandler                         0x0800027f   Thumb Code     0  startup_stm32f429_439xx.o(.text)
    DMA2_Stream0_IRQHandler                  0x0800027f   Thumb Code     0  startup_stm32f429_439xx.o(.text)
    DMA2_Stream1_IRQHandler                  0x0800027f   Thumb Code     0  startup_stm32f429_439xx.o(.text)
    DMA2_Stream2_IRQHandler                  0x0800027f   Thumb Code     0  startup_stm32f429_439xx.o(.text)
    DMA2_Stream3_IRQHandler                  0x0800027f   Thumb Code     0  startup_stm32f429_439xx.o(.text)
    DMA2_Stream4_IRQHandler                  0x0800027f   Thumb Code     0  startup_stm32f429_439xx.o(.text)
    DMA2_Stream5_IRQHandler                  0x0800027f   Thumb Code     0  startup_stm32f429_439xx.o(.text)
    DMA2_Stream6_IRQHandler                  0x0800027f   Thumb Code     0  startup_stm32f429_439xx.o(.text)
    DMA2_Stream7_IRQHandler                  0x0800027f   Thumb Code     0  startup_stm32f429_439xx.o(.text)
    ETH_IRQHandler                           0x0800027f   Thumb Code     0  startup_stm32f429_439xx.o(.text)
    ETH_WKUP_IRQHandler                      0x0800027f   Thumb Code     0  startup_stm32f429_439xx.o(.text)
    EXTI0_IRQHandler                         0x0800027f   Thumb Code     0  startup_stm32f429_439xx.o(.text)
    EXTI15_10_IRQHandler                     0x0800027f   Thumb Code     0  startup_stm32f429_439xx.o(.text)
    EXTI1_IRQHandler                         0x0800027f   Thumb Code     0  startup_stm32f429_439xx.o(.text)
    EXTI2_IRQHandler                         0x0800027f   Thumb Code     0  startup_stm32f429_439xx.o(.text)
    EXTI3_IRQHandler                         0x0800027f   Thumb Code     0  startup_stm32f429_439xx.o(.text)
    EXTI4_IRQHandler                         0x0800027f   Thumb Code     0  startup_stm32f429_439xx.o(.text)
    EXTI9_5_IRQHandler                       0x0800027f   Thumb Code     0  startup_stm32f429_439xx.o(.text)
    FLASH_IRQHandler                         0x0800027f   Thumb Code     0  startup_stm32f429_439xx.o(.text)
    FMC_IRQHandler                           0x0800027f   Thumb Code     0  startup_stm32f429_439xx.o(.text)
    FPU_IRQHandler                           0x0800027f   Thumb Code     0  startup_stm32f429_439xx.o(.text)
    HASH_RNG_IRQHandler                      0x0800027f   Thumb Code     0  startup_stm32f429_439xx.o(.text)
    I2C1_ER_IRQHandler                       0x0800027f   Thumb Code     0  startup_stm32f429_439xx.o(.text)
    I2C1_EV_IRQHandler                       0x0800027f   Thumb Code     0  startup_stm32f429_439xx.o(.text)
    I2C2_ER_IRQHandler                       0x0800027f   Thumb Code     0  startup_stm32f429_439xx.o(.text)
    I2C2_EV_IRQHandler                       0x0800027f   Thumb Code     0  startup_stm32f429_439xx.o(.text)
    I2C3_ER_IRQHandler                       0x0800027f   Thumb Code     0  startup_stm32f429_439xx.o(.text)
    I2C3_EV_IRQHandler                       0x0800027f   Thumb Code     0  startup_stm32f429_439xx.o(.text)
    LTDC_ER_IRQHandler                       0x0800027f   Thumb Code     0  startup_stm32f429_439xx.o(.text)
    LTDC_IRQHandler                          0x0800027f   Thumb Code     0  startup_stm32f429_439xx.o(.text)
    OTG_FS_IRQHandler                        0x0800027f   Thumb Code     0  startup_stm32f429_439xx.o(.text)
    OTG_FS_WKUP_IRQHandler                   0x0800027f   Thumb Code     0  startup_stm32f429_439xx.o(.text)
    OTG_HS_EP1_IN_IRQHandler                 0x0800027f   Thumb Code     0  startup_stm32f429_439xx.o(.text)
    OTG_HS_EP1_OUT_IRQHandler                0x0800027f   Thumb Code     0  startup_stm32f429_439xx.o(.text)
    OTG_HS_IRQHandler                        0x0800027f   Thumb Code     0  startup_stm32f429_439xx.o(.text)
    OTG_HS_WKUP_IRQHandler                   0x0800027f   Thumb Code     0  startup_stm32f429_439xx.o(.text)
    PVD_IRQHandler                           0x0800027f   Thumb Code     0  startup_stm32f429_439xx.o(.text)
    RCC_IRQHandler                           0x0800027f   Thumb Code     0  startup_stm32f429_439xx.o(.text)
    RTC_Alarm_IRQHandler                     0x0800027f   Thumb Code     0  startup_stm32f429_439xx.o(.text)
    RTC_WKUP_IRQHandler                      0x0800027f   Thumb Code     0  startup_stm32f429_439xx.o(.text)
    SAI1_IRQHandler                          0x0800027f   Thumb Code     0  startup_stm32f429_439xx.o(.text)
    SDIO_IRQHandler                          0x0800027f   Thumb Code     0  startup_stm32f429_439xx.o(.text)
    SPI1_IRQHandler                          0x0800027f   Thumb Code     0  startup_stm32f429_439xx.o(.text)
    SPI2_IRQHandler                          0x0800027f   Thumb Code     0  startup_stm32f429_439xx.o(.text)
    SPI3_IRQHandler                          0x0800027f   Thumb Code     0  startup_stm32f429_439xx.o(.text)
    SPI4_IRQHandler                          0x0800027f   Thumb Code     0  startup_stm32f429_439xx.o(.text)
    SPI5_IRQHandler                          0x0800027f   Thumb Code     0  startup_stm32f429_439xx.o(.text)
    SPI6_IRQHandler                          0x0800027f   Thumb Code     0  startup_stm32f429_439xx.o(.text)
    TAMP_STAMP_IRQHandler                    0x0800027f   Thumb Code     0  startup_stm32f429_439xx.o(.text)
    TIM1_BRK_TIM9_IRQHandler                 0x0800027f   Thumb Code     0  startup_stm32f429_439xx.o(.text)
    TIM1_CC_IRQHandler                       0x0800027f   Thumb Code     0  startup_stm32f429_439xx.o(.text)
    TIM1_TRG_COM_TIM11_IRQHandler            0x0800027f   Thumb Code     0  startup_stm32f429_439xx.o(.text)
    TIM1_UP_TIM10_IRQHandler                 0x0800027f   Thumb Code     0  startup_stm32f429_439xx.o(.text)
    TIM2_IRQHandler                          0x0800027f   Thumb Code     0  startup_stm32f429_439xx.o(.text)
    TIM3_IRQHandler                          0x0800027f   Thumb Code     0  startup_stm32f429_439xx.o(.text)
    TIM4_IRQHandler                          0x0800027f   Thumb Code     0  startup_stm32f429_439xx.o(.text)
    TIM5_IRQHandler                          0x0800027f   Thumb Code     0  startup_stm32f429_439xx.o(.text)
    TIM6_DAC_IRQHandler                      0x0800027f   Thumb Code     0  startup_stm32f429_439xx.o(.text)
    TIM7_IRQHandler                          0x0800027f   Thumb Code     0  startup_stm32f429_439xx.o(.text)
    TIM8_BRK_TIM12_IRQHandler                0x0800027f   Thumb Code     0  startup_stm32f429_439xx.o(.text)
    TIM8_CC_IRQHandler                       0x0800027f   Thumb Code     0  startup_stm32f429_439xx.o(.text)
    TIM8_TRG_COM_TIM14_IRQHandler            0x0800027f   Thumb Code     0  startup_stm32f429_439xx.o(.text)
    TIM8_UP_TIM13_IRQHandler                 0x0800027f   Thumb Code     0  startup_stm32f429_439xx.o(.text)
    UART4_IRQHandler                         0x0800027f   Thumb Code     0  startup_stm32f429_439xx.o(.text)
    UART5_IRQHandler                         0x0800027f   Thumb Code     0  startup_stm32f429_439xx.o(.text)
    UART7_IRQHandler                         0x0800027f   Thumb Code     0  startup_stm32f429_439xx.o(.text)
    UART8_IRQHandler                         0x0800027f   Thumb Code     0  startup_stm32f429_439xx.o(.text)
    USART1_IRQHandler                        0x0800027f   Thumb Code     0  startup_stm32f429_439xx.o(.text)
    USART2_IRQHandler                        0x0800027f   Thumb Code     0  startup_stm32f429_439xx.o(.text)
    USART3_IRQHandler                        0x0800027f   Thumb Code     0  startup_stm32f429_439xx.o(.text)
    USART6_IRQHandler                        0x0800027f   Thumb Code     0  startup_stm32f429_439xx.o(.text)
    WWDG_IRQHandler                          0x0800027f   Thumb Code     0  startup_stm32f429_439xx.o(.text)
    __user_initial_stackheap                 0x08000281   Thumb Code     0  startup_stm32f429_439xx.o(.text)
    __2printf                                0x080002a5   Thumb Code    20  noretval__2printf.o(.text)
    __printf                                 0x080002bd   Thumb Code   104  __printf.o(.text)
    _printf_int_dec                          0x08000325   Thumb Code   104  _printf_dec.o(.text)
    __use_two_region_memory                  0x0800039d   Thumb Code     2  heapauxi.o(.text)
    __rt_heap_escrow                         0x0800039f   Thumb Code     2  heapauxi.o(.text)
    __rt_heap_expand                         0x080003a1   Thumb Code     2  heapauxi.o(.text)
    _printf_int_common                       0x080003a3   Thumb Code   178  _printf_intcommon.o(.text)
    _printf_char_file                        0x08000455   Thumb Code    32  _printf_char_file.o(.text)
    _printf_char_common                      0x08000483   Thumb Code    32  _printf_char_common.o(.text)
    ferror                                   0x080004a9   Thumb Code     8  ferror.o(.text)
    _initio                                  0x080004b1   Thumb Code   210  initio.o(.text)
    _terminateio                             0x08000583   Thumb Code    56  initio.o(.text)
    _sys_open                                0x080005e9   Thumb Code    20  sys_io.o(.text)
    _sys_close                               0x080005fd   Thumb Code    12  sys_io.o(.text)
    _sys_write                               0x08000609   Thumb Code    16  sys_io.o(.text)
    _sys_read                                0x08000619   Thumb Code    14  sys_io.o(.text)
    _sys_istty                               0x08000627   Thumb Code    12  sys_io.o(.text)
    _sys_seek                                0x08000633   Thumb Code    14  sys_io.o(.text)
    _sys_ensure                              0x08000641   Thumb Code     2  sys_io.o(.text)
    _sys_flen                                0x08000643   Thumb Code    12  sys_io.o(.text)
    __user_setup_stackheap                   0x0800064f   Thumb Code    74  sys_stackheap_outer.o(.text)
    free                                     0x08000699   Thumb Code    78  h1_free.o(.text)
    __flsbuf                                 0x080006e7   Thumb Code   470  flsbuf.o(.text)
    __flsbuf_byte                            0x080006e7   Thumb Code     0  flsbuf.o(.text)
    __flsbuf_wide                            0x080006e7   Thumb Code     0  flsbuf.o(.text)
    setvbuf                                  0x080008bd   Thumb Code    70  setvbuf.o(.text)
    freopen                                  0x08000905   Thumb Code   158  fopen.o(.text)
    fopen                                    0x080009a3   Thumb Code    74  fopen.o(.text)
    _fclose_internal                         0x080009f1   Thumb Code    76  fclose.o(.text)
    fclose                                   0x080009f1   Thumb Code     0  fclose.o(.text)
    exit                                     0x08000a3d   Thumb Code    18  exit.o(.text)
    __rt_SIGRTRED                            0x08000a4f   Thumb Code    14  defsig_rtred_outer.o(.text)
    __aeabi_memclr4                          0x08000a5d   Thumb Code     0  rt_memclr_w.o(.text)
    __aeabi_memclr8                          0x08000a5d   Thumb Code     0  rt_memclr_w.o(.text)
    __rt_memclr_w                            0x08000a5d   Thumb Code    78  rt_memclr_w.o(.text)
    _memset_w                                0x08000a61   Thumb Code     0  rt_memclr_w.o(.text)
    __user_libspace                          0x08000aad   Thumb Code     8  libspace.o(.text)
    __user_perproc_libspace                  0x08000aad   Thumb Code     0  libspace.o(.text)
    __user_perthread_libspace                0x08000aad   Thumb Code     0  libspace.o(.text)
    __I$use$semihosting                      0x08000ab5   Thumb Code     0  use_no_semi.o(.text)
    __use_no_semihosting_swi                 0x08000ab5   Thumb Code     2  use_no_semi.o(.text)
    __semihosting_library_function           0x08000ab7   Thumb Code     0  indicate_semi.o(.text)
    __rt_heap_descriptor                     0x08000ab9   Thumb Code     8  rt_heap_descriptor_intlibspace.o(.text)
    __use_no_heap                            0x08000ac1   Thumb Code     2  hguard.o(.text)
    __heap$guard                             0x08000ac3   Thumb Code     2  hguard.o(.text)
    _terminate_user_alloc                    0x08000ac5   Thumb Code     2  init_alloc.o(.text)
    _init_user_alloc                         0x08000ac7   Thumb Code     2  init_alloc.o(.text)
    __Heap_Full                              0x08000ac9   Thumb Code    34  init_alloc.o(.text)
    __Heap_Broken                            0x08000aeb   Thumb Code     6  init_alloc.o(.text)
    _init_alloc                              0x08000af1   Thumb Code    94  init_alloc.o(.text)
    malloc                                   0x08000b4f   Thumb Code    94  h1_alloc.o(.text)
    _fseek                                   0x08000bad   Thumb Code   242  fseek.o(.text)
    fseek                                    0x08000bad   Thumb Code     0  fseek.o(.text)
    _seterr                                  0x08000ca5   Thumb Code    20  stdio.o(.text)
    _writebuf                                0x08000cb9   Thumb Code    84  stdio.o(.text)
    _fflush                                  0x08000d0d   Thumb Code    70  stdio.o(.text)
    _deferredlazyseek                        0x08000d53   Thumb Code    60  stdio.o(.text)
    __sig_exit                               0x08000d95   Thumb Code    10  defsig_exit.o(.text)
    __rt_SIGRTRED_inner                      0x08000da1   Thumb Code    14  defsig_rtred_inner.o(.text)
    strlen                                   0x08000dd5   Thumb Code    62  strlen.o(.text)
    _sys_exit                                0x08000e15   Thumb Code     8  sys_exit.o(.text)
    __Heap_Initialize                        0x08000e21   Thumb Code    10  h1_init.o(.text)
    __Heap_DescSize                          0x08000e2b   Thumb Code     4  h1_init.o(.text)
    __Heap_ProvideMemory                     0x08000e2f   Thumb Code    52  h1_extend.o(.text)
    _ftell_internal                          0x08000e63   Thumb Code    66  ftell.o(.text)
    ftell                                    0x08000e63   Thumb Code     0  ftell.o(.text)
    __default_signal_display                 0x08000ea5   Thumb Code    50  defsig_general.o(.text)
    __rt_SIGRTMEM                            0x08000ed7   Thumb Code    14  defsig_rtmem_outer.o(.text)
    _ttywrch                                 0x08000ee5   Thumb Code    14  sys_wrch.o(.text)
    __aeabi_errno_addr                       0x08000ef5   Thumb Code     8  rt_errno_addr_intlibspace.o(.text)
    __errno$intlibspace                      0x08000ef5   Thumb Code     0  rt_errno_addr_intlibspace.o(.text)
    __rt_errno_addr$intlibspace              0x08000ef5   Thumb Code     0  rt_errno_addr_intlibspace.o(.text)
    __rt_SIGRTMEM_inner                      0x08000efd   Thumb Code    22  defsig_rtmem_inner.o(.text)
    BusFault_Handler                         0x08000f4d   Thumb Code     4  stm32f4xx_it.o(i.BusFault_Handler)
    DebugMon_Handler                         0x08000f51   Thumb Code     2  stm32f4xx_it.o(i.DebugMon_Handler)
    FMC_GetFlagStatus                        0x08000f55   Thumb Code    68  stm32f4xx_fmc.o(i.FMC_GetFlagStatus)
    FMC_SDRAMCmdConfig                       0x08000f9d   Thumb Code    28  stm32f4xx_fmc.o(i.FMC_SDRAMCmdConfig)
    FMC_SDRAMInit                            0x08000fbd   Thumb Code   318  stm32f4xx_fmc.o(i.FMC_SDRAMInit)
    FMC_SetRefreshCount                      0x08001101   Thumb Code    18  stm32f4xx_fmc.o(i.FMC_SetRefreshCount)
    GPIO_Init                                0x08001119   Thumb Code   144  stm32f4xx_gpio.o(i.GPIO_Init)
    GPIO_PinAFConfig                         0x080011a9   Thumb Code    70  stm32f4xx_gpio.o(i.GPIO_PinAFConfig)
    GPIO_ResetBits                           0x080011ef   Thumb Code     4  stm32f4xx_gpio.o(i.GPIO_ResetBits)
    GPIO_SetBits                             0x080011f3   Thumb Code     4  stm32f4xx_gpio.o(i.GPIO_SetBits)
    GPIO_WriteBit                            0x080011f7   Thumb Code    10  stm32f4xx_gpio.o(i.GPIO_WriteBit)
    HardFault_Handler                        0x08001201   Thumb Code     4  stm32f4xx_it.o(i.HardFault_Handler)
    LCD_ChipSelect                           0x0800136d   Thumb Code    26  stm32f429i_discovery_lcd.o(i.LCD_ChipSelect)
    LCD_Clear                                0x0800138d   Thumb Code    26  stm32f429i_discovery_lcd.o(i.LCD_Clear)
    LCD_CtrlLinesConfig                      0x080013ad   Thumb Code    70  stm32f429i_discovery_lcd.o(i.LCD_CtrlLinesConfig)
    LCD_CtrlLinesWrite                       0x080013fd   Thumb Code    20  stm32f429i_discovery_lcd.o(i.LCD_CtrlLinesWrite)
    LCD_DisplayOn                            0x08001411   Thumb Code    10  stm32f429i_discovery_lcd.o(i.LCD_DisplayOn)
    LCD_Init                                 0x0800141b   Thumb Code   154  stm32f429i_discovery_lcd.o(i.LCD_Init)
    LCD_LayerInit                            0x080014b5   Thumb Code   152  stm32f429i_discovery_lcd.o(i.LCD_LayerInit)
    LCD_PowerOn                              0x08001559   Thumb Code   652  stm32f429i_discovery_lcd.o(i.LCD_PowerOn)
    LCD_SPIConfig                            0x080017e5   Thumb Code   204  stm32f429i_discovery_lcd.o(i.LCD_SPIConfig)
    LCD_SetBackColor                         0x080018b9   Thumb Code     6  stm32f429i_discovery_lcd.o(i.LCD_SetBackColor)
    LCD_SetFont                              0x080018c5   Thumb Code     6  stm32f429i_discovery_lcd.o(i.LCD_SetFont)
    LCD_SetLayer                             0x080018d1   Thumb Code    32  stm32f429i_discovery_lcd.o(i.LCD_SetLayer)
    LCD_SetTextColor                         0x080018fd   Thumb Code     6  stm32f429i_discovery_lcd.o(i.LCD_SetTextColor)
    LCD_WriteCommand                         0x08001909   Thumb Code    66  stm32f429i_discovery_lcd.o(i.LCD_WriteCommand)
    LCD_WriteData                            0x08001955   Thumb Code    64  stm32f429i_discovery_lcd.o(i.LCD_WriteData)
    LTDC_Cmd                                 0x0800199d   Thumb Code    30  stm32f4xx_ltdc.o(i.LTDC_Cmd)
    LTDC_DitherCmd                           0x080019c1   Thumb Code    30  stm32f4xx_ltdc.o(i.LTDC_DitherCmd)
    LTDC_Init                                0x080019e5   Thumb Code   378  stm32f4xx_ltdc.o(i.LTDC_Init)
    LTDC_LayerCmd                            0x08001b6d   Thumb Code    22  stm32f4xx_ltdc.o(i.LTDC_LayerCmd)
    LTDC_LayerInit                           0x08001b83   Thumb Code   276  stm32f4xx_ltdc.o(i.LTDC_LayerInit)
    LTDC_ReloadConfig                        0x08001c99   Thumb Code     6  stm32f4xx_ltdc.o(i.LTDC_ReloadConfig)
    MemManage_Handler                        0x08001ca5   Thumb Code     4  stm32f4xx_it.o(i.MemManage_Handler)
    NMI_Handler                              0x08001ca9   Thumb Code     2  stm32f4xx_it.o(i.NMI_Handler)
    PendSV_Handler                           0x08001cab   Thumb Code     2  stm32f4xx_it.o(i.PendSV_Handler)
    RCC_AHB1PeriphClockCmd                   0x08001cad   Thumb Code    26  stm32f4xx_rcc.o(i.RCC_AHB1PeriphClockCmd)
    RCC_AHB3PeriphClockCmd                   0x08001ccd   Thumb Code    26  stm32f4xx_rcc.o(i.RCC_AHB3PeriphClockCmd)
    RCC_APB1PeriphResetCmd                   0x08001ced   Thumb Code    26  stm32f4xx_rcc.o(i.RCC_APB1PeriphResetCmd)
    RCC_APB2PeriphClockCmd                   0x08001d0d   Thumb Code    26  stm32f4xx_rcc.o(i.RCC_APB2PeriphClockCmd)
    RCC_APB2PeriphResetCmd                   0x08001d2d   Thumb Code    26  stm32f4xx_rcc.o(i.RCC_APB2PeriphResetCmd)
    RCC_GetFlagStatus                        0x08001d4d   Thumb Code    60  stm32f4xx_rcc.o(i.RCC_GetFlagStatus)
    RCC_LTDCCLKDivConfig                     0x08001d8d   Thumb Code    18  stm32f4xx_rcc.o(i.RCC_LTDCCLKDivConfig)
    RCC_PLLSAICmd                            0x08001da5   Thumb Code     6  stm32f4xx_rcc.o(i.RCC_PLLSAICmd)
    RCC_PLLSAIConfig                         0x08001db1   Thumb Code    18  stm32f4xx_rcc.o(i.RCC_PLLSAIConfig)
    SDRAM_GPIOConfig                         0x08001dc9   Thumb Code   492  stm32f429i_discovery_sdram.o(i.SDRAM_GPIOConfig)
    SDRAM_Init                               0x08001fcd   Thumb Code   104  stm32f429i_discovery_sdram.o(i.SDRAM_Init)
    SDRAM_InitSequence                       0x08002035   Thumb Code   200  stm32f429i_discovery_sdram.o(i.SDRAM_InitSequence)
    SPI_Cmd                                  0x080020fd   Thumb Code    24  stm32f4xx_spi.o(i.SPI_Cmd)
    SPI_I2S_DeInit                           0x08002115   Thumb Code   152  stm32f4xx_spi.o(i.SPI_I2S_DeInit)
    SPI_I2S_GetFlagStatus                    0x080021c5   Thumb Code    18  stm32f4xx_spi.o(i.SPI_I2S_GetFlagStatus)
    SPI_I2S_SendData                         0x080021d7   Thumb Code     4  stm32f4xx_spi.o(i.SPI_I2S_SendData)
    SPI_Init                                 0x080021db   Thumb Code    60  stm32f4xx_spi.o(i.SPI_Init)
    SVC_Handler                              0x08002217   Thumb Code     2  stm32f4xx_it.o(i.SVC_Handler)
    SysTickSet                               0x0800233d   Thumb Code   102  delay_ms.o(i.SysTickSet)
    SysTick_Handler                          0x080023b1   Thumb Code    12  stm32f4xx_it.o(i.SysTick_Handler)
    SystemCoreClockUpdate                    0x080023c1   Thumb Code   170  system_stm32f4xx.o(i.SystemCoreClockUpdate)
    SystemInit                               0x08002481   Thumb Code    88  system_stm32f4xx.o(i.SystemInit)
    UsageFault_Handler                       0x080024e9   Thumb Code     4  stm32f4xx_it.o(i.UsageFault_Handler)
    delay_ms                                 0x0800252d   Thumb Code    80  delay_ms.o(i.delay_ms)
    fputc                                    0x08002591   Thumb Code    26  fputc.o(i.fputc)
    main                                     0x080025ad   Thumb Code   118  main.o(i.main)
    __aeabi_ddiv                             0x08002639   Thumb Code     0  ddiv.o(x$fpl$ddiv)
    _ddiv                                    0x08002639   Thumb Code   552  ddiv.o(x$fpl$ddiv)
    __aeabi_d2iz                             0x080028e9   Thumb Code     0  dfix.o(x$fpl$dfix)
    _dfix                                    0x080028e9   Thumb Code    94  dfix.o(x$fpl$dfix)
    __aeabi_ui2d                             0x08002947   Thumb Code     0  dflt_clz.o(x$fpl$dfltu)
    _dfltu                                   0x08002947   Thumb Code    38  dflt_clz.o(x$fpl$dfltu)
    __aeabi_dmul                             0x0800296d   Thumb Code     0  dmul.o(x$fpl$dmul)
    _dmul                                    0x0800296d   Thumb Code   332  dmul.o(x$fpl$dmul)
    __fpl_dnaninf                            0x08002ac1   Thumb Code   156  dnaninf.o(x$fpl$dnaninf)
    __fpl_dretinf                            0x08002b5d   Thumb Code    12  dretinf.o(x$fpl$dretinf)
    _fp_init                                 0x08002b69   Thumb Code    10  fpinit.o(x$fpl$fpinit)
    __fplib_config_fpu_vfp                   0x08002b71   Thumb Code     0  fpinit.o(x$fpl$fpinit)
    __fplib_config_pureend_doubles           0x08002b71   Thumb Code     0  fpinit.o(x$fpl$fpinit)
    ASCII16x24_Table                         0x08002b72   Data        4560  stm32f429i_discovery_lcd.o(.constdata)
    __I$use$fp                               0x08002b72   Number         0  usenofp.o(x$fpl$usenofp)
    ASCII12x12_Table                         0x08003d42   Data        2304  stm32f429i_discovery_lcd.o(.constdata)
    ASCII8x12_Table                          0x08004642   Data        2304  stm32f429i_discovery_lcd.o(.constdata)
    ASCII8x8_Table                           0x08004f42   Data        1536  stm32f429i_discovery_lcd.o(.constdata)
    AHBPrescTable                            0x08005542   Data          16  system_stm32f4xx.o(.constdata)
    APBPrescTable                            0x08005552   Data           8  system_stm32f4xx.o(.constdata)
    __stdin_name                             0x0800555a   Data           4  sys_io.o(.constdata)
    __stdout_name                            0x0800555e   Data           4  sys_io.o(.constdata)
    __stderr_name                            0x08005562   Data           4  sys_io.o(.constdata)
    Region$$Table$$Base                      0x08005568   Number         0  anon$$obj.o(Region$$Table)
    Region$$Table$$Limit                     0x08005588   Number         0  anon$$obj.o(Region$$Table)
    Font16x24                                0x20000000   Data           8  stm32f429i_discovery_lcd.o(.data)
    Font12x12                                0x20000008   Data           8  stm32f429i_discovery_lcd.o(.data)
    Font8x12                                 0x20000010   Data           8  stm32f429i_discovery_lcd.o(.data)
    Font8x8                                  0x20000018   Data           8  stm32f429i_discovery_lcd.o(.data)
    msTicks                                  0x20000030   Data           4  stm32f4xx_it.o(.data)
    SystemCoreClock                          0x20000034   Data           4  system_stm32f4xx.o(.data)
    i                                        0x20000038   Data           1  lcd_tft.o(.data)
    Linea                                    0x20000039   Data           1  lcd_tft.o(.data)
    __aeabi_stdin                            0x2000003c   Data           4  stdio_streams.o(.data)
    __aeabi_stdout                           0x20000040   Data           4  stdio_streams.o(.data)
    __aeabi_stderr                           0x20000044   Data           4  stdio_streams.o(.data)
    __stdin                                  0x20000048   Data          84  stdio_streams.o(.bss)
    __stdout                                 0x2000009c   Data          84  stdio_streams.o(.bss)
    __stderr                                 0x200000f0   Data          84  stdio_streams.o(.bss)
    __libspace_start                         0x20000144   Data          96  libspace.o(.bss)
    __temporary_stack_top$libspace           0x200001a4   Data           0  libspace.o(.bss)



==============================================================================

Memory Map of the image

  Image Entry point : 0x080001ad

  Load Region LR_IROM1 (Base: 0x08000000, Size: 0x000055d0, Max: 0x00200000, ABSOLUTE)

    Execution Region ER_IROM1 (Exec base: 0x08000000, Load base: 0x08000000, Size: 0x00005588, Max: 0x00200000, ABSOLUTE)

    Exec Addr    Load Addr    Size         Type   Attr      Idx    E Section Name        Object

    0x08000000   0x08000000   0x000001ac   Data   RO         5251    RESET               startup_stm32f429_439xx.o
    0x080001ac   0x080001ac   0x00000008   Code   RO         5556  * !!!main             c_w.l(__main.o)
    0x080001b4   0x080001b4   0x00000034   Code   RO         5930    !!!scatter          c_w.l(__scatter.o)
    0x080001e8   0x080001e8   0x0000001a   Code   RO         5932    !!handler_copy      c_w.l(__scatter_copy.o)
    0x08000202   0x08000202   0x00000002   PAD
    0x08000204   0x08000204   0x0000001c   Code   RO         5934    !!handler_zi        c_w.l(__scatter_zi.o)
    0x08000220   0x08000220   0x00000000   Code   RO         5553    .ARM.Collect$$_printf_percent$$00000000  c_w.l(_printf_percent.o)
    0x08000220   0x08000220   0x00000006   Code   RO         5552    .ARM.Collect$$_printf_percent$$00000009  c_w.l(_printf_d.o)
    0x08000226   0x08000226   0x00000004   Code   RO         5579    .ARM.Collect$$_printf_percent$$00000017  c_w.l(_printf_percent_end.o)
    0x0800022a   0x0800022a   0x00000002   Code   RO         5715    .ARM.Collect$$libinit$$00000000  c_w.l(libinit.o)
    0x0800022c   0x0800022c   0x00000004   Code   RO         5716    .ARM.Collect$$libinit$$00000001  c_w.l(libinit2.o)
    0x08000230   0x08000230   0x00000000   Code   RO         5719    .ARM.Collect$$libinit$$00000004  c_w.l(libinit2.o)
    0x08000230   0x08000230   0x00000008   Code   RO         5720    .ARM.Collect$$libinit$$00000005  c_w.l(libinit2.o)
    0x08000238   0x08000238   0x00000000   Code   RO         5722    .ARM.Collect$$libinit$$0000000A  c_w.l(libinit2.o)
    0x08000238   0x08000238   0x00000000   Code   RO         5724    .ARM.Collect$$libinit$$0000000C  c_w.l(libinit2.o)
    0x08000238   0x08000238   0x00000000   Code   RO         5726    .ARM.Collect$$libinit$$0000000E  c_w.l(libinit2.o)
    0x08000238   0x08000238   0x00000000   Code   RO         5729    .ARM.Collect$$libinit$$00000011  c_w.l(libinit2.o)
    0x08000238   0x08000238   0x00000000   Code   RO         5731    .ARM.Collect$$libinit$$00000013  c_w.l(libinit2.o)
    0x08000238   0x08000238   0x00000000   Code   RO         5733    .ARM.Collect$$libinit$$00000015  c_w.l(libinit2.o)
    0x08000238   0x08000238   0x00000000   Code   RO         5735    .ARM.Collect$$libinit$$00000017  c_w.l(libinit2.o)
    0x08000238   0x08000238   0x00000000   Code   RO         5737    .ARM.Collect$$libinit$$00000019  c_w.l(libinit2.o)
    0x08000238   0x08000238   0x00000000   Code   RO         5739    .ARM.Collect$$libinit$$0000001B  c_w.l(libinit2.o)
    0x08000238   0x08000238   0x00000000   Code   RO         5741    .ARM.Collect$$libinit$$0000001D  c_w.l(libinit2.o)
    0x08000238   0x08000238   0x00000000   Code   RO         5743    .ARM.Collect$$libinit$$0000001F  c_w.l(libinit2.o)
    0x08000238   0x08000238   0x00000000   Code   RO         5745    .ARM.Collect$$libinit$$00000021  c_w.l(libinit2.o)
    0x08000238   0x08000238   0x00000000   Code   RO         5747    .ARM.Collect$$libinit$$00000023  c_w.l(libinit2.o)
    0x08000238   0x08000238   0x00000004   Code   RO         5748    .ARM.Collect$$libinit$$00000024  c_w.l(libinit2.o)
    0x0800023c   0x0800023c   0x00000000   Code   RO         5749    .ARM.Collect$$libinit$$00000025  c_w.l(libinit2.o)
    0x0800023c   0x0800023c   0x00000000   Code   RO         5753    .ARM.Collect$$libinit$$0000002C  c_w.l(libinit2.o)
    0x0800023c   0x0800023c   0x00000000   Code   RO         5755    .ARM.Collect$$libinit$$0000002E  c_w.l(libinit2.o)
    0x0800023c   0x0800023c   0x00000000   Code   RO         5757    .ARM.Collect$$libinit$$00000030  c_w.l(libinit2.o)
    0x0800023c   0x0800023c   0x00000000   Code   RO         5759    .ARM.Collect$$libinit$$00000032  c_w.l(libinit2.o)
    0x0800023c   0x0800023c   0x00000002   Code   RO         5760    .ARM.Collect$$libinit$$00000033  c_w.l(libinit2.o)
    0x0800023e   0x0800023e   0x00000002   Code   RO         5909    .ARM.Collect$$libshutdown$$00000000  c_w.l(libshutdown.o)
    0x08000240   0x08000240   0x00000000   Code   RO         5762    .ARM.Collect$$libshutdown$$00000002  c_w.l(libshutdown2.o)
    0x08000240   0x08000240   0x00000000   Code   RO         5764    .ARM.Collect$$libshutdown$$00000004  c_w.l(libshutdown2.o)
    0x08000240   0x08000240   0x00000004   Code   RO         5765    .ARM.Collect$$libshutdown$$00000005  c_w.l(libshutdown2.o)
    0x08000244   0x08000244   0x00000000   Code   RO         5766    .ARM.Collect$$libshutdown$$00000006  c_w.l(libshutdown2.o)
    0x08000244   0x08000244   0x00000000   Code   RO         5769    .ARM.Collect$$libshutdown$$00000009  c_w.l(libshutdown2.o)
    0x08000244   0x08000244   0x00000000   Code   RO         5772    .ARM.Collect$$libshutdown$$0000000C  c_w.l(libshutdown2.o)
    0x08000244   0x08000244   0x00000000   Code   RO         5774    .ARM.Collect$$libshutdown$$0000000E  c_w.l(libshutdown2.o)
    0x08000244   0x08000244   0x00000000   Code   RO         5777    .ARM.Collect$$libshutdown$$00000011  c_w.l(libshutdown2.o)
    0x08000244   0x08000244   0x00000002   Code   RO         5778    .ARM.Collect$$libshutdown$$00000012  c_w.l(libshutdown2.o)
    0x08000246   0x08000246   0x00000000   Code   RO         5574    .ARM.Collect$$rtentry$$00000000  c_w.l(__rtentry.o)
    0x08000246   0x08000246   0x00000000   Code   RO         5592    .ARM.Collect$$rtentry$$00000002  c_w.l(__rtentry2.o)
    0x08000246   0x08000246   0x00000006   Code   RO         5604    .ARM.Collect$$rtentry$$00000004  c_w.l(__rtentry4.o)
    0x0800024c   0x0800024c   0x00000000   Code   RO         5594    .ARM.Collect$$rtentry$$00000009  c_w.l(__rtentry2.o)
    0x0800024c   0x0800024c   0x00000004   Code   RO         5595    .ARM.Collect$$rtentry$$0000000A  c_w.l(__rtentry2.o)
    0x08000250   0x08000250   0x00000000   Code   RO         5597    .ARM.Collect$$rtentry$$0000000C  c_w.l(__rtentry2.o)
    0x08000250   0x08000250   0x00000008   Code   RO         5598    .ARM.Collect$$rtentry$$0000000D  c_w.l(__rtentry2.o)
    0x08000258   0x08000258   0x00000002   Code   RO         5787    .ARM.Collect$$rtexit$$00000000  c_w.l(rtexit.o)
    0x0800025a   0x0800025a   0x00000000   Code   RO         5845    .ARM.Collect$$rtexit$$00000002  c_w.l(rtexit2.o)
    0x0800025a   0x0800025a   0x00000004   Code   RO         5846    .ARM.Collect$$rtexit$$00000003  c_w.l(rtexit2.o)
    0x0800025e   0x0800025e   0x00000006   Code   RO         5847    .ARM.Collect$$rtexit$$00000004  c_w.l(rtexit2.o)
    0x08000264   0x08000264   0x00000000   Code   RO         5851    .emb_text           c_w.l(maybetermalloc1.o)
    0x08000264   0x08000264   0x00000040   Code   RO         5252    .text               startup_stm32f429_439xx.o
    0x080002a4   0x080002a4   0x00000018   Code   RO         5526    .text               c_w.l(noretval__2printf.o)
    0x080002bc   0x080002bc   0x00000068   Code   RO         5528    .text               c_w.l(__printf.o)
    0x08000324   0x08000324   0x00000078   Code   RO         5530    .text               c_w.l(_printf_dec.o)
    0x0800039c   0x0800039c   0x00000006   Code   RO         5554    .text               c_w.l(heapauxi.o)
    0x080003a2   0x080003a2   0x000000b2   Code   RO         5575    .text               c_w.l(_printf_intcommon.o)
    0x08000454   0x08000454   0x00000024   Code   RO         5577    .text               c_w.l(_printf_char_file.o)
    0x08000478   0x08000478   0x00000030   Code   RO         5606    .text               c_w.l(_printf_char_common.o)
    0x080004a8   0x080004a8   0x00000008   Code   RO         5608    .text               c_w.l(ferror.o)
    0x080004b0   0x080004b0   0x00000138   Code   RO         5614    .text               c_w.l(initio.o)
    0x080005e8   0x080005e8   0x00000066   Code   RO         5622    .text               c_w.l(sys_io.o)
    0x0800064e   0x0800064e   0x0000004a   Code   RO         5629    .text               c_w.l(sys_stackheap_outer.o)
    0x08000698   0x08000698   0x0000004e   Code   RO         5633    .text               c_w.l(h1_free.o)
    0x080006e6   0x080006e6   0x000001d6   Code   RO         5689    .text               c_w.l(flsbuf.o)
    0x080008bc   0x080008bc   0x00000046   Code   RO         5691    .text               c_w.l(setvbuf.o)
    0x08000902   0x08000902   0x00000002   PAD
    0x08000904   0x08000904   0x000000ec   Code   RO         5694    .text               c_w.l(fopen.o)
    0x080009f0   0x080009f0   0x0000004c   Code   RO         5696    .text               c_w.l(fclose.o)
    0x08000a3c   0x08000a3c   0x00000012   Code   RO         5702    .text               c_w.l(exit.o)
    0x08000a4e   0x08000a4e   0x0000000e   Code   RO         5704    .text               c_w.l(defsig_rtred_outer.o)
    0x08000a5c   0x08000a5c   0x0000004e   Code   RO         5708    .text               c_w.l(rt_memclr_w.o)
    0x08000aaa   0x08000aaa   0x00000002   PAD
    0x08000aac   0x08000aac   0x00000008   Code   RO         5781    .text               c_w.l(libspace.o)
    0x08000ab4   0x08000ab4   0x00000002   Code   RO         5784    .text               c_w.l(use_no_semi.o)
    0x08000ab6   0x08000ab6   0x00000000   Code   RO         5786    .text               c_w.l(indicate_semi.o)
    0x08000ab6   0x08000ab6   0x00000002   PAD
    0x08000ab8   0x08000ab8   0x00000008   Code   RO         5794    .text               c_w.l(rt_heap_descriptor_intlibspace.o)
    0x08000ac0   0x08000ac0   0x00000004   Code   RO         5796    .text               c_w.l(hguard.o)
    0x08000ac4   0x08000ac4   0x0000008a   Code   RO         5798    .text               c_w.l(init_alloc.o)
    0x08000b4e   0x08000b4e   0x0000005e   Code   RO         5804    .text               c_w.l(h1_alloc.o)
    0x08000bac   0x08000bac   0x000000f8   Code   RO         5820    .text               c_w.l(fseek.o)
    0x08000ca4   0x08000ca4   0x000000f0   Code   RO         5822    .text               c_w.l(stdio.o)
    0x08000d94   0x08000d94   0x0000000a   Code   RO         5828    .text               c_w.l(defsig_exit.o)
    0x08000d9e   0x08000d9e   0x00000002   PAD
    0x08000da0   0x08000da0   0x00000034   Code   RO         5830    .text               c_w.l(defsig_rtred_inner.o)
    0x08000dd4   0x08000dd4   0x0000003e   Code   RO         5834    .text               c_w.l(strlen.o)
    0x08000e12   0x08000e12   0x00000002   PAD
    0x08000e14   0x08000e14   0x0000000c   Code   RO         5842    .text               c_w.l(sys_exit.o)
    0x08000e20   0x08000e20   0x0000000e   Code   RO         5853    .text               c_w.l(h1_init.o)
    0x08000e2e   0x08000e2e   0x00000034   Code   RO         5855    .text               c_w.l(h1_extend.o)
    0x08000e62   0x08000e62   0x00000042   Code   RO         5865    .text               c_w.l(ftell.o)
    0x08000ea4   0x08000ea4   0x00000032   Code   RO         5873    .text               c_w.l(defsig_general.o)
    0x08000ed6   0x08000ed6   0x0000000e   Code   RO         5875    .text               c_w.l(defsig_rtmem_outer.o)
    0x08000ee4   0x08000ee4   0x0000000e   Code   RO         5890    .text               c_w.l(sys_wrch.o)
    0x08000ef2   0x08000ef2   0x00000002   PAD
    0x08000ef4   0x08000ef4   0x00000008   Code   RO         5897    .text               c_w.l(rt_errno_addr_intlibspace.o)
    0x08000efc   0x08000efc   0x00000050   Code   RO         5903    .text               c_w.l(defsig_rtmem_inner.o)
    0x08000f4c   0x08000f4c   0x00000004   Code   RO         5310    i.BusFault_Handler  stm32f4xx_it.o
    0x08000f50   0x08000f50   0x00000002   Code   RO         5311    i.DebugMon_Handler  stm32f4xx_it.o
    0x08000f52   0x08000f52   0x00000002   PAD
    0x08000f54   0x08000f54   0x00000048   Code   RO         1992    i.FMC_GetFlagStatus  stm32f4xx_fmc.o
    0x08000f9c   0x08000f9c   0x00000020   Code   RO         2009    i.FMC_SDRAMCmdConfig  stm32f4xx_fmc.o
    0x08000fbc   0x08000fbc   0x00000144   Code   RO         2011    i.FMC_SDRAMInit     stm32f4xx_fmc.o
    0x08001100   0x08001100   0x00000018   Code   RO         2015    i.FMC_SetRefreshCount  stm32f4xx_fmc.o
    0x08001118   0x08001118   0x00000090   Code   RO         2173    i.GPIO_Init         stm32f4xx_gpio.o
    0x080011a8   0x080011a8   0x00000046   Code   RO         2174    i.GPIO_PinAFConfig  stm32f4xx_gpio.o
    0x080011ee   0x080011ee   0x00000004   Code   RO         2180    i.GPIO_ResetBits    stm32f4xx_gpio.o
    0x080011f2   0x080011f2   0x00000004   Code   RO         2181    i.GPIO_SetBits      stm32f4xx_gpio.o
    0x080011f6   0x080011f6   0x0000000a   Code   RO         2185    i.GPIO_WriteBit     stm32f4xx_gpio.o
    0x08001200   0x08001200   0x00000004   Code   RO         5312    i.HardFault_Handler  stm32f4xx_it.o
    0x08001204   0x08001204   0x00000168   Code   RO          200    i.LCD_AF_GPIOConfig  stm32f429i_discovery_lcd.o
    0x0800136c   0x0800136c   0x00000020   Code   RO          201    i.LCD_ChipSelect    stm32f429i_discovery_lcd.o
    0x0800138c   0x0800138c   0x00000020   Code   RO          202    i.LCD_Clear         stm32f429i_discovery_lcd.o
    0x080013ac   0x080013ac   0x00000050   Code   RO          206    i.LCD_CtrlLinesConfig  stm32f429i_discovery_lcd.o
    0x080013fc   0x080013fc   0x00000014   Code   RO          207    i.LCD_CtrlLinesWrite  stm32f429i_discovery_lcd.o
    0x08001410   0x08001410   0x0000000a   Code   RO          211    i.LCD_DisplayOn     stm32f429i_discovery_lcd.o
    0x0800141a   0x0800141a   0x0000009a   Code   RO          227    i.LCD_Init          stm32f429i_discovery_lcd.o
    0x080014b4   0x080014b4   0x000000a4   Code   RO          228    i.LCD_LayerInit     stm32f429i_discovery_lcd.o
    0x08001558   0x08001558   0x0000028c   Code   RO          232    i.LCD_PowerOn       stm32f429i_discovery_lcd.o
    0x080017e4   0x080017e4   0x000000d4   Code   RO          234    i.LCD_SPIConfig     stm32f429i_discovery_lcd.o
    0x080018b8   0x080018b8   0x0000000c   Code   RO          235    i.LCD_SetBackColor  stm32f429i_discovery_lcd.o
    0x080018c4   0x080018c4   0x0000000c   Code   RO          240    i.LCD_SetFont       stm32f429i_discovery_lcd.o
    0x080018d0   0x080018d0   0x0000002c   Code   RO          241    i.LCD_SetLayer      stm32f429i_discovery_lcd.o
    0x080018fc   0x080018fc   0x0000000c   Code   RO          242    i.LCD_SetTextColor  stm32f429i_discovery_lcd.o
    0x08001908   0x08001908   0x0000004c   Code   RO          247    i.LCD_WriteCommand  stm32f429i_discovery_lcd.o
    0x08001954   0x08001954   0x00000048   Code   RO          248    i.LCD_WriteData     stm32f429i_discovery_lcd.o
    0x0800199c   0x0800199c   0x00000024   Code   RO         2747    i.LTDC_Cmd          stm32f4xx_ltdc.o
    0x080019c0   0x080019c0   0x00000024   Code   RO         2751    i.LTDC_DitherCmd    stm32f4xx_ltdc.o
    0x080019e4   0x080019e4   0x00000188   Code   RO         2758    i.LTDC_Init         stm32f4xx_ltdc.o
    0x08001b6c   0x08001b6c   0x00000016   Code   RO         2762    i.LTDC_LayerCmd     stm32f4xx_ltdc.o
    0x08001b82   0x08001b82   0x00000114   Code   RO         2763    i.LTDC_LayerInit    stm32f4xx_ltdc.o
    0x08001c96   0x08001c96   0x00000002   PAD
    0x08001c98   0x08001c98   0x0000000c   Code   RO         2770    i.LTDC_ReloadConfig  stm32f4xx_ltdc.o
    0x08001ca4   0x08001ca4   0x00000004   Code   RO         5313    i.MemManage_Handler  stm32f4xx_it.o
    0x08001ca8   0x08001ca8   0x00000002   Code   RO         5314    i.NMI_Handler       stm32f4xx_it.o
    0x08001caa   0x08001caa   0x00000002   Code   RO         5315    i.PendSV_Handler    stm32f4xx_it.o
    0x08001cac   0x08001cac   0x00000020   Code   RO         3066    i.RCC_AHB1PeriphClockCmd  stm32f4xx_rcc.o
    0x08001ccc   0x08001ccc   0x00000020   Code   RO         3072    i.RCC_AHB3PeriphClockCmd  stm32f4xx_rcc.o
    0x08001cec   0x08001cec   0x00000020   Code   RO         3077    i.RCC_APB1PeriphResetCmd  stm32f4xx_rcc.o
    0x08001d0c   0x08001d0c   0x00000020   Code   RO         3078    i.RCC_APB2PeriphClockCmd  stm32f4xx_rcc.o
    0x08001d2c   0x08001d2c   0x00000020   Code   RO         3080    i.RCC_APB2PeriphResetCmd  stm32f4xx_rcc.o
    0x08001d4c   0x08001d4c   0x00000040   Code   RO         3088    i.RCC_GetFlagStatus  stm32f4xx_rcc.o
    0x08001d8c   0x08001d8c   0x00000018   Code   RO         3099    i.RCC_LTDCCLKDivConfig  stm32f4xx_rcc.o
    0x08001da4   0x08001da4   0x0000000c   Code   RO         3108    i.RCC_PLLSAICmd     stm32f4xx_rcc.o
    0x08001db0   0x08001db0   0x00000018   Code   RO         3109    i.RCC_PLLSAIConfig  stm32f4xx_rcc.o
    0x08001dc8   0x08001dc8   0x00000204   Code   RO          536    i.SDRAM_GPIOConfig  stm32f429i_discovery_sdram.o
    0x08001fcc   0x08001fcc   0x00000068   Code   RO          537    i.SDRAM_Init        stm32f429i_discovery_sdram.o
    0x08002034   0x08002034   0x000000c8   Code   RO          538    i.SDRAM_InitSequence  stm32f429i_discovery_sdram.o
    0x080020fc   0x080020fc   0x00000018   Code   RO         4206    i.SPI_Cmd           stm32f4xx_spi.o
    0x08002114   0x08002114   0x000000b0   Code   RO         4213    i.SPI_I2S_DeInit    stm32f4xx_spi.o
    0x080021c4   0x080021c4   0x00000012   Code   RO         4214    i.SPI_I2S_GetFlagStatus  stm32f4xx_spi.o
    0x080021d6   0x080021d6   0x00000004   Code   RO         4218    i.SPI_I2S_SendData  stm32f4xx_spi.o
    0x080021da   0x080021da   0x0000003c   Code   RO         4219    i.SPI_Init          stm32f4xx_spi.o
    0x08002216   0x08002216   0x00000002   Code   RO         5316    i.SVC_Handler       stm32f4xx_it.o
    0x08002218   0x08002218   0x00000124   Code   RO         5388    i.SetSysClock       system_stm32f4xx.o
    0x0800233c   0x0800233c   0x00000074   Code   RO         5430    i.SysTickSet        delay_ms.o
    0x080023b0   0x080023b0   0x00000010   Code   RO         5317    i.SysTick_Handler   stm32f4xx_it.o
    0x080023c0   0x080023c0   0x000000c0   Code   RO         5389    i.SystemCoreClockUpdate  system_stm32f4xx.o
    0x08002480   0x08002480   0x00000068   Code   RO         5390    i.SystemInit        system_stm32f4xx.o
    0x080024e8   0x080024e8   0x00000004   Code   RO         5318    i.UsageFault_Handler  stm32f4xx_it.o
    0x080024ec   0x080024ec   0x0000001c   Code   RO          250    i.delay             stm32f429i_discovery_lcd.o
    0x08002508   0x08002508   0x00000024   Code   RO          541    i.delay             stm32f429i_discovery_sdram.o
    0x0800252c   0x0800252c   0x00000064   Code   RO         5431    i.delay_ms          delay_ms.o
    0x08002590   0x08002590   0x0000001a   Code   RO         5611    i.fputc             c_w.l(fputc.o)
    0x080025aa   0x080025aa   0x00000002   PAD
    0x080025ac   0x080025ac   0x0000008c   Code   RO         5259    i.main              main.o
    0x08002638   0x08002638   0x000002b0   Code   RO         5559    x$fpl$ddiv          fz_wm.l(ddiv.o)
    0x080028e8   0x080028e8   0x0000005e   Code   RO         5562    x$fpl$dfix          fz_wm.l(dfix.o)
    0x08002946   0x08002946   0x00000026   Code   RO         5566    x$fpl$dfltu         fz_wm.l(dflt_clz.o)
    0x0800296c   0x0800296c   0x00000154   Code   RO         5572    x$fpl$dmul          fz_wm.l(dmul.o)
    0x08002ac0   0x08002ac0   0x0000009c   Code   RO         5586    x$fpl$dnaninf       fz_wm.l(dnaninf.o)
    0x08002b5c   0x08002b5c   0x0000000c   Code   RO         5588    x$fpl$dretinf       fz_wm.l(dretinf.o)
    0x08002b68   0x08002b68   0x0000000a   Code   RO         5840    x$fpl$fpinit        fz_wm.l(fpinit.o)
    0x08002b72   0x08002b72   0x00000000   Code   RO         5590    x$fpl$usenofp       fz_wm.l(usenofp.o)
    0x08002b72   0x08002b72   0x000029d0   Data   RO          251    .constdata          stm32f429i_discovery_lcd.o
    0x08005542   0x08005542   0x00000018   Data   RO         5391    .constdata          system_stm32f4xx.o
    0x0800555a   0x0800555a   0x00000004   Data   RO         5623    .constdata          c_w.l(sys_io.o)
    0x0800555e   0x0800555e   0x00000004   Data   RO         5624    .constdata          c_w.l(sys_io.o)
    0x08005562   0x08005562   0x00000004   Data   RO         5625    .constdata          c_w.l(sys_io.o)
    0x08005566   0x08005566   0x00000002   PAD
    0x08005568   0x08005568   0x00000020   Data   RO         5928    Region$$Table       anon$$obj.o


    Execution Region RW_IRAM1 (Exec base: 0x20000000, Load base: 0x08005588, Size: 0x000007a8, Max: 0x00030000, ABSOLUTE)

    Exec Addr    Load Addr    Size         Type   Attr      Idx    E Section Name        Object

    0x20000000   0x08005588   0x00000030   Data   RW          252    .data               stm32f429i_discovery_lcd.o
    0x20000030   0x080055b8   0x00000004   Data   RW         5319    .data               stm32f4xx_it.o
    0x20000034   0x080055bc   0x00000004   Data   RW         5392    .data               system_stm32f4xx.o
    0x20000038   0x080055c0   0x00000002   Data   RW         5467    .data               lcd_tft.o
    0x2000003a   0x080055c2   0x00000002   PAD
    0x2000003c   0x080055c4   0x00000004   Data   RW         5583    .data               c_w.l(stdio_streams.o)
    0x20000040   0x080055c8   0x00000004   Data   RW         5584    .data               c_w.l(stdio_streams.o)
    0x20000044   0x080055cc   0x00000004   Data   RW         5585    .data               c_w.l(stdio_streams.o)
    0x20000048        -       0x00000054   Zero   RW         5580    .bss                c_w.l(stdio_streams.o)
    0x2000009c        -       0x00000054   Zero   RW         5581    .bss                c_w.l(stdio_streams.o)
    0x200000f0        -       0x00000054   Zero   RW         5582    .bss                c_w.l(stdio_streams.o)
    0x20000144        -       0x00000060   Zero   RW         5782    .bss                c_w.l(libspace.o)
    0x200001a4   0x080055d0   0x00000004   PAD
    0x200001a8        -       0x00000200   Zero   RW         5250    HEAP                startup_stm32f429_439xx.o
    0x200003a8        -       0x00000400   Zero   RW         5249    STACK               startup_stm32f429_439xx.o


==============================================================================

Image component sizes


      Code (inc. data)   RO Data    RW Data    ZI Data      Debug   Object Name

       216         34          0          0          0      27651   delay_ms.o
         0          0          0          2          0        805   lcd_tft.o
       140         22          0          0          0        619   main.o
        64         26        428          0       1536        924   startup_stm32f429_439xx.o
         0          0          0          0          0     284408   stm32f429i_discovery.o
      1972        116      10704         48          0      15339   stm32f429i_discovery_lcd.o
       856         28          0          0          0       3801   stm32f429i_discovery_sdram.o
       452         20          0          0          0       4091   stm32f4xx_fmc.o
       232          0          0          0          0       4187   stm32f4xx_gpio.o
        40          4          0          4          0       5004   stm32f4xx_it.o
       774         32          0          0          0       4961   stm32f4xx_ltdc.o
       284         52          0          0          0       6391   stm32f4xx_rcc.o
       282         24          0          0          0       4285   stm32f4xx_spi.o
       588         56         24          4          0       2779   system_stm32f4xx.o

    ----------------------------------------------------------------------
      5904        414      11188         60       1536     365245   Object Totals
         0          0         32          0          0          0   (incl. Generated)
         4          0          0          2          0          0   (incl. Padding)

    ----------------------------------------------------------------------

      Code (inc. data)   RO Data    RW Data    ZI Data      Debug   Library Member Name

         8          0          0          0          0         68   __main.o
       104          0          0          0          0         84   __printf.o
         0          0          0          0          0          0   __rtentry.o
        12          0          0          0          0          0   __rtentry2.o
         6          0          0          0          0          0   __rtentry4.o
        52          8          0          0          0          0   __scatter.o
        26          0          0          0          0          0   __scatter_copy.o
        28          0          0          0          0          0   __scatter_zi.o
        48          6          0          0          0         96   _printf_char_common.o
        36          4          0          0          0         80   _printf_char_file.o
         6          0          0          0          0          0   _printf_d.o
       120         16          0          0          0         92   _printf_dec.o
       178          0          0          0          0         88   _printf_intcommon.o
         0          0          0          0          0          0   _printf_percent.o
         4          0          0          0          0          0   _printf_percent_end.o
        10          0          0          0          0         68   defsig_exit.o
        50          0          0          0          0         88   defsig_general.o
        80         58          0          0          0         76   defsig_rtmem_inner.o
        14          0          0          0          0         80   defsig_rtmem_outer.o
        52         38          0          0          0         76   defsig_rtred_inner.o
        14          0          0          0          0         80   defsig_rtred_outer.o
        18          0          0          0          0         80   exit.o
        76          0          0          0          0         88   fclose.o
         8          0          0          0          0         68   ferror.o
       470          0          0          0          0         88   flsbuf.o
       236          4          0          0          0        128   fopen.o
        26          0          0          0          0         68   fputc.o
       248          6          0          0          0         84   fseek.o
        66          0          0          0          0         76   ftell.o
        94          0          0          0          0         80   h1_alloc.o
        52          0          0          0          0         68   h1_extend.o
        78          0          0          0          0         80   h1_free.o
        14          0          0          0          0         84   h1_init.o
         6          0          0          0          0        152   heapauxi.o
         4          0          0          0          0        136   hguard.o
         0          0          0          0          0          0   indicate_semi.o
       138          0          0          0          0        168   init_alloc.o
       312         46          0          0          0        112   initio.o
         2          0          0          0          0          0   libinit.o
        18          0          0          0          0          0   libinit2.o
         2          0          0          0          0          0   libshutdown.o
         6          0          0          0          0          0   libshutdown2.o
         8          4          0          0         96         68   libspace.o
         0          0          0          0          0          0   maybetermalloc1.o
        24          4          0          0          0         84   noretval__2printf.o
         8          4          0          0          0         68   rt_errno_addr_intlibspace.o
         8          4          0          0          0         68   rt_heap_descriptor_intlibspace.o
        78          0          0          0          0         80   rt_memclr_w.o
         2          0          0          0          0          0   rtexit.o
        10          0          0          0          0          0   rtexit2.o
        70          0          0          0          0         80   setvbuf.o
       240          6          0          0          0        156   stdio.o
         0          0          0         12        252          0   stdio_streams.o
        62          0          0          0          0         76   strlen.o
        12          4          0          0          0         68   sys_exit.o
       102          0         12          0          0        240   sys_io.o
        74          0          0          0          0         80   sys_stackheap_outer.o
        14          0          0          0          0         76   sys_wrch.o
         2          0          0          0          0         68   use_no_semi.o
       688        140          0          0          0        256   ddiv.o
        94          4          0          0          0        140   dfix.o
        38          0          0          0          0        116   dflt_clz.o
       340         12          0          0          0        152   dmul.o
       156          4          0          0          0        140   dnaninf.o
        12          0          0          0          0        116   dretinf.o
        10          0          0          0          0        116   fpinit.o
         0          0          0          0          0          0   usenofp.o

    ----------------------------------------------------------------------
      4790        372         14         12        352       4784   Library Totals
        16          0          2          0          4          0   (incl. Padding)

    ----------------------------------------------------------------------

      Code (inc. data)   RO Data    RW Data    ZI Data      Debug   Library Name

      3436        212         12         12        348       3748   c_w.l
      1338        160          0          0          0       1036   fz_wm.l

    ----------------------------------------------------------------------
      4790        372         14         12        352       4784   Library Totals

    ----------------------------------------------------------------------

==============================================================================


      Code (inc. data)   RO Data    RW Data    ZI Data      Debug   

     10694        786      11202         72       1888     361453   Grand Totals
     10694        786      11202         72       1888     361453   ELF Image Totals
     10694        786      11202         72          0          0   ROM Totals

==============================================================================

    Total RO  Size (Code + RO Data)                21896 (  21.38kB)
    Total RW  Size (RW Data + ZI Data)              1960 (   1.91kB)
    Total ROM Size (Code + RO Data + RW Data)      21968 (  21.45kB)

==============================================================================

