Component: ARM Compiler 5.06 update 7 (build 960) Tool: armlink [4d3601]

==============================================================================

Section Cross References

    stm32f429i_discovery.o(i.STM_EVAL_LEDInit) refers to stm32f4xx_rcc.o(i.RCC_AHB1PeriphClockCmd) for RCC_AHB1PeriphClockCmd
    stm32f429i_discovery.o(i.STM_EVAL_LEDInit) refers to stm32f4xx_gpio.o(i.GPIO_Init) for GPIO_Init
    stm32f429i_discovery.o(i.STM_EVAL_LEDInit) refers to stm32f429i_discovery.o(.constdata) for GPIO_CLK
    stm32f429i_discovery.o(i.STM_EVAL_LEDInit) refers to stm32f429i_discovery.o(.data) for GPIO_PORT
    stm32f429i_discovery.o(i.STM_EVAL_LEDOff) refers to stm32f429i_discovery.o(.constdata) for GPIO_PIN
    stm32f429i_discovery.o(i.STM_EVAL_LEDOff) refers to stm32f429i_discovery.o(.data) for GPIO_PORT
    stm32f429i_discovery.o(i.STM_EVAL_LEDOn) refers to stm32f429i_discovery.o(.constdata) for GPIO_PIN
    stm32f429i_discovery.o(i.STM_EVAL_LEDOn) refers to stm32f429i_discovery.o(.data) for GPIO_PORT
    stm32f429i_discovery.o(i.STM_EVAL_LEDToggle) refers to stm32f429i_discovery.o(.data) for GPIO_PORT
    stm32f429i_discovery.o(i.STM_EVAL_LEDToggle) refers to stm32f429i_discovery.o(.constdata) for GPIO_PIN
    stm32f429i_discovery.o(i.STM_EVAL_PBGetState) refers to stm32f4xx_gpio.o(i.GPIO_ReadInputDataBit) for GPIO_ReadInputDataBit
    stm32f429i_discovery.o(i.STM_EVAL_PBGetState) refers to stm32f429i_discovery.o(.constdata) for BUTTON_PIN
    stm32f429i_discovery.o(i.STM_EVAL_PBGetState) refers to stm32f429i_discovery.o(.data) for BUTTON_PORT
    stm32f429i_discovery.o(i.STM_EVAL_PBInit) refers to stm32f4xx_rcc.o(i.RCC_AHB1PeriphClockCmd) for RCC_AHB1PeriphClockCmd
    stm32f429i_discovery.o(i.STM_EVAL_PBInit) refers to stm32f4xx_rcc.o(i.RCC_APB2PeriphClockCmd) for RCC_APB2PeriphClockCmd
    stm32f429i_discovery.o(i.STM_EVAL_PBInit) refers to stm32f4xx_gpio.o(i.GPIO_Init) for GPIO_Init
    stm32f429i_discovery.o(i.STM_EVAL_PBInit) refers to stm32f4xx_syscfg.o(i.SYSCFG_EXTILineConfig) for SYSCFG_EXTILineConfig
    stm32f429i_discovery.o(i.STM_EVAL_PBInit) refers to stm32f4xx_exti.o(i.EXTI_Init) for EXTI_Init
    stm32f429i_discovery.o(i.STM_EVAL_PBInit) refers to misc.o(i.NVIC_Init) for NVIC_Init
    stm32f429i_discovery.o(i.STM_EVAL_PBInit) refers to stm32f429i_discovery.o(.constdata) for BUTTON_CLK
    stm32f429i_discovery.o(i.STM_EVAL_PBInit) refers to stm32f429i_discovery.o(.data) for BUTTON_PORT
    stm32f429i_discovery.o(i.sEE_LowLevel_DMAConfig) refers to stm32f4xx_dma.o(i.DMA_Init) for DMA_Init
    stm32f429i_discovery.o(i.sEE_LowLevel_DMAConfig) refers to stm32f429i_discovery.o(.bss) for sEEDMA_InitStructure
    stm32f429i_discovery.o(i.sEE_LowLevel_DeInit) refers to stm32f4xx_i2c.o(i.I2C_Cmd) for I2C_Cmd
    stm32f429i_discovery.o(i.sEE_LowLevel_DeInit) refers to stm32f4xx_i2c.o(i.I2C_DeInit) for I2C_DeInit
    stm32f429i_discovery.o(i.sEE_LowLevel_DeInit) refers to stm32f4xx_rcc.o(i.RCC_APB1PeriphClockCmd) for RCC_APB1PeriphClockCmd
    stm32f429i_discovery.o(i.sEE_LowLevel_DeInit) refers to stm32f4xx_gpio.o(i.GPIO_Init) for GPIO_Init
    stm32f429i_discovery.o(i.sEE_LowLevel_DeInit) refers to misc.o(i.NVIC_Init) for NVIC_Init
    stm32f429i_discovery.o(i.sEE_LowLevel_DeInit) refers to stm32f4xx_dma.o(i.DMA_Cmd) for DMA_Cmd
    stm32f429i_discovery.o(i.sEE_LowLevel_DeInit) refers to stm32f4xx_dma.o(i.DMA_DeInit) for DMA_DeInit
    stm32f429i_discovery.o(i.sEE_LowLevel_DeInit) refers to stm32f429i_discovery.o(.data) for NVIC_InitStructure
    stm32f429i_discovery.o(i.sEE_LowLevel_Init) refers to stm32f4xx_rcc.o(i.RCC_APB1PeriphClockCmd) for RCC_APB1PeriphClockCmd
    stm32f429i_discovery.o(i.sEE_LowLevel_Init) refers to stm32f4xx_rcc.o(i.RCC_AHB1PeriphClockCmd) for RCC_AHB1PeriphClockCmd
    stm32f429i_discovery.o(i.sEE_LowLevel_Init) refers to stm32f4xx_rcc.o(i.RCC_APB2PeriphClockCmd) for RCC_APB2PeriphClockCmd
    stm32f429i_discovery.o(i.sEE_LowLevel_Init) refers to stm32f4xx_rcc.o(i.RCC_APB1PeriphResetCmd) for RCC_APB1PeriphResetCmd
    stm32f429i_discovery.o(i.sEE_LowLevel_Init) refers to stm32f4xx_gpio.o(i.GPIO_Init) for GPIO_Init
    stm32f429i_discovery.o(i.sEE_LowLevel_Init) refers to stm32f4xx_gpio.o(i.GPIO_PinAFConfig) for GPIO_PinAFConfig
    stm32f429i_discovery.o(i.sEE_LowLevel_Init) refers to misc.o(i.NVIC_Init) for NVIC_Init
    stm32f429i_discovery.o(i.sEE_LowLevel_Init) refers to stm32f4xx_dma.o(i.DMA_ClearFlag) for DMA_ClearFlag
    stm32f429i_discovery.o(i.sEE_LowLevel_Init) refers to stm32f4xx_dma.o(i.DMA_Cmd) for DMA_Cmd
    stm32f429i_discovery.o(i.sEE_LowLevel_Init) refers to stm32f4xx_dma.o(i.DMA_DeInit) for DMA_DeInit
    stm32f429i_discovery.o(i.sEE_LowLevel_Init) refers to stm32f4xx_dma.o(i.DMA_Init) for DMA_Init
    stm32f429i_discovery.o(i.sEE_LowLevel_Init) refers to stm32f4xx_dma.o(i.DMA_ITConfig) for DMA_ITConfig
    stm32f429i_discovery.o(i.sEE_LowLevel_Init) refers to stm32f429i_discovery.o(.data) for NVIC_InitStructure
[...]
    ../mathlib/sin.c                         0x00000000   Number         0  sin_x.o ABSOLUTE
    ../mathlib/sin_i.c                       0x00000000   Number         0  sin_i.o ABSOLUTE
    ../mathlib/sin_i.c                       0x00000000   Number         0  sin_i_x.o ABSOLUTE
    ..\..\STM32\Libraries\MDK-ARM\startup_stm32f429_439xx.s 0x00000000   Number         0  startup_stm32f429_439xx.o ABSOLUTE
    ..\..\STM32\Libraries\STM32F4xx_StdPeriph_Driver\src\misc.c 0x00000000   Number         0  misc.o ABSOLUTE
    ..\..\STM32\Libraries\STM32F4xx_StdPeriph_Driver\src\stm32f4xx_adc.c 0x00000000   Number         0  stm32f4xx_adc.o ABSOLUTE
    ..\..\STM32\Libraries\STM32F4xx_StdPeriph_Driver\src\stm32f4xx_can.c 0x00000000   Number         0  stm32f4xx_can.o ABSOLUTE
    ..\..\STM32\Libraries\STM32F4xx_StdPeriph_Driver\src\stm32f4xx_crc.c 0x00000000   Number         0  stm32f4xx_crc.o ABSOLUTE
    ..\..\STM32\Libraries\STM32F4xx_StdPeriph_Driver\src\stm32f4xx_dac.c 0x00000000   Number         0  stm32f4xx_dac.o ABSOLUTE
    ..\..\STM32\Libraries\STM32F4xx_StdPeriph_Driver\src\stm32f4xx_dbgmcu.c 0x00000000   Number         0  stm32f4xx_dbgmcu.o ABSOLUTE
    ..\..\STM32\Libraries\STM32F4xx_StdPeriph_Driver\src\stm32f4xx_dcmi.c 0x00000000   Number         0  stm32f4xx_dcmi.o ABSOLUTE
    ..\..\STM32\Libraries\STM32F4xx_StdPeriph_Driver\src\stm32f4xx_dfsdm.c 0x00000000   Number         0  stm32f4xx_dfsdm.o ABSOLUTE
    ..\..\STM32\Libraries\STM32F4xx_StdPeriph_Driver\src\stm32f4xx_dma.c 0x00000000   Number         0  stm32f4xx_dma.o ABSOLUTE
    ..\..\STM32\Libraries\STM32F4xx_StdPeriph_Driver\src\stm32f4xx_dma2d.c 0x00000000   Number         0  stm32f4xx_dma2d.o ABSOLUTE
    ..\..\STM32\Libraries\STM32F4xx_StdPeriph_Driver\src\stm32f4xx_exti.c 0x00000000   Number         0  stm32f4xx_exti.o ABSOLUTE
    ..\..\STM32\Libraries\STM32F4xx_StdPeriph_Driver\src\stm32f4xx_flash.c 0x00000000   Number         0  stm32f4xx_flash.o ABSOLUTE
    ..\..\STM32\Libraries\STM32F4xx_StdPeriph_Driver\src\stm32f4xx_fmc.c 0x00000000   Number         0  stm32f4xx_fmc.o ABSOLUTE
    ..\..\STM32\Libraries\STM32F4xx_StdPeriph_Driver\src\stm32f4xx_gpio.c 0x00000000   Number         0  stm32f4xx_gpio.o ABSOLUTE
    ..\..\STM32\Libraries\STM32F4xx_StdPeriph_Driver\src\stm32f4xx_hash.c 0x00000000   Number         0  stm32f4xx_hash.o ABSOLUTE
    ..\..\STM32\Libraries\STM32F4xx_StdPeriph_Driver\src\stm32f4xx_hash_md5.c 0x00000000   Number         0  stm32f4xx_hash_md5.o ABSOLUTE
    ..\..\STM32\Libraries\STM32F4xx_StdPeriph_Driver\src\stm32f4xx_hash_sha1.c 0x00000000   Number         0  stm32f4xx_hash_sha1.o ABSOLUTE
    ..\..\STM32\Libraries\STM32F4xx_StdPeriph_Driver\src\stm32f4xx_i2c.c 0x00000000   Number         0  stm32f4xx_i2c.o ABSOLUTE
    ..\..\STM32\Libraries\STM32F4xx_StdPeriph_Driver\src\stm32f4xx_iwdg.c 0x00000000   Number         0  stm32f4xx_iwdg.o ABSOLUTE
    ..\..\STM32\Libraries\STM32F4xx_StdPeriph_Driver\src\stm32f4xx_ltdc.c 0x00000000   Number         0  stm32f4xx_ltdc.o ABSOLUTE
    ..\..\STM32\Libraries\STM32F4xx_StdPeriph_Driver\src\stm32f4xx_pwr.c 0x00000000   Number         0  stm32f4xx_pwr.o ABSOLUTE
    ..\..\STM32\Libraries\STM32F4xx_StdPeriph_Driver\src\stm32f4xx_rcc.c 0x00000000   Number         0  stm32f4xx_rcc.o ABSOLUTE
    ..\..\STM32\Libraries\STM32F4xx_StdPeriph_Driver\src\stm32f4xx_rng.c 0x00000000   Number         0  stm32f4xx_rng.o ABSOLUTE
    ..\..\STM32\Libraries\STM32F4xx_StdPeriph_Driver\src\stm32f4xx_rtc.c 0x00000000   Number         0  stm32f4xx_rtc.o ABSOLUTE
    ..\..\STM32\Libraries\STM32F4xx_StdPeriph_Driver\src\stm32f4xx_sai.c 0x00000000   Number         0  stm32f4xx_sai.o ABSOLUTE
    ..\..\STM32\Libraries\STM32F4xx_StdPeriph_Driver\src\stm32f4xx_sdio.c 0x00000000   Number         0  stm32f4xx_sdio.o ABSOLUTE
    ..\..\STM32\Libraries\STM32F4xx_StdPeriph_Driver\src\stm32f4xx_spi.c 0x00000000   Number         0  stm32f4xx_spi.o ABSOLUTE
    ..\..\STM32\Libraries\STM32F4xx_StdPeriph_Driver\src\stm32f4xx_syscfg.c 0x00000000   Number         0  stm32f4xx_syscfg.o ABSOLUTE
    ..\..\STM32\Libraries\STM32F4xx_StdPeriph_Driver\src\stm32f4xx_tim.c 0x00000000   Number         0  stm32f4xx_tim.o ABSOLUTE
    ..\..\STM32\Libraries\STM32F4xx_StdPeriph_Driver\src\stm32f4xx_usart.c 0x00000000   Number         0  stm32f4xx_usart.o ABSOLUTE
    ..\..\STM32\Libraries\STM32F4xx_StdPeriph_Driver\src\stm32f4xx_wwdg.c 0x00000000   Number         0  stm32f4xx_wwdg.o ABSOLUTE
    ..\..\STM32\Utilities\Utilities\STM32F429I-Discovery\stm32f429i_discovery.c 0x00000000   Number         0  stm32f429i_discovery.o ABSOLUTE
    ..\..\STM32\Utilities\Utilities\STM32F429I-Discovery\stm32f429i_discovery_lcd.c 0x00000000   Number         0  stm32f429i_discovery_lcd.o ABSOLUTE
    ..\..\STM32\Utilities\Utilities\STM32F429I-Discovery\stm32f429i_discovery_sdram.c 0x00000000   Number         0  stm32f429i_discovery_sdram.o ABSOLUTE
    ..\\..\\STM32\\Libraries\\STM32F4xx_StdPeriph_Driver\\src\\misc.c 0x00000000   Number         0  misc.o ABSOLUTE
    ..\\..\\STM32\\Libraries\\STM32F4xx_StdPeriph_Driver\\src\\stm32f4xx_adc.c 0x00000000   Number         0  stm32f4xx_adc.o ABSOLUTE
    ..\\..\\STM32\\Libraries\\STM32F4xx_StdPeriph_Driver\\src\\stm32f4xx_can.c 0x00000000   Number         0  stm32f4xx_can.o ABSOLUTE
    ..\\..\\STM32\\Libraries\\STM32F4xx_StdPeriph_Driver\\src\\stm32f4xx_crc.c 0x00000000   Number         0  stm32f4xx_crc.o ABSOLUTE
    ..\\..\\STM32\\Libraries\\STM32F4xx_StdPeriph_Driver\\src\\stm32f4xx_dac.c 0x00000000   Number         0  stm32f4xx_dac.o ABSOLUTE
    ..\\..\\STM32\\Libraries\\STM32F4xx_StdPeriph_Driver\\src\\stm32f4xx_dbgmcu.c 0x00000000   Number         0  stm32f4xx_dbgmcu.o ABSOLUTE
    ..\\..\\STM32\\Libraries\\STM32F4xx_StdPeriph_Driver\\src\\stm32f4xx_dcmi.c 0x00000000   Number         0  stm32f4xx_dcmi.o ABSOLUTE
    ..\\..\\STM32\\Libraries\\STM32F4xx_StdPeriph_Driver\\src\\stm32f4xx_dfsdm.c 0x00000000   Number         0  stm32f4xx_dfsdm.o ABSOLUTE
    ..\\..\\STM32\\Libraries\\STM32F4xx_StdPeriph_Driver\\src\\stm32f4xx_dma.c 0x00000000   Number         0  stm32f4xx_dma.o ABSOLUTE
    ..\\..\\STM32\\Libraries\\STM32F4xx_StdPeriph_Driver\\src\\stm32f4xx_dma2d.c 0x00000000   Number         0  stm32f4xx_dma2d.o ABSOLUTE
    ..\\..\\STM32\\Libraries\\STM32F4xx_StdPeriph_Driver\\src\\stm32f4xx_exti.c 0x00000000   Number         0  stm32f4xx_exti.o ABSOLUTE
    ..\\..\\STM32\\Libraries\\STM32F4xx_StdPeriph_Driver\\src\\stm32f4xx_flash.c 0x00000000   Number         0  stm32f4xx_flash.o ABSOLUTE
    ..\\..\\STM32\\Libraries\\STM32F4xx_StdPeriph_Driver\\src\\stm32f4xx_fmc.c 0x00000000   Number         0  stm32f4xx_fmc.o ABSOLUTE
    ..\\..\\STM32\\Libraries\\STM32F4xx_StdPeriph_Driver\\src\\stm32f4xx_gpio.c 0x00000000   Number         0  stm32f4xx_gpio.o ABSOLUTE
    ..\\..\\STM32\\Libraries\\STM32F4xx_StdPeriph_Driver\\src\\stm32f4xx_hash.c 0x00000000   Number         0  stm32f4xx_hash.o ABSOLUTE
    ..\\..\\STM32\\Libraries\\STM32F4xx_StdPeriph_Driver\\src\\stm32f4xx_hash_md5.c 0x00000000   Number         0  stm32f4xx_hash_md5.o ABSOLUTE
    ..\\..\\STM32\\Libraries\\STM32F4xx_StdPeriph_Driver\\src\\stm32f4xx_hash_sha1.c 0x00000000   Number         0  stm32f4xx_hash_sha1.o ABSOLUTE
    ..\\..\\STM32\\Libraries\\STM32F4xx_StdPeriph_Driver\\src\\stm32f4xx_i2c.c 0x00000000   Number         0  stm32f4xx_i2c.o ABSOLUTE
    ..\\..\\STM32\\Libraries\\STM32F4xx_StdPeriph_Driver\\src\\stm32f4xx_iwdg.c 0x00000000   Number         0  stm32f4xx_iwdg.o ABSOLUTE
    ..\\..\\STM32\\Libraries\\STM32F4xx_StdPeriph_Driver\\src\\stm32f4xx_ltdc.c 0x00000000   Number         0  stm32f4xx_ltdc.o ABSOLUTE
    ..\\..\\STM32\\Libraries\\STM32F4xx_StdPeriph_Driver\\src\\stm32f4xx_pwr.c 0x00000000   Number         0  stm32f4xx_pwr.o ABSOLUTE
    ..\\..\\STM32\\Libraries\\STM32F4xx_StdPeriph_Driver\\src\\stm32f4xx_rcc.c 0x00000000   Number         0  stm32f4xx_rcc.o ABSOLUTE
    ..\\..\\STM32\\Libraries\\STM32F4xx_StdPeriph_Driver\\src\\stm32f4xx_rng.c 0x00000000   Number         0  stm32f4xx_rng.o ABSOLUTE
    ..\\..\\STM32\\Libraries\\STM32F4xx_StdPeriph_Driver\\src\\stm32f4xx_rtc.c 0x00000000   Number         0  stm32f4xx_rtc.o ABSOLUTE
    ..\\..\\STM32\\Libraries\\STM32F4xx_StdPeriph_Driver\\src\\stm32f4xx_sai.c 0x00000000   Number         0  stm32f4xx_sai.o ABSOLUTE
    ..\\..\\STM32\\Libraries\\STM32F4xx_StdPeriph_Driver\\src\\stm32f4xx_sdio.c 0x00000000   Number         0  stm32f4xx_sdio.o ABSOLUTE
    ..\\..\\STM32\\Libraries\\STM32F4xx_StdPeriph_Driver\\src\\stm32f4xx_spi.c 0x00000000   Number         0  stm32f4xx_spi.o ABSOLUTE
    ..\\..\\STM32\\Libraries\\STM32F4xx_StdPeriph_Driver\\src\\stm32f4xx_syscfg.c 0x00000000   Number         0  stm32f4xx_syscfg.o ABSOLUTE
    ..\\..\\STM32\\Libraries\\STM32F4xx_StdPeriph_Driver\\src\\stm32f4xx_tim.c 0x00000000   Number         0  stm32f4xx_tim.o ABSOLUTE
    ..\\..\\STM32\\Libraries\\STM32F4xx_StdPeriph_Driver\\src\\stm32f4xx_usart.c 0x00000000   Number         0  stm32f4xx_usart.o ABSOLUTE
    ..\\..\\STM32\\Libraries\\STM32F4xx_StdPeriph_Driver\\src\\stm32f4xx_wwdg.c 0x00000000   Number         0  stm32f4xx_wwdg.o ABSOLUTE
    ..\\..\\STM32\\Utilities\\Utilities\\STM32F429I-Discovery\\stm32f429i_discovery.c 0x00000000   Number         0  stm32f429i_discovery.o ABSOLUTE
    ..\\..\\STM32\\Utilities\\Utilities\\STM32F429I-Discovery\\stm32f429i_discovery_lcd.c 0x00000000   Number         0  stm32f429i_discovery_lcd.o ABSOLUTE
    ..\\..\\STM32\\Utilities\\Utilities\\STM32F429I-Discovery\\stm32f429i_discovery_sdram.c 0x00000000   Number         0  stm32f429i_discovery_sdram.o ABSOLUTE
    User\\delay_ms.c                         0x00000000   Number         0  delay_ms.o ABSOLUTE
    User\\main.c                             0x00000000   Number         0  main.o ABSOLUTE
    User\\stm32f4xx_it.c                     0x00000000   Number         0  stm32f4xx_it.o ABSOLUTE
    User\\system_stm32f4xx.c                 0x00000000   Number         0  system_stm32f4xx.o ABSOLUTE
    User\delay_ms.c                          0x00000000   Number         0  delay_ms.o ABSOLUTE
    User\main.c                              0x00000000   Number         0  main.o ABSOLUTE
    User\stm32f4xx_it.c                      0x00000000   Number         0  stm32f4xx_it.o ABSOLUTE
    User\system_stm32f4xx.c                  0x00000000   Number         0  system_stm32f4xx.o ABSOLUTE
    dc.s                                     0x00000000   Number         0  dc.o ABSOLUTE
    RESET                                    0x08000000   Section      428  startup_stm32f429_439xx.o(RESET)
    !!!main                                  0x080001ac   Section        8  __main.o(!!!main)
    !!!scatter                               0x080001b4   Section       52  __scatter.o(!!!scatter)
    !!handler_copy                           0x080001e8   Section       26  __scatter_copy.o(!!handler_copy)
    !!handler_zi                             0x08000204   Section       28  __scatter_zi.o(!!handler_zi)
    .ARM.Collect$$libinit$$00000000          0x08000220   Section        2  libinit.o(.ARM.Collect$$libinit$$00000000)
    .ARM.Collect$$libinit$$00000001          0x08000222   Section        4  libinit2.o(.ARM.Collect$$libinit$$00000001)
    .ARM.Collect$$libinit$$00000004          0x08000226   Section        0  libinit2.o(.ARM.Collect$$libinit$$00000004)
    .ARM.Collect$$libinit$$0000000A          0x08000226   Section        0  libinit2.o(.ARM.Collect$$libinit$$0000000A)
    .ARM.Collect$$libinit$$0000000C          0x08000226   Section        0  libinit2.o(.ARM.Collect$$libinit$$0000000C)
    .ARM.Collect$$libinit$$0000000E          0x08000226   Section        0  libinit2.o(.ARM.Collect$$libinit$$0000000E)
    .ARM.Collect$$libinit$$00000011          0x08000226   Section        0  libinit2.o(.ARM.Collect$$libinit$$00000011)
    .ARM.Collect$$libinit$$00000013          0x08000226   Section        0  libinit2.o(.ARM.Collect$$libinit$$00000013)
    .ARM.Collect$$libinit$$00000015          0x08000226   Section        0  libinit2.o(.ARM.Collect$$libinit$$00000015)
    .ARM.Collect$$libinit$$00000017          0x08000226   Section        0  libinit2.o(.ARM.Collect$$libinit$$00000017)
    .ARM.Collect$$libinit$$00000019          0x08000226   Section        0  libinit2.o(.ARM.Collect$$libinit$$00000019)
    .ARM.Collect$$libinit$$0000001B          0x08000226   Section        0  libinit2.o(.ARM.Collect$$libinit$$0000001B)
    .ARM.Collect$$libinit$$0000001D          0x08000226   Section        0  libinit2.o(.ARM.Collect$$libinit$$0000001D)
    .ARM.Collect$$libinit$$0000001F          0x08000226   Section        0  libinit2.o(.ARM.Collect$$libinit$$0000001F)
    .ARM.Collect$$libinit$$00000021          0x08000226   Section        0  libinit2.o(.ARM.Collect$$libinit$$00000021)
    .ARM.Collect$$libinit$$00000023          0x08000226   Section        0  libinit2.o(.ARM.Collect$$libinit$$00000023)
    .ARM.Collect$$libinit$$00000025          0x08000226   Section        0  libinit2.o(.ARM.Collect$$libinit$$00000025)
    .ARM.Collect$$libinit$$0000002C          0x08000226   Section        0  libinit2.o(.ARM.Collect$$libinit$$0000002C)
    .ARM.Collect$$libinit$$0000002E          0x08000226   Section        0  libinit2.o(.ARM.Collect$$libinit$$0000002E)
    .ARM.Collect$$libinit$$00000030          0x08000226   Section        0  libinit2.o(.ARM.Collect$$libinit$$00000030)
    .ARM.Collect$$libinit$$00000032          0x08000226   Section        0  libinit2.o(.ARM.Collect$$libinit$$00000032)
    .ARM.Collect$$libinit$$00000033          0x08000226   Section        2  libinit2.o(.ARM.Collect$$libinit$$00000033)
    .ARM.Collect$$libshutdown$$00000000      0x08000228   Section        2  libshutdown.o(.ARM.Collect$$libshutdown$$00000000)
    .ARM.Collect$$libshutdown$$00000002      0x0800022a   Section        0  libshutdown2.o(.ARM.Collect$$libshutdown$$00000002)
    .ARM.Collect$$libshutdown$$00000004      0x0800022a   Section        0  libshutdown2.o(.ARM.Collect$$libshutdown$$00000004)
    .ARM.Collect$$libshutdown$$00000006      0x0800022a   Section        0  libshutdown2.o(.ARM.Collect$$libshutdown$$00000006)
    .ARM.Collect$$libshutdown$$00000009      0x0800022a   Section        0  libshutdown2.o(.ARM.Collect$$libshutdown$$00000009)
    .ARM.Collect$$libshutdown$$0000000C      0x0800022a   Section        0  libshutdown2.o(.ARM.Collect$$libshutdown$$0000000C)
    .ARM.Collect$$libshutdown$$0000000E      0x0800022a   Section        0  libshutdown2.o(.ARM.Collect$$libshutdown$$0000000E)
    .ARM.Collect$$libshutdown$$00000011      0x0800022a   Section        0  libshutdown2.o(.ARM.Collect$$libshutdown$$00000011)
    .ARM.Collect$$libshutdown$$00000012      0x0800022a   Section        2  libshutdown2.o(.ARM.Collect$$libshutdown$$00000012)
    .ARM.Collect$$rtentry$$00000000          0x0800022c   Section        0  __rtentry.o(.ARM.Collect$$rtentry$$00000000)
    .ARM.Collect$$rtentry$$00000002          0x0800022c   Section        0  __rtentry2.o(.ARM.Collect$$rtentry$$00000002)
    .ARM.Collect$$rtentry$$00000004          0x0800022c   Section        6  __rtentry4.o(.ARM.Collect$$rtentry$$00000004)
    .ARM.Collect$$rtentry$$00000009          0x08000232   Section        0  __rtentry2.o(.ARM.Collect$$rtentry$$00000009)
    .ARM.Collect$$rtentry$$0000000A          0x08000232   Section        4  __rtentry2.o(.ARM.Collect$$rtentry$$0000000A)
    .ARM.Collect$$rtentry$$0000000C          0x08000236   Section        0  __rtentry2.o(.ARM.Collect$$rtentry$$0000000C)
    .ARM.Collect$$rtentry$$0000000D          0x08000236   Section        8  __rtentry2.o(.ARM.Collect$$rtentry$$0000000D)
    .ARM.Collect$$rtexit$$00000000           0x0800023e   Section        2  rtexit.o(.ARM.Collect$$rtexit$$00000000)
    .ARM.Collect$$rtexit$$00000002           0x08000240   Section        0  rtexit2.o(.ARM.Collect$$rtexit$$00000002)
    .ARM.Collect$$rtexit$$00000003           0x08000240   Section        4  rtexit2.o(.ARM.Collect$$rtexit$$00000003)
    .ARM.Collect$$rtexit$$00000004           0x08000244   Section        6  rtexit2.o(.ARM.Collect$$rtexit$$00000004)
    .text                                    0x0800024c   Section       64  startup_stm32f429_439xx.o(.text)
    $v0                                      0x0800024c   Number         0  startup_stm32f429_439xx.o(.text)
    .text                                    0x0800028c   Section        0  heapauxi.o(.text)
    .text                                    0x08000292   Section        0  _rserrno.o(.text)
    .text                                    0x080002a8   Section        8  rt_errno_addr_intlibspace.o(.text)
    .text                                    0x080002b0   Section        8  libspace.o(.text)
    .text                                    0x080002b8   Section       74  sys_stackheap_outer.o(.text)
    .text                                    0x08000302   Section        0  exit.o(.text)
    .text                                    0x08000314   Section        0  sys_exit.o(.text)
    .text                                    0x08000320   Section        2  use_no_semi.o(.text)
    .text                                    0x08000322   Section        0  indicate_semi.o(.text)
    i.BusFault_Handler                       0x08000322   Section        0  stm32f4xx_it.o(i.BusFault_Handler)
    i.DMA2D_DeInit                           0x08000326   Section        0  stm32f4xx_dma2d.o(i.DMA2D_DeInit)
    i.DMA2D_GetFlagStatus                    0x0800033c   Section        0  stm32f4xx_dma2d.o(i.DMA2D_GetFlagStatus)
    i.DMA2D_Init                             0x08000354   Section        0  stm32f4xx_dma2d.o(i.DMA2D_Init)
    i.DMA2D_StartTransfer                    0x08000438   Section        0  stm32f4xx_dma2d.o(i.DMA2D_StartTransfer)
    i.DebugMon_Handler                       0x0800044c   Section        0  stm32f4xx_it.o(i.DebugMon_Handler)
    i.DrawSinWave                            0x08000450   Section        0  main.o(i.DrawSinWave)
    i.FMC_GetFlagStatus                      0x0800053c   Section        0  stm32f4xx_fmc.o(i.FMC_GetFlagStatus)
    i.FMC_SDRAMCmdConfig                     0x08000584   Section        0  stm32f4xx_fmc.o(i.FMC_SDRAMCmdConfig)
    i.FMC_SDRAMInit                          0x080005a4   Section        0  stm32f4xx_fmc.o(i.FMC_SDRAMInit)
    i.FMC_SetRefreshCount                    0x080006e8   Section        0  stm32f4xx_fmc.o(i.FMC_SetRefreshCount)
    i.GPIO_Init                              0x08000700   Section        0  stm32f4xx_gpio.o(i.GPIO_Init)
    i.GPIO_PinAFConfig                       0x08000790   Section        0  stm32f4xx_gpio.o(i.GPIO_PinAFConfig)
    i.GPIO_ResetBits                         0x080007d6   Section        0  stm32f4xx_gpio.o(i.GPIO_ResetBits)
    i.GPIO_SetBits                           0x080007da   Section        0  stm32f4xx_gpio.o(i.GPIO_SetBits)
    i.GPIO_WriteBit                          0x080007de   Section        0  stm32f4xx_gpio.o(i.GPIO_WriteBit)
    i.HardFault_Handler                      0x080007e8   Section        0  stm32f4xx_it.o(i.HardFault_Handler)
    i.LCD_AF_GPIOConfig                      0x080007ec   Section        0  stm32f429i_discovery_lcd.o(i.LCD_AF_GPIOConfig)
    LCD_AF_GPIOConfig                        0x080007ed   Thumb Code   334  stm32f429i_discovery_lcd.o(i.LCD_AF_GPIOConfig)
    i.LCD_ChipSelect                         0x08000954   Section        0  stm32f429i_discovery_lcd.o(i.LCD_ChipSelect)
    i.LCD_Clear                              0x08000974   Section        0  stm32f429i_discovery_lcd.o(i.LCD_Clear)
    i.LCD_CtrlLinesConfig                    0x08000994   Section        0  stm32f429i_discovery_lcd.o(i.LCD_CtrlLinesConfig)
    i.LCD_CtrlLinesWrite                     0x080009e4   Section        0  stm32f429i_discovery_lcd.o(i.LCD_CtrlLinesWrite)
    i.LCD_DisplayOn                          0x080009f8   Section        0  stm32f429i_discovery_lcd.o(i.LCD_DisplayOn)
    i.LCD_DrawLine                           0x08000a04   Section        0  stm32f429i_discovery_lcd.o(i.LCD_DrawLine)
    i.LCD_Init                               0x08000aac   Section        0  stm32f429i_discovery_lcd.o(i.LCD_Init)
    i.LCD_LayerInit                          0x08000b48   Section        0  stm32f429i_discovery_lcd.o(i.LCD_LayerInit)
    i.LCD_PowerOn                            0x08000bec   Section        0  stm32f429i_discovery_lcd.o(i.LCD_PowerOn)
    i.LCD_SPIConfig                          0x08000e78   Section        0  stm32f429i_discovery_lcd.o(i.LCD_SPIConfig)
    i.LCD_SetBackColor                       0x08000f4c   Section        0  stm32f429i_discovery_lcd.o(i.LCD_SetBackColor)
    i.LCD_SetFont                            0x08000f58   Section        0  stm32f429i_discovery_lcd.o(i.LCD_SetFont)
    i.LCD_SetLayer                           0x08000f64   Section        0  stm32f429i_discovery_lcd.o(i.LCD_SetLayer)
    i.LCD_SetTextColor                       0x08000f90   Section        0  stm32f429i_discovery_lcd.o(i.LCD_SetTextColor)
    i.LCD_WriteCommand                       0x08000f9c   Section        0  stm32f429i_discovery_lcd.o(i.LCD_WriteCommand)
    i.LCD_WriteData                          0x08000fe8   Section        0  stm32f429i_discovery_lcd.o(i.LCD_WriteData)
    i.LTDC_Cmd                               0x08001030   Section        0  stm32f4xx_ltdc.o(i.LTDC_Cmd)
    i.LTDC_DitherCmd                         0x08001054   Section        0  stm32f4xx_ltdc.o(i.LTDC_DitherCmd)
    i.LTDC_Init                              0x08001078   Section        0  stm32f4xx_ltdc.o(i.LTDC_Init)
    i.LTDC_LayerCmd                          0x08001200   Section        0  stm32f4xx_ltdc.o(i.LTDC_LayerCmd)
    i.LTDC_LayerInit                         0x08001216   Section        0  stm32f4xx_ltdc.o(i.LTDC_LayerInit)
    i.LTDC_ReloadConfig                      0x0800132c   Section        0  stm32f4xx_ltdc.o(i.LTDC_ReloadConfig)
    i.MemManage_Handler                      0x08001338   Section        0  stm32f4xx_it.o(i.MemManage_Handler)
    i.NMI_Handler                            0x0800133c   Section        0  stm32f4xx_it.o(i.NMI_Handler)
    i.PendSV_Handler                         0x0800133e   Section        0  stm32f4xx_it.o(i.PendSV_Handler)
    i.RCC_AHB1PeriphClockCmd                 0x08001340   Section        0  stm32f4xx_rcc.o(i.RCC_AHB1PeriphClockCmd)
    i.RCC_AHB1PeriphResetCmd                 0x08001360   Section        0  stm32f4xx_rcc.o(i.RCC_AHB1PeriphResetCmd)
    i.RCC_AHB2PeriphClockCmd                 0x08001380   Section        0  stm32f4xx_rcc.o(i.RCC_AHB2PeriphClockCmd)
    i.RCC_AHB3PeriphClockCmd                 0x080013a0   Section        0  stm32f4xx_rcc.o(i.RCC_AHB3PeriphClockCmd)
    i.RCC_APB1PeriphResetCmd                 0x080013c0   Section        0  stm32f4xx_rcc.o(i.RCC_APB1PeriphResetCmd)
    i.RCC_APB2PeriphClockCmd                 0x080013e0   Section        0  stm32f4xx_rcc.o(i.RCC_APB2PeriphClockCmd)
    i.RCC_APB2PeriphResetCmd                 0x08001400   Section        0  stm32f4xx_rcc.o(i.RCC_APB2PeriphResetCmd)
    i.RCC_GetFlagStatus                      0x08001420   Section        0  stm32f4xx_rcc.o(i.RCC_GetFlagStatus)
    i.RCC_LTDCCLKDivConfig                   0x08001460   Section        0  stm32f4xx_rcc.o(i.RCC_LTDCCLKDivConfig)
    i.RCC_PLLSAICmd                          0x08001478   Section        0  stm32f4xx_rcc.o(i.RCC_PLLSAICmd)
    i.RCC_PLLSAIConfig                       0x08001484   Section        0  stm32f4xx_rcc.o(i.RCC_PLLSAIConfig)
    i.RNG_Cmd                                0x0800149c   Section        0  stm32f4xx_rng.o(i.RNG_Cmd)
    i.SDRAM_GPIOConfig                       0x080014c0   Section        0  stm32f429i_discovery_sdram.o(i.SDRAM_GPIOConfig)
    i.SDRAM_Init                             0x080016c4   Section        0  stm32f429i_discovery_sdram.o(i.SDRAM_Init)
    i.SDRAM_InitSequence                     0x0800172c   Section        0  stm32f429i_discovery_sdram.o(i.SDRAM_InitSequence)
    i.SPI_Cmd                                0x080017f4   Section        0  stm32f4xx_spi.o(i.SPI_Cmd)
    i.SPI_I2S_DeInit                         0x0800180c   Section        0  stm32f4xx_spi.o(i.SPI_I2S_DeInit)
    i.SPI_I2S_GetFlagStatus                  0x080018bc   Section        0  stm32f4xx_spi.o(i.SPI_I2S_GetFlagStatus)
    i.SPI_I2S_SendData                       0x080018ce   Section        0  stm32f4xx_spi.o(i.SPI_I2S_SendData)
    i.SPI_Init                               0x080018d2   Section        0  stm32f4xx_spi.o(i.SPI_Init)
    i.SVC_Handler                            0x0800190e   Section        0  stm32f4xx_it.o(i.SVC_Handler)
    i.SetSysClock                            0x08001910   Section        0  system_stm32f4xx.o(i.SetSysClock)
    SetSysClock                              0x08001911   Thumb Code   274  system_stm32f4xx.o(i.SetSysClock)
    i.SysTickSet                             0x08001a34   Section        0  delay_ms.o(i.SysTickSet)
    i.SysTick_Handler                        0x08001aa8   Section        0  stm32f4xx_it.o(i.SysTick_Handler)
    i.SystemCoreClockUpdate                  0x08001ab8   Section        0  system_stm32f4xx.o(i.SystemCoreClockUpdate)
    i.SystemInit                             0x08001b78   Section        0  system_stm32f4xx.o(i.SystemInit)
    i.UsageFault_Handler                     0x08001be0   Section        0  stm32f4xx_it.o(i.UsageFault_Handler)
    i.__ARM_fpclassify                       0x08001be4   Section        0  fpclassify.o(i.__ARM_fpclassify)
    i.__hardfp_sin                           0x08001c18   Section        0  sin.o(i.__hardfp_sin)
    i.__ieee754_rem_pio2                     0x08001ce0   Section        0  rred.o(i.__ieee754_rem_pio2)
    i.__kernel_cos                           0x08002118   Section        0  cos_i.o(i.__kernel_cos)
    i.__kernel_poly                          0x08002288   Section        0  poly.o(i.__kernel_poly)
    i.__kernel_sin                           0x08002380   Section        0  sin_i.o(i.__kernel_sin)
    i.__mathlib_dbl_infnan                   0x080024b0   Section        0  dunder.o(i.__mathlib_dbl_infnan)
    i.__mathlib_dbl_invalid                  0x080024c8   Section        0  dunder.o(i.__mathlib_dbl_invalid)
    i.__mathlib_dbl_underflow                0x080024e8   Section        0  dunder.o(i.__mathlib_dbl_underflow)
    i.delay                                  0x08002508   Section        0  stm32f429i_discovery_lcd.o(i.delay)
    delay                                    0x08002509   Thumb Code    28  stm32f429i_discovery_lcd.o(i.delay)
    i.delay                                  0x08002524   Section        0  stm32f429i_discovery_sdram.o(i.delay)
    delay                                    0x08002525   Thumb Code    32  stm32f429i_discovery_sdram.o(i.delay)
    i.delay_ms                               0x08002548   Section        0  delay_ms.o(i.delay_ms)
    i.fabs                                   0x08002560   Section        0  fabs.o(i.fabs)
    i.main                                   0x08002578   Section        0  main.o(i.main)
    x$fpl$basic                              0x080025f0   Section       24  basic.o(x$fpl$basic)
    $v0                                      0x080025f0   Number         0  basic.o(x$fpl$basic)
    x$fpl$d2f                                0x08002608   Section       98  d2f.o(x$fpl$d2f)
    $v0                                      0x08002608   Number         0  d2f.o(x$fpl$d2f)
    x$fpl$dadd                               0x0800266c   Section      336  daddsub_clz.o(x$fpl$dadd)
    $v0                                      0x0800266c   Number         0  daddsub_clz.o(x$fpl$dadd)
    _dadd1                                   0x0800267d   Thumb Code     0  daddsub_clz.o(x$fpl$dadd)
    x$fpl$ddiv                               0x080027bc   Section      688  ddiv.o(x$fpl$ddiv)
    $v0                                      0x080027bc   Number         0  ddiv.o(x$fpl$ddiv)
    ddiv_entry                               0x080027c3   Thumb Code     0  ddiv.o(x$fpl$ddiv)
    x$fpl$dfix                               0x08002a6c   Section       94  dfix.o(x$fpl$dfix)
    $v0                                      0x08002a6c   Number         0  dfix.o(x$fpl$dfix)
    x$fpl$dflt                               0x08002aca   Section       46  dflt_clz.o(x$fpl$dflt)
    $v0                                      0x08002aca   Number         0  dflt_clz.o(x$fpl$dflt)
    x$fpl$dfltu                              0x08002af8   Section       38  dflt_clz.o(x$fpl$dfltu)
    $v0                                      0x08002af8   Number         0  dflt_clz.o(x$fpl$dfltu)
    x$fpl$dmul                               0x08002b20   Section      340  dmul.o(x$fpl$dmul)
    $v0                                      0x08002b20   Number         0  dmul.o(x$fpl$dmul)
    x$fpl$dnaninf                            0x08002c74   Section      156  dnaninf.o(x$fpl$dnaninf)
    $v0                                      0x08002c74   Number         0  dnaninf.o(x$fpl$dnaninf)
    x$fpl$dretinf                            0x08002d10   Section       12  dretinf.o(x$fpl$dretinf)
    $v0                                      0x08002d10   Number         0  dretinf.o(x$fpl$dretinf)
    x$fpl$drsb                               0x08002d1c   Section       22  daddsub_clz.o(x$fpl$drsb)
    $v0                                      0x08002d1c   Number         0  daddsub_clz.o(x$fpl$drsb)
    x$fpl$dsub                               0x08002d34   Section      468  daddsub_clz.o(x$fpl$dsub)
    $v0                                      0x08002d34   Number         0  daddsub_clz.o(x$fpl$dsub)
    _dsub1                                   0x08002d45   Thumb Code     0  daddsub_clz.o(x$fpl$dsub)
    x$fpl$f2d                                0x08002f08   Section       86  f2d.o(x$fpl$f2d)
    $v0                                      0x08002f08   Number         0  f2d.o(x$fpl$f2d)
    x$fpl$fnaninf                            0x08002f5e   Section      140  fnaninf.o(x$fpl$fnaninf)
    $v0                                      0x08002f5e   Number         0  fnaninf.o(x$fpl$fnaninf)
    x$fpl$fpinit                             0x08002fea   Section       10  fpinit.o(x$fpl$fpinit)
    $v0                                      0x08002fea   Number         0  fpinit.o(x$fpl$fpinit)
    x$fpl$fretinf                            0x08002ff4   Section       10  fretinf.o(x$fpl$fretinf)
    $v0                                      0x08002ff4   Number         0  fretinf.o(x$fpl$fretinf)
    .constdata                               0x08002ffe   Section    10704  stm32f429i_discovery_lcd.o(.constdata)
    x$fpl$usenofp                            0x08002ffe   Section        0  usenofp.o(x$fpl$usenofp)
    .constdata                               0x080059ce   Section       24  system_stm32f4xx.o(.constdata)
    .constdata                               0x080059e8   Section       48  cos_i.o(.constdata)
    C                                        0x080059e8   Data          48  cos_i.o(.constdata)
    .constdata                               0x08005a18   Section      200  rred.o(.constdata)
    pio2s                                    0x08005a18   Data          48  rred.o(.constdata)
    twooverpi                                0x08005a48   Data         152  rred.o(.constdata)
    .constdata                               0x08005ae0   Section       40  sin_i.o(.constdata)
    S                                        0x08005ae0   Data          40  sin_i.o(.constdata)
    .data                                    0x20000000   Section       48  stm32f429i_discovery_lcd.o(.data)
    LCD_Currentfonts                         0x20000020   Data           4  stm32f429i_discovery_lcd.o(.data)
    CurrentTextColor                         0x20000024   Data           2  stm32f429i_discovery_lcd.o(.data)
    CurrentBackColor                         0x20000026   Data           2  stm32f429i_discovery_lcd.o(.data)
    CurrentFrameBuffer                       0x20000028   Data           4  stm32f429i_discovery_lcd.o(.data)
    CurrentLayer                             0x2000002c   Data           4  stm32f429i_discovery_lcd.o(.data)
    .data                                    0x20000030   Section        4  stm32f4xx_it.o(.data)
    .data                                    0x20000034   Section        4  system_stm32f4xx.o(.data)
    .bss                                     0x20000038   Section       96  libspace.o(.bss)
    HEAP                                     0x20000098   Section      512  startup_stm32f429_439xx.o(HEAP)
    Heap_Mem                                 0x20000098   Data         512  startup_stm32f429_439xx.o(HEAP)
    STACK                                    0x20000298   Section     1024  startup_stm32f429_439xx.o(STACK)
    Stack_Mem                                0x20000298   Data        1024  startup_stm32f429_439xx.o(STACK)
    __initial_sp                             0x20000698   Data           0  startup_stm32f429_439xx.o(STACK)

    Global Symbols

    Symbol Name                              Value     Ov Type        Size  Object(Section)

    BuildAttributes$$THM_ISAv4$E$P$D$K$B$S$7EM$VFPi3$EXTD16$VFPS$VFMA$PE$A:L22UL41UL21$X:L11$S22US41US21$IEEE1$IW$USESV6$~STKCKD$USESV7$~SHL$OTIME$ROPI$IEEEX$EBA8$UX$STANDARDLIB$REQ8$PRES8$EABIv2 0x00000000   Number         0  anon$$obj.o ABSOLUTE
    __ARM_use_no_argv                        0x00000000   Number         0  main.o ABSOLUTE
    __ARM_exceptions_init                     - Undefined Weak Reference
    __alloca_initialize                       - Undefined Weak Reference
    __arm_fini_                               - Undefined Weak Reference
    __arm_preinit_                            - Undefined Weak Reference
    __cpp_initialize__aeabi_                  - Undefined Weak Reference
    __cxa_finalize                            - Undefined Weak Reference
    __rt_locale                               - Undefined Weak Reference
    __sigvec_lookup                           - Undefined Weak Reference
    _atexit_init                              - Undefined Weak Reference
    _call_atexit_fns                          - Undefined Weak Reference
    _clock_init                               - Undefined Weak Reference
    _fp_trap_init                             - Undefined Weak Reference
    _fp_trap_shutdown                         - Undefined Weak Reference
    _get_lc_collate                           - Undefined Weak Reference
    _get_lc_ctype                             - Undefined Weak Reference
    _get_lc_monetary                          - Undefined Weak Reference
    _get_lc_numeric                           - Undefined Weak Reference
    _get_lc_time                              - Undefined Weak Reference
    _getenv_init                              - Undefined Weak Reference
    _handle_redirection                       - Undefined Weak Reference
    _init_alloc                               - Undefined Weak Reference
    _init_user_alloc                          - Undefined Weak Reference
    _initio                                   - Undefined Weak Reference
    _rand_init                                - Undefined Weak Reference
    _signal_finish                            - Undefined Weak Reference
    _signal_init                              - Undefined Weak Reference
    _terminate_alloc                          - Undefined Weak Reference
    _terminate_user_alloc                     - Undefined Weak Reference
    _terminateio                              - Undefined Weak Reference
    __Vectors_Size                           0x000001ac   Number         0  startup_stm32f429_439xx.o ABSOLUTE
    __Vectors                                0x08000000   Data           4  startup_stm32f429_439xx.o(RESET)
    __Vectors_End                            0x080001ac   Data           0  startup_stm32f429_439xx.o(RESET)
    __main                                   0x080001ad   Thumb Code     8  __main.o(!!!main)
    __scatterload                            0x080001b5   Thumb Code     0  __scatter.o(!!!scatter)
    __scatterload_rt2                        0x080001b5   Thumb Code    44  __scatter.o(!!!scatter)
    __scatterload_rt2_thumb_only             0x080001b5   Thumb Code     0  __scatter.o(!!!scatter)
    __scatterload_null                       0x080001c3   Thumb Code     0  __scatter.o(!!!scatter)
    __scatterload_copy                       0x080001e9   Thumb Code    26  __scatter_copy.o(!!handler_copy)
    __scatterload_zeroinit                   0x08000205   Thumb Code    28  __scatter_zi.o(!!handler_zi)
    __rt_lib_init                            0x08000221   Thumb Code     0  libinit.o(.ARM.Collect$$libinit$$00000000)
    __rt_lib_init_fp_1                       0x08000223   Thumb Code     0  libinit2.o(.ARM.Collect$$libinit$$00000001)
    __rt_lib_init_alloca_1                   0x08000227   Thumb Code     0  libinit2.o(.ARM.Collect$$libinit$$0000002E)
    __rt_lib_init_argv_1                     0x08000227   Thumb Code     0  libinit2.o(.ARM.Collect$$libinit$$0000002C)
    __rt_lib_init_atexit_1                   0x08000227   Thumb Code     0  libinit2.o(.ARM.Collect$$libinit$$0000001B)
    __rt_lib_init_clock_1                    0x08000227   Thumb Code     0  libinit2.o(.ARM.Collect$$libinit$$00000021)
    __rt_lib_init_cpp_1                      0x08000227   Thumb Code     0  libinit2.o(.ARM.Collect$$libinit$$00000032)
    __rt_lib_init_exceptions_1               0x08000227   Thumb Code     0  libinit2.o(.ARM.Collect$$libinit$$00000030)
    __rt_lib_init_fp_trap_1                  0x08000227   Thumb Code     0  libinit2.o(.ARM.Collect$$libinit$$0000001F)
    __rt_lib_init_getenv_1                   0x08000227   Thumb Code     0  libinit2.o(.ARM.Collect$$libinit$$00000023)
    __rt_lib_init_heap_1                     0x08000227   Thumb Code     0  libinit2.o(.ARM.Collect$$libinit$$0000000A)
    __rt_lib_init_lc_collate_1               0x08000227   Thumb Code     0  libinit2.o(.ARM.Collect$$libinit$$00000011)
    __rt_lib_init_lc_ctype_1                 0x08000227   Thumb Code     0  libinit2.o(.ARM.Collect$$libinit$$00000013)
    __rt_lib_init_lc_monetary_1              0x08000227   Thumb Code     0  libinit2.o(.ARM.Collect$$libinit$$00000015)
    __rt_lib_init_lc_numeric_1               0x08000227   Thumb Code     0  libinit2.o(.ARM.Collect$$libinit$$00000017)
    __rt_lib_init_lc_time_1                  0x08000227   Thumb Code     0  libinit2.o(.ARM.Collect$$libinit$$00000019)
    __rt_lib_init_preinit_1                  0x08000227   Thumb Code     0  libinit2.o(.ARM.Collect$$libinit$$00000004)
    __rt_lib_init_rand_1                     0x08000227   Thumb Code     0  libinit2.o(.ARM.Collect$$libinit$$0000000E)
    __rt_lib_init_return                     0x08000227   Thumb Code     0  libinit2.o(.ARM.Collect$$libinit$$00000033)
    __rt_lib_init_signal_1                   0x08000227   Thumb Code     0  libinit2.o(.ARM.Collect$$libinit$$0000001D)
    __rt_lib_init_stdio_1                    0x08000227   Thumb Code     0  libinit2.o(.ARM.Collect$$libinit$$00000025)
    __rt_lib_init_user_alloc_1               0x08000227   Thumb Code     0  libinit2.o(.ARM.Collect$$libinit$$0000000C)
    __rt_lib_shutdown                        0x08000229   Thumb Code     0  libshutdown.o(.ARM.Collect$$libshutdown$$00000000)
    __rt_lib_shutdown_cpp_1                  0x0800022b   Thumb Code     0  libshutdown2.o(.ARM.Collect$$libshutdown$$00000004)
    __rt_lib_shutdown_fini_1                 0x0800022b   Thumb Code     0  libshutdown2.o(.ARM.Collect$$libshutdown$$00000002)
    __rt_lib_shutdown_fp_trap_1              0x0800022b   Thumb Code     0  libshutdown2.o(.ARM.Collect$$libshutdown$$00000009)
    __rt_lib_shutdown_heap_1                 0x0800022b   Thumb Code     0  libshutdown2.o(.ARM.Collect$$libshutdown$$00000011)
    __rt_lib_shutdown_return                 0x0800022b   Thumb Code     0  libshutdown2.o(.ARM.Collect$$libshutdown$$00000012)
    __rt_lib_shutdown_signal_1               0x0800022b   Thumb Code     0  libshutdown2.o(.ARM.Collect$$libshutdown$$0000000C)
    __rt_lib_shutdown_stdio_1                0x0800022b   Thumb Code     0  libshutdown2.o(.ARM.Collect$$libshutdown$$00000006)
    __rt_lib_shutdown_user_alloc_1           0x0800022b   Thumb Code     0  libshutdown2.o(.ARM.Collect$$libshutdown$$0000000E)
    __rt_entry                               0x0800022d   Thumb Code     0  __rtentry.o(.ARM.Collect$$rtentry$$00000000)
    __rt_entry_presh_1                       0x0800022d   Thumb Code     0  __rtentry2.o(.ARM.Collect$$rtentry$$00000002)
    __rt_entry_sh                            0x0800022d   Thumb Code     0  __rtentry4.o(.ARM.Collect$$rtentry$$00000004)
    __rt_entry_li                            0x08000233   Thumb Code     0  __rtentry2.o(.ARM.Collect$$rtentry$$0000000A)
    __rt_entry_postsh_1                      0x08000233   Thumb Code     0  __rtentry2.o(.ARM.Collect$$rtentry$$00000009)
    __rt_entry_main                          0x08000237   Thumb Code     0  __rtentry2.o(.ARM.Collect$$rtentry$$0000000D)
    __rt_entry_postli_1                      0x08000237   Thumb Code     0  __rtentry2.o(.ARM.Collect$$rtentry$$0000000C)
    __rt_exit                                0x0800023f   Thumb Code     0  rtexit.o(.ARM.Collect$$rtexit$$00000000)
    __rt_exit_ls                             0x08000241   Thumb Code     0  rtexit2.o(.ARM.Collect$$rtexit$$00000003)
    __rt_exit_prels_1                        0x08000241   Thumb Code     0  rtexit2.o(.ARM.Collect$$rtexit$$00000002)
    __rt_exit_exit                           0x08000245   Thumb Code     0  rtexit2.o(.ARM.Collect$$rtexit$$00000004)
    Reset_Handler                            0x0800024d   Thumb Code     8  startup_stm32f429_439xx.o(.text)
    ADC_IRQHandler                           0x08000267   Thumb Code     0  startup_stm32f429_439xx.o(.text)
    CAN1_RX0_IRQHandler                      0x08000267   Thumb Code     0  startup_stm32f429_439xx.o(.text)
    CAN1_RX1_IRQHandler                      0x08000267   Thumb Code     0  startup_stm32f429_439xx.o(.text)
    CAN1_SCE_IRQHandler                      0x08000267   Thumb Code     0  startup_stm32f429_439xx.o(.text)
    CAN1_TX_IRQHandler                       0x08000267   Thumb Code     0  startup_stm32f429_439xx.o(.text)
    CAN2_RX0_IRQHandler                      0x08000267   Thumb Code     0  startup_stm32f429_439xx.o(.text)
    CAN2_RX1_IRQHandler                      0x08000267   Thumb Code     0  startup_stm32f429_439xx.o(.text)
    CAN2_SCE_IRQHandler                      0x08000267   Thumb Code     0  startup_stm32f429_439xx.o(.text)
    CAN2_TX_IRQHandler                       0x08000267   Thumb Code     0  startup_stm32f429_439xx.o(.text)
    CRYP_IRQHandler                          0x08000267   Thumb Code     0  startup_stm32f429_439xx.o(.text)
    DCMI_IRQHandler                          0x08000267   Thumb Code     0  startup_stm32f429_439xx.o(.text)
    DMA1_Stream0_IRQHandler                  0x08000267   Thumb Code     0  startup_stm32f429_439xx.o(.text)
    DMA1_Stream1_IRQHandler                  0x08000267   Thumb Code     0  startup_stm32f429_439xx.o(.text)
    DMA1_Stream2_IRQHandler                  0x08000267   Thumb Code     0  startup_stm32f429_439xx.o(.text)
    DMA1_Stream3_IRQHandler                  0x08000267   Thumb Code     0  startup_stm32f429_439xx.o(.text)
    DMA1_Stream4_IRQHandler                  0x08000267   Thumb Code     0  startup_stm32f429_439xx.o(.text)
    DMA1_Stream5_IRQHandler                  0x08000267   Thumb Code     0  startup_stm32f429_439xx.o(.text)
    DMA1_Stream6_IRQHandler                  0x08000267   Thumb Code     0  startup_stm32f429_439xx.o(.text)
    DMA1_Stream7_IRQHandler                  0x08000267   Thumb Code     0  startup_stm32f429_439xx.o(.text)
    DMA2D_IRQHandler                         0x08000267   Thumb Code     0  startup_stm32f429_439xx.o(.text)
    DMA2_Stream0_IRQHandler                  0x08000267   Thumb Code     0  startup_stm32f429_439xx.o(.text)
    DMA2_Stream1_IRQHandler                  0x08000267   Thumb Code     0  startup_stm32f429_439xx.o(.text)
    DMA2_Stream2_IRQHandler                  0x08000267   Thumb Code     0  startup_stm32f429_439xx.o(.text)
    DMA2_Stream3_IRQHandler                  0x08000267   Thumb Code     0  startup_stm32f429_439xx.o(.text)
    DMA2_Stream4_IRQHandler                  0x08000267   Thumb Code     0  startup_stm32f429_439xx.o(.text)
    DMA2_Stream5_IRQHandler                  0x08000267   Thumb Code     0  startup_stm32f429_439xx.o(.text)
    DMA2_Stream6_IRQHandler                  0x08000267   Thumb Code     0  startup_stm32f429_439xx.o(.text)
    DMA2_Stream7_IRQHandler                  0x08000267   Thumb Code     0  startup_stm32f429_439xx.o(.text)
    ETH_IRQHandler                           0x08000267   Thumb Code     0  startup_stm32f429_439xx.o(.text)
    ETH_WKUP_IRQHandler                      0x08000267   Thumb Code     0  startup_stm32f429_439xx.o(.text)
    EXTI0_IRQHandler                         0x08000267   Thumb Code     0  startup_stm32f429_439xx.o(.text)
    EXTI15_10_IRQHandler                     0x08000267   Thumb Code     0  startup_stm32f429_439xx.o(.text)
    EXTI1_IRQHandler                         0x08000267   Thumb Code     0  startup_stm32f429_439xx.o(.text)
    EXTI2_IRQHandler                         0x08000267   Thumb Code     0  startup_stm32f429_439xx.o(.text)
    EXTI3_IRQHandler                         0x08000267   Thumb Code     0  startup_stm32f429_439xx.o(.text)
    EXTI4_IRQHandler                         0x08000267   Thumb Code     0  startup_stm32f429_439xx.o(.text)
    EXTI9_5_IRQHandler                       0x08000267   Thumb Code     0  startup_stm32f429_439xx.o(.text)
    FLASH_IRQHandler                         0x08000267   Thumb Code     0  startup_stm32f429_439xx.o(.text)
    FMC_IRQHandler                           0x08000267   Thumb Code     0  startup_stm32f429_439xx.o(.text)
    FPU_IRQHandler                           0x08000267   Thumb Code     0  startup_stm32f429_439xx.o(.text)
    HASH_RNG_IRQHandler                      0x08000267   Thumb Code     0  startup_stm32f429_439xx.o(.text)
    I2C1_ER_IRQHandler                       0x08000267   Thumb Code     0  startup_stm32f429_439xx.o(.text)
    I2C1_EV_IRQHandler                       0x08000267   Thumb Code     0  startup_stm32f429_439xx.o(.text)
    I2C2_ER_IRQHandler                       0x08000267   Thumb Code     0  startup_stm32f429_439xx.o(.text)
    I2C2_EV_IRQHandler                       0x08000267   Thumb Code     0  startup_stm32f429_439xx.o(.text)
    I2C3_ER_IRQHandler                       0x08000267   Thumb Code     0  startup_stm32f429_439xx.o(.text)
    I2C3_EV_IRQHandler                       0x08000267   Thumb Code     0  startup_stm32f429_439xx.o(.text)
    LTDC_ER_IRQHandler                       0x08000267   Thumb Code     0  startup_stm32f429_439xx.o(.text)
    LTDC_IRQHandler                          0x08000267   Thumb Code     0  startup_stm32f429_439xx.o(.text)
    OTG_FS_IRQHandler                        0x08000267   Thumb Code     0  startup_stm32f429_439xx.o(.text)
    OTG_FS_WKUP_IRQHandler                   0x08000267   Thumb Code     0  startup_stm32f429_439xx.o(.text)
    OTG_HS_EP1_IN_IRQHandler                 0x08000267   Thumb Code     0  startup_stm32f429_439xx.o(.text)
    OTG_HS_EP1_OUT_IRQHandler                0x08000267   Thumb Code     0  startup_stm32f429_439xx.o(.text)
    OTG_HS_IRQHandler                        0x08000267   Thumb Code     0  startup_stm32f429_439xx.o(.text)
    OTG_HS_WKUP_IRQHandler                   0x08000267   Thumb Code     0  startup_stm32f429_439xx.o(.text)
    PVD_IRQHandler                           0x08000267   Thumb Code     0  startup_stm32f429_439xx.o(.text)
    RCC_IRQHandler                           0x08000267   Thumb Code     0  startup_stm32f429_439xx.o(.text)
    RTC_Alarm_IRQHandler                     0x08000267   Thumb Code     0  startup_stm32f429_439xx.o(.text)
    RTC_WKUP_IRQHandler                      0x08000267   Thumb Code     0  startup_stm32f429_439xx.o(.text)
    SAI1_IRQHandler                          0x08000267   Thumb Code     0  startup_stm32f429_439xx.o(.text)
    SDIO_IRQHandler                          0x08000267   Thumb Code     0  startup_stm32f429_439xx.o(.text)
    SPI1_IRQHandler                          0x08000267   Thumb Code     0  startup_stm32f429_439xx.o(.text)
    SPI2_IRQHandler                          0x08000267   Thumb Code     0  startup_stm32f429_439xx.o(.text)
    SPI3_IRQHandler                          0x08000267   Thumb Code     0  startup_stm32f429_439xx.o(.text)
    SPI4_IRQHandler                          0x08000267   Thumb Code     0  startup_stm32f429_439xx.o(.text)
    SPI5_IRQHandler                          0x08000267   Thumb Code     0  startup_stm32f429_439xx.o(.text)
    SPI6_IRQHandler                          0x08000267   Thumb Code     0  startup_stm32f429_439xx.o(.text)
    TAMP_STAMP_IRQHandler                    0x08000267   Thumb Code     0  startup_stm32f429_439xx.o(.text)
    TIM1_BRK_TIM9_IRQHandler                 0x08000267   Thumb Code     0  startup_stm32f429_439xx.o(.text)
    TIM1_CC_IRQHandler                       0x08000267   Thumb Code     0  startup_stm32f429_439xx.o(.text)
    TIM1_TRG_COM_TIM11_IRQHandler            0x08000267   Thumb Code     0  startup_stm32f429_439xx.o(.text)
    TIM1_UP_TIM10_IRQHandler                 0x08000267   Thumb Code     0  startup_stm32f429_439xx.o(.text)
    TIM2_IRQHandler                          0x08000267   Thumb Code     0  startup_stm32f429_439xx.o(.text)
    TIM3_IRQHandler                          0x08000267   Thumb Code     0  startup_stm32f429_439xx.o(.text)
    TIM4_IRQHandler                          0x08000267   Thumb Code     0  startup_stm32f429_439xx.o(.text)
    TIM5_IRQHandler                          0x08000267   Thumb Code     0  startup_stm32f429_439xx.o(.text)
    TIM6_DAC_IRQHandler                      0x08000267   Thumb Code     0  startup_stm32f429_439xx.o(.text)
    TIM7_IRQHandler                          0x08000267   Thumb Code     0  startup_stm32f429_439xx.o(.text)
    TIM8_BRK_TIM12_IRQHandler                0x08000267   Thumb Code     0  startup_stm32f429_439xx.o(.text)
    TIM8_CC_IRQHandler                       0x08000267   Thumb Code     0  startup_stm32f429_439xx.o(.text)
    TIM8_TRG_COM_TIM14_IRQHandler            0x08000267   Thumb Code     0  startup_stm32f429_439xx.o(.text)
    TIM8_UP_TIM13_IRQHandler                 0x08000267   Thumb Code     0  startup_stm32f429_439xx.o(.text)
    UART4_IRQHandler                         0x08000267   Thumb Code     0  startup_stm32f429_439xx.o(.text)
    UART5_IRQHandler                         0x08000267   Thumb Code     0  startup_stm32f429_439xx.o(.text)
    UART7_IRQHandler                         0x08000267   Thumb Code     0  startup_stm32f429_439xx.o(.text)
    UART8_IRQHandler                         0x08000267   Thumb Code     0  startup_stm32f429_439xx.o(.text)
    USART1_IRQHandler                        0x08000267   Thumb Code     0  startup_stm32f429_439xx.o(.text)
    USART2_IRQHandler                        0x08000267   Thumb Code     0  startup_stm32f429_439xx.o(.text)
    USART3_IRQHandler                        0x08000267   Thumb Code     0  startup_stm32f429_439xx.o(.text)
    USART6_IRQHandler                        0x08000267   Thumb Code     0  startup_stm32f429_439xx.o(.text)
    WWDG_IRQHandler                          0x08000267   Thumb Code     0  startup_stm32f429_439xx.o(.text)
    __user_initial_stackheap                 0x08000269   Thumb Code     0  startup_stm32f429_439xx.o(.text)
    __use_two_region_memory                  0x0800028d   Thumb Code     2  heapauxi.o(.text)
    __rt_heap_escrow$2region                 0x0800028f   Thumb Code     2  heapauxi.o(.text)
    __rt_heap_expand$2region                 0x08000291   Thumb Code     2  heapauxi.o(.text)
    __read_errno                             0x08000293   Thumb Code    10  _rserrno.o(.text)
    __set_errno                              0x0800029d   Thumb Code    12  _rserrno.o(.text)
    __aeabi_errno_addr                       0x080002a9   Thumb Code     8  rt_errno_addr_intlibspace.o(.text)
    __errno$intlibspace                      0x080002a9   Thumb Code     0  rt_errno_addr_intlibspace.o(.text)
    __rt_errno_addr$intlibspace              0x080002a9   Thumb Code     0  rt_errno_addr_intlibspace.o(.text)
    __user_libspace                          0x080002b1   Thumb Code     8  libspace.o(.text)
    __user_perproc_libspace                  0x080002b1   Thumb Code     0  libspace.o(.text)
    __user_perthread_libspace                0x080002b1   Thumb Code     0  libspace.o(.text)
    __user_setup_stackheap                   0x080002b9   Thumb Code    74  sys_stackheap_outer.o(.text)
    exit                                     0x08000303   Thumb Code    18  exit.o(.text)
    _sys_exit                                0x08000315   Thumb Code     8  sys_exit.o(.text)
    __I$use$semihosting                      0x08000321   Thumb Code     0  use_no_semi.o(.text)
    __use_no_semihosting_swi                 0x08000321   Thumb Code     2  use_no_semi.o(.text)
    BusFault_Handler                         0x08000323   Thumb Code     4  stm32f4xx_it.o(i.BusFault_Handler)
    __semihosting_library_function           0x08000323   Thumb Code     0  indicate_semi.o(.text)
    DMA2D_DeInit                             0x08000327   Thumb Code    22  stm32f4xx_dma2d.o(i.DMA2D_DeInit)
    DMA2D_GetFlagStatus                      0x0800033d   Thumb Code    20  stm32f4xx_dma2d.o(i.DMA2D_GetFlagStatus)
    DMA2D_Init                               0x08000355   Thumb Code   218  stm32f4xx_dma2d.o(i.DMA2D_Init)
    DMA2D_StartTransfer                      0x08000439   Thumb Code    14  stm32f4xx_dma2d.o(i.DMA2D_StartTransfer)
    DebugMon_Handler                         0x0800044d   Thumb Code     2  stm32f4xx_it.o(i.DebugMon_Handler)
    DrawSinWave                              0x08000451   Thumb Code   216  main.o(i.DrawSinWave)
    FMC_GetFlagStatus                        0x0800053d   Thumb Code    68  stm32f4xx_fmc.o(i.FMC_GetFlagStatus)
    FMC_SDRAMCmdConfig                       0x08000585   Thumb Code    28  stm32f4xx_fmc.o(i.FMC_SDRAMCmdConfig)
    FMC_SDRAMInit                            0x080005a5   Thumb Code   318  stm32f4xx_fmc.o(i.FMC_SDRAMInit)
    FMC_SetRefreshCount                      0x080006e9   Thumb Code    18  stm32f4xx_fmc.o(i.FMC_SetRefreshCount)
    GPIO_Init                                0x08000701   Thumb Code   144  stm32f4xx_gpio.o(i.GPIO_Init)
    GPIO_PinAFConfig                         0x08000791   Thumb Code    70  stm32f4xx_gpio.o(i.GPIO_PinAFConfig)
    GPIO_ResetBits                           0x080007d7   Thumb Code     4  stm32f4xx_gpio.o(i.GPIO_ResetBits)
    GPIO_SetBits                             0x080007db   Thumb Code     4  stm32f4xx_gpio.o(i.GPIO_SetBits)
    GPIO_WriteBit                            0x080007df   Thumb Code    10  stm32f4xx_gpio.o(i.GPIO_WriteBit)
    HardFault_Handler                        0x080007e9   Thumb Code     4  stm32f4xx_it.o(i.HardFault_Handler)
    LCD_ChipSelect                           0x08000955   Thumb Code    26  stm32f429i_discovery_lcd.o(i.LCD_ChipSelect)
    LCD_Clear                                0x08000975   Thumb Code    26  stm32f429i_discovery_lcd.o(i.LCD_Clear)
    LCD_CtrlLinesConfig                      0x08000995   Thumb Code    70  stm32f429i_discovery_lcd.o(i.LCD_CtrlLinesConfig)
    LCD_CtrlLinesWrite                       0x080009e5   Thumb Code    20  stm32f429i_discovery_lcd.o(i.LCD_CtrlLinesWrite)
    LCD_DisplayOn                            0x080009f9   Thumb Code    10  stm32f429i_discovery_lcd.o(i.LCD_DisplayOn)
    LCD_DrawLine                             0x08000a05   Thumb Code   158  stm32f429i_discovery_lcd.o(i.LCD_DrawLine)
    LCD_Init                                 0x08000aad   Thumb Code   154  stm32f429i_discovery_lcd.o(i.LCD_Init)
    LCD_LayerInit                            0x08000b49   Thumb Code   152  stm32f429i_discovery_lcd.o(i.LCD_LayerInit)
    LCD_PowerOn                              0x08000bed   Thumb Code   652  stm32f429i_discovery_lcd.o(i.LCD_PowerOn)
    LCD_SPIConfig                            0x08000e79   Thumb Code   204  stm32f429i_discovery_lcd.o(i.LCD_SPIConfig)
    LCD_SetBackColor                         0x08000f4d   Thumb Code     6  stm32f429i_discovery_lcd.o(i.LCD_SetBackColor)
    LCD_SetFont                              0x08000f59   Thumb Code     6  stm32f429i_discovery_lcd.o(i.LCD_SetFont)
    LCD_SetLayer                             0x08000f65   Thumb Code    32  stm32f429i_discovery_lcd.o(i.LCD_SetLayer)
    LCD_SetTextColor                         0x08000f91   Thumb Code     6  stm32f429i_discovery_lcd.o(i.LCD_SetTextColor)
    LCD_WriteCommand                         0x08000f9d   Thumb Code    66  stm32f429i_discovery_lcd.o(i.LCD_WriteCommand)
    LCD_WriteData                            0x08000fe9   Thumb Code    64  stm32f429i_discovery_lcd.o(i.LCD_WriteData)
    LTDC_Cmd                                 0x08001031   Thumb Code    30  stm32f4xx_ltdc.o(i.LTDC_Cmd)
    LTDC_DitherCmd                           0x08001055   Thumb Code    30  stm32f4xx_ltdc.o(i.LTDC_DitherCmd)
    LTDC_Init                                0x08001079   Thumb Code   378  stm32f4xx_ltdc.o(i.LTDC_Init)
    LTDC_LayerCmd                            0x08001201   Thumb Code    22  stm32f4xx_ltdc.o(i.LTDC_LayerCmd)
    LTDC_LayerInit                           0x08001217   Thumb Code   276  stm32f4xx_ltdc.o(i.LTDC_LayerInit)
    LTDC_ReloadConfig                        0x0800132d   Thumb Code     6  stm32f4xx_ltdc.o(i.LTDC_ReloadConfig)
    MemManage_Handler                        0x08001339   Thumb Code     4  stm32f4xx_it.o(i.MemManage_Handler)
    NMI_Handler                              0x0800133d   Thumb Code     2  stm32f4xx_it.o(i.NMI_Handler)
    PendSV_Handler                           0x0800133f   Thumb Code     2  stm32f4xx_it.o(i.PendSV_Handler)
    RCC_AHB1PeriphClockCmd                   0x08001341   Thumb Code    26  stm32f4xx_rcc.o(i.RCC_AHB1PeriphClockCmd)
    RCC_AHB1PeriphResetCmd                   0x08001361   Thumb Code    26  stm32f4xx_rcc.o(i.RCC_AHB1PeriphResetCmd)
    RCC_AHB2PeriphClockCmd                   0x08001381   Thumb Code    26  stm32f4xx_rcc.o(i.RCC_AHB2PeriphClockCmd)
    RCC_AHB3PeriphClockCmd                   0x080013a1   Thumb Code    26  stm32f4xx_rcc.o(i.RCC_AHB3PeriphClockCmd)
    RCC_APB1PeriphResetCmd                   0x080013c1   Thumb Code    26  stm32f4xx_rcc.o(i.RCC_APB1PeriphResetCmd)
    RCC_APB2PeriphClockCmd                   0x080013e1   Thumb Code    26  stm32f4xx_rcc.o(i.RCC_APB2PeriphClockCmd)
    RCC_APB2PeriphResetCmd                   0x08001401   Thumb Code    26  stm32f4xx_rcc.o(i.RCC_APB2PeriphResetCmd)
    RCC_GetFlagStatus                        0x08001421   Thumb Code    60  stm32f4xx_rcc.o(i.RCC_GetFlagStatus)
    RCC_LTDCCLKDivConfig                     0x08001461   Thumb Code    18  stm32f4xx_rcc.o(i.RCC_LTDCCLKDivConfig)
    RCC_PLLSAICmd                            0x08001479   Thumb Code     6  stm32f4xx_rcc.o(i.RCC_PLLSAICmd)
    RCC_PLLSAIConfig                         0x08001485   Thumb Code    18  stm32f4xx_rcc.o(i.RCC_PLLSAIConfig)
    RNG_Cmd                                  0x0800149d   Thumb Code    30  stm32f4xx_rng.o(i.RNG_Cmd)
    SDRAM_GPIOConfig                         0x080014c1   Thumb Code   492  stm32f429i_discovery_sdram.o(i.SDRAM_GPIOConfig)
    SDRAM_Init                               0x080016c5   Thumb Code   104  stm32f429i_discovery_sdram.o(i.SDRAM_Init)
    SDRAM_InitSequence                       0x0800172d   Thumb Code   200  stm32f429i_discovery_sdram.o(i.SDRAM_InitSequence)
    SPI_Cmd                                  0x080017f5   Thumb Code    24  stm32f4xx_spi.o(i.SPI_Cmd)
    SPI_I2S_DeInit                           0x0800180d   Thumb Code   152  stm32f4xx_spi.o(i.SPI_I2S_DeInit)
    SPI_I2S_GetFlagStatus                    0x080018bd   Thumb Code    18  stm32f4xx_spi.o(i.SPI_I2S_GetFlagStatus)
    SPI_I2S_SendData                         0x080018cf   Thumb Code     4  stm32f4xx_spi.o(i.SPI_I2S_SendData)
    SPI_Init                                 0x080018d3   Thumb Code    60  stm32f4xx_spi.o(i.SPI_Init)
    SVC_Handler                              0x0800190f   Thumb Code     2  stm32f4xx_it.o(i.SVC_Handler)
    SysTickSet                               0x08001a35   Thumb Code   102  delay_ms.o(i.SysTickSet)
    SysTick_Handler                          0x08001aa9   Thumb Code    12  stm32f4xx_it.o(i.SysTick_Handler)
    SystemCoreClockUpdate                    0x08001ab9   Thumb Code   170  system_stm32f4xx.o(i.SystemCoreClockUpdate)
    SystemInit                               0x08001b79   Thumb Code    88  system_stm32f4xx.o(i.SystemInit)
    UsageFault_Handler                       0x08001be1   Thumb Code     4  stm32f4xx_it.o(i.UsageFault_Handler)
    __ARM_fpclassify                         0x08001be5   Thumb Code    48  fpclassify.o(i.__ARM_fpclassify)
    __hardfp_sin                             0x08001c19   Thumb Code   180  sin.o(i.__hardfp_sin)
    __ieee754_rem_pio2                       0x08001ce1   Thumb Code   938  rred.o(i.__ieee754_rem_pio2)
    __kernel_cos                             0x08002119   Thumb Code   322  cos_i.o(i.__kernel_cos)
    __kernel_poly                            0x08002289   Thumb Code   248  poly.o(i.__kernel_poly)
    __kernel_sin                             0x08002381   Thumb Code   280  sin_i.o(i.__kernel_sin)
    __mathlib_dbl_infnan                     0x080024b1   Thumb Code    20  dunder.o(i.__mathlib_dbl_infnan)
    __mathlib_dbl_invalid                    0x080024c9   Thumb Code    24  dunder.o(i.__mathlib_dbl_invalid)
    __mathlib_dbl_underflow                  0x080024e9   Thumb Code    24  dunder.o(i.__mathlib_dbl_underflow)
    delay_ms                                 0x08002549   Thumb Code    18  delay_ms.o(i.delay_ms)
    fabs                                     0x08002561   Thumb Code    24  fabs.o(i.fabs)
    main                                     0x08002579   Thumb Code   110  main.o(i.main)
    __aeabi_dneg                             0x080025f1   Thumb Code     0  basic.o(x$fpl$basic)
    _dneg                                    0x080025f1   Thumb Code     6  basic.o(x$fpl$basic)
    __aeabi_fneg                             0x080025f7   Thumb Code     0  basic.o(x$fpl$basic)
    _fneg                                    0x080025f7   Thumb Code     6  basic.o(x$fpl$basic)
    _dabs                                    0x080025fd   Thumb Code     6  basic.o(x$fpl$basic)
    _fabs                                    0x08002603   Thumb Code     6  basic.o(x$fpl$basic)
    __aeabi_d2f                              0x08002609   Thumb Code     0  d2f.o(x$fpl$d2f)
    _d2f                                     0x08002609   Thumb Code    98  d2f.o(x$fpl$d2f)
    __aeabi_dadd                             0x0800266d   Thumb Code     0  daddsub_clz.o(x$fpl$dadd)
    _dadd                                    0x0800266d   Thumb Code   332  daddsub_clz.o(x$fpl$dadd)
    __aeabi_ddiv                             0x080027bd   Thumb Code     0  ddiv.o(x$fpl$ddiv)
    _ddiv                                    0x080027bd   Thumb Code   552  ddiv.o(x$fpl$ddiv)
    __aeabi_d2iz                             0x08002a6d   Thumb Code     0  dfix.o(x$fpl$dfix)
    _dfix                                    0x08002a6d   Thumb Code    94  dfix.o(x$fpl$dfix)
    __aeabi_i2d                              0x08002acb   Thumb Code     0  dflt_clz.o(x$fpl$dflt)
    _dflt                                    0x08002acb   Thumb Code    46  dflt_clz.o(x$fpl$dflt)
    __aeabi_ui2d                             0x08002af9   Thumb Code     0  dflt_clz.o(x$fpl$dfltu)
    _dfltu                                   0x08002af9   Thumb Code    38  dflt_clz.o(x$fpl$dfltu)
    __aeabi_dmul                             0x08002b21   Thumb Code     0  dmul.o(x$fpl$dmul)
    _dmul                                    0x08002b21   Thumb Code   332  dmul.o(x$fpl$dmul)
    __fpl_dnaninf                            0x08002c75   Thumb Code   156  dnaninf.o(x$fpl$dnaninf)
    __fpl_dretinf                            0x08002d11   Thumb Code    12  dretinf.o(x$fpl$dretinf)
    __aeabi_drsub                            0x08002d1d   Thumb Code     0  daddsub_clz.o(x$fpl$drsb)
    _drsb                                    0x08002d1d   Thumb Code    22  daddsub_clz.o(x$fpl$drsb)
    __aeabi_dsub                             0x08002d35   Thumb Code     0  daddsub_clz.o(x$fpl$dsub)
    _dsub                                    0x08002d35   Thumb Code   464  daddsub_clz.o(x$fpl$dsub)
    __aeabi_f2d                              0x08002f09   Thumb Code     0  f2d.o(x$fpl$f2d)
    _f2d                                     0x08002f09   Thumb Code    86  f2d.o(x$fpl$f2d)
    __fpl_fnaninf                            0x08002f5f   Thumb Code   140  fnaninf.o(x$fpl$fnaninf)
    _fp_init                                 0x08002feb   Thumb Code    10  fpinit.o(x$fpl$fpinit)
    __fplib_config_fpu_vfp                   0x08002ff3   Thumb Code     0  fpinit.o(x$fpl$fpinit)
    __fplib_config_pureend_doubles           0x08002ff3   Thumb Code     0  fpinit.o(x$fpl$fpinit)
    __fpl_fretinf                            0x08002ff5   Thumb Code    10  fretinf.o(x$fpl$fretinf)
    ASCII16x24_Table                         0x08002ffe   Data        4560  stm32f429i_discovery_lcd.o(.constdata)
    __I$use$fp                               0x08002ffe   Number         0  usenofp.o(x$fpl$usenofp)
    ASCII12x12_Table                         0x080041ce   Data        2304  stm32f429i_discovery_lcd.o(.constdata)
    ASCII8x12_Table                          0x08004ace   Data        2304  stm32f429i_discovery_lcd.o(.constdata)
    ASCII8x8_Table                           0x080053ce   Data        1536  stm32f429i_discovery_lcd.o(.constdata)
    AHBPrescTable                            0x080059ce   Data          16  system_stm32f4xx.o(.constdata)
    APBPrescTable                            0x080059de   Data           8  system_stm32f4xx.o(.constdata)
    Region$$Table$$Base                      0x08005b08   Number         0  anon$$obj.o(Region$$Table)
    Region$$Table$$Limit                     0x08005b28   Number         0  anon$$obj.o(Region$$Table)
    Font16x24                                0x20000000   Data           8  stm32f429i_discovery_lcd.o(.data)
    Font12x12                                0x20000008   Data           8  stm32f429i_discovery_lcd.o(.data)
    Font8x12                                 0x20000010   Data           8  stm32f429i_discovery_lcd.o(.data)
    Font8x8                                  0x20000018   Data           8  stm32f429i_discovery_lcd.o(.data)
    msTicks                                  0x20000030   Data           4  stm32f4xx_it.o(.data)
    SystemCoreClock                          0x20000034   Data           4  system_stm32f4xx.o(.data)
    __libspace_start                         0x20000038   Data          96  libspace.o(.bss)
    __temporary_stack_top$libspace           0x20000098   Data           0  libspace.o(.bss)



==============================================================================

Memory Map of the image

  Image Entry point : 0x080001ad

  Load Region LR_IROM1 (Base: 0x08000000, Size: 0x00005b60, Max: 0x00200000, ABSOLUTE)

    Execution Region ER_IROM1 (Exec base: 0x08000000, Load base: 0x08000000, Size: 0x00005b28, Max: 0x00200000, ABSOLUTE)

    Exec Addr    Load Addr    Size         Type   Attr      Idx    E Section Name        Object

    0x08000000   0x08000000   0x000001ac   Data   RO         5251    RESET               startup_stm32f429_439xx.o
    0x080001ac   0x080001ac   0x00000008   Code   RO         5471  * !!!main             c_w.l(__main.o)
    0x080001b4   0x080001b4   0x00000034   Code   RO         5724    !!!scatter          c_w.l(__scatter.o)
    0x080001e8   0x080001e8   0x0000001a   Code   RO         5726    !!handler_copy      c_w.l(__scatter_copy.o)
    0x08000202   0x08000202   0x00000002   PAD
    0x08000204   0x08000204   0x0000001c   Code   RO         5728    !!handler_zi        c_w.l(__scatter_zi.o)
    0x08000220   0x08000220   0x00000002   Code   RO         5595    .ARM.Collect$$libinit$$00000000  c_w.l(libinit.o)
    0x08000222   0x08000222   0x00000004   Code   RO         5598    .ARM.Collect$$libinit$$00000001  c_w.l(libinit2.o)
    0x08000226   0x08000226   0x00000000   Code   RO         5601    .ARM.Collect$$libinit$$00000004  c_w.l(libinit2.o)
    0x08000226   0x08000226   0x00000000   Code   RO         5604    .ARM.Collect$$libinit$$0000000A  c_w.l(libinit2.o)
    0x08000226   0x08000226   0x00000000   Code   RO         5606    .ARM.Collect$$libinit$$0000000C  c_w.l(libinit2.o)
    0x08000226   0x08000226   0x00000000   Code   RO         5608    .ARM.Collect$$libinit$$0000000E  c_w.l(libinit2.o)
    0x08000226   0x08000226   0x00000000   Code   RO         5611    .ARM.Collect$$libinit$$00000011  c_w.l(libinit2.o)
    0x08000226   0x08000226   0x00000000   Code   RO         5613    .ARM.Collect$$libinit$$00000013  c_w.l(libinit2.o)
    0x08000226   0x08000226   0x00000000   Code   RO         5615    .ARM.Collect$$libinit$$00000015  c_w.l(libinit2.o)
    0x08000226   0x08000226   0x00000000   Code   RO         5617    .ARM.Collect$$libinit$$00000017  c_w.l(libinit2.o)
    0x08000226   0x08000226   0x00000000   Code   RO         5619    .ARM.Collect$$libinit$$00000019  c_w.l(libinit2.o)
    0x08000226   0x08000226   0x00000000   Code   RO         5621    .ARM.Collect$$libinit$$0000001B  c_w.l(libinit2.o)
    0x08000226   0x08000226   0x00000000   Code   RO         5623    .ARM.Collect$$libinit$$0000001D  c_w.l(libinit2.o)
    0x08000226   0x08000226   0x00000000   Code   RO         5625    .ARM.Collect$$libinit$$0000001F  c_w.l(libinit2.o)
    0x08000226   0x08000226   0x00000000   Code   RO         5627    .ARM.Collect$$libinit$$00000021  c_w.l(libinit2.o)
    0x08000226   0x08000226   0x00000000   Code   RO         5629    .ARM.Collect$$libinit$$00000023  c_w.l(libinit2.o)
    0x08000226   0x08000226   0x00000000   Code   RO         5631    .ARM.Collect$$libinit$$00000025  c_w.l(libinit2.o)
    0x08000226   0x08000226   0x00000000   Code   RO         5635    .ARM.Collect$$libinit$$0000002C  c_w.l(libinit2.o)
    0x08000226   0x08000226   0x00000000   Code   RO         5637    .ARM.Collect$$libinit$$0000002E  c_w.l(libinit2.o)
    0x08000226   0x08000226   0x00000000   Code   RO         5639    .ARM.Collect$$libinit$$00000030  c_w.l(libinit2.o)
    0x08000226   0x08000226   0x00000000   Code   RO         5641    .ARM.Collect$$libinit$$00000032  c_w.l(libinit2.o)
    0x08000226   0x08000226   0x00000002   Code   RO         5642    .ARM.Collect$$libinit$$00000033  c_w.l(libinit2.o)
    0x08000228   0x08000228   0x00000002   Code   RO         5662    .ARM.Collect$$libshutdown$$00000000  c_w.l(libshutdown.o)
    0x0800022a   0x0800022a   0x00000000   Code   RO         5675    .ARM.Collect$$libshutdown$$00000002  c_w.l(libshutdown2.o)
    0x0800022a   0x0800022a   0x00000000   Code   RO         5677    .ARM.Collect$$libshutdown$$00000004  c_w.l(libshutdown2.o)
    0x0800022a   0x0800022a   0x00000000   Code   RO         5679    .ARM.Collect$$libshutdown$$00000006  c_w.l(libshutdown2.o)
    0x0800022a   0x0800022a   0x00000000   Code   RO         5682    .ARM.Collect$$libshutdown$$00000009  c_w.l(libshutdown2.o)
    0x0800022a   0x0800022a   0x00000000   Code   RO         5685    .ARM.Collect$$libshutdown$$0000000C  c_w.l(libshutdown2.o)
    0x0800022a   0x0800022a   0x00000000   Code   RO         5687    .ARM.Collect$$libshutdown$$0000000E  c_w.l(libshutdown2.o)
    0x0800022a   0x0800022a   0x00000000   Code   RO         5690    .ARM.Collect$$libshutdown$$00000011  c_w.l(libshutdown2.o)
    0x0800022a   0x0800022a   0x00000002   Code   RO         5691    .ARM.Collect$$libshutdown$$00000012  c_w.l(libshutdown2.o)
    0x0800022c   0x0800022c   0x00000000   Code   RO         5491    .ARM.Collect$$rtentry$$00000000  c_w.l(__rtentry.o)
    0x0800022c   0x0800022c   0x00000000   Code   RO         5534    .ARM.Collect$$rtentry$$00000002  c_w.l(__rtentry2.o)
    0x0800022c   0x0800022c   0x00000006   Code   RO         5546    .ARM.Collect$$rtentry$$00000004  c_w.l(__rtentry4.o)
    0x08000232   0x08000232   0x00000000   Code   RO         5536    .ARM.Collect$$rtentry$$00000009  c_w.l(__rtentry2.o)
    0x08000232   0x08000232   0x00000004   Code   RO         5537    .ARM.Collect$$rtentry$$0000000A  c_w.l(__rtentry2.o)
    0x08000236   0x08000236   0x00000000   Code   RO         5539    .ARM.Collect$$rtentry$$0000000C  c_w.l(__rtentry2.o)
    0x08000236   0x08000236   0x00000008   Code   RO         5540    .ARM.Collect$$rtentry$$0000000D  c_w.l(__rtentry2.o)
    0x0800023e   0x0800023e   0x00000002   Code   RO         5596    .ARM.Collect$$rtexit$$00000000  c_w.l(rtexit.o)
    0x08000240   0x08000240   0x00000000   Code   RO         5644    .ARM.Collect$$rtexit$$00000002  c_w.l(rtexit2.o)
    0x08000240   0x08000240   0x00000004   Code   RO         5645    .ARM.Collect$$rtexit$$00000003  c_w.l(rtexit2.o)
    0x08000244   0x08000244   0x00000006   Code   RO         5646    .ARM.Collect$$rtexit$$00000004  c_w.l(rtexit2.o)
    0x0800024a   0x0800024a   0x00000002   PAD
    0x0800024c   0x0800024c   0x00000040   Code   RO         5252    .text               startup_stm32f429_439xx.o
    0x0800028c   0x0800028c   0x00000006   Code   RO         5469    .text               c_w.l(heapauxi.o)
    0x08000292   0x08000292   0x00000016   Code   RO         5492    .text               c_w.l(_rserrno.o)
    0x080002a8   0x080002a8   0x00000008   Code   RO         5551    .text               c_w.l(rt_errno_addr_intlibspace.o)
    0x080002b0   0x080002b0   0x00000008   Code   RO         5583    .text               c_w.l(libspace.o)
    0x080002b8   0x080002b8   0x0000004a   Code   RO         5586    .text               c_w.l(sys_stackheap_outer.o)
    0x08000302   0x08000302   0x00000012   Code   RO         5588    .text               c_w.l(exit.o)
    0x08000314   0x08000314   0x0000000c   Code   RO         5654    .text               c_w.l(sys_exit.o)
    0x08000320   0x08000320   0x00000002   Code   RO         5665    .text               c_w.l(use_no_semi.o)
    0x08000322   0x08000322   0x00000000   Code   RO         5667    .text               c_w.l(indicate_semi.o)
    0x08000322   0x08000322   0x00000004   Code   RO         5315    i.BusFault_Handler  stm32f4xx_it.o
    0x08000326   0x08000326   0x00000016   Code   RO         1539    i.DMA2D_DeInit      stm32f4xx_dma2d.o
    0x0800033c   0x0800033c   0x00000018   Code   RO         1544    i.DMA2D_GetFlagStatus  stm32f4xx_dma2d.o
    0x08000354   0x08000354   0x000000e4   Code   RO         1547    i.DMA2D_Init        stm32f4xx_dma2d.o
    0x08000438   0x08000438   0x00000014   Code   RO         1549    i.DMA2D_StartTransfer  stm32f4xx_dma2d.o
    0x0800044c   0x0800044c   0x00000002   Code   RO         5316    i.DebugMon_Handler  stm32f4xx_it.o
    0x0800044e   0x0800044e   0x00000002   PAD
    0x08000450   0x08000450   0x000000ec   Code   RO         5260    i.DrawSinWave       main.o
    0x0800053c   0x0800053c   0x00000048   Code   RO         1992    i.FMC_GetFlagStatus  stm32f4xx_fmc.o
    0x08000584   0x08000584   0x00000020   Code   RO         2009    i.FMC_SDRAMCmdConfig  stm32f4xx_fmc.o
    0x080005a4   0x080005a4   0x00000144   Code   RO         2011    i.FMC_SDRAMInit     stm32f4xx_fmc.o
    0x080006e8   0x080006e8   0x00000018   Code   RO         2015    i.FMC_SetRefreshCount  stm32f4xx_fmc.o
    0x08000700   0x08000700   0x00000090   Code   RO         2173    i.GPIO_Init         stm32f4xx_gpio.o
    0x08000790   0x08000790   0x00000046   Code   RO         2174    i.GPIO_PinAFConfig  stm32f4xx_gpio.o
    0x080007d6   0x080007d6   0x00000004   Code   RO         2180    i.GPIO_ResetBits    stm32f4xx_gpio.o
    0x080007da   0x080007da   0x00000004   Code   RO         2181    i.GPIO_SetBits      stm32f4xx_gpio.o
    0x080007de   0x080007de   0x0000000a   Code   RO         2185    i.GPIO_WriteBit     stm32f4xx_gpio.o
    0x080007e8   0x080007e8   0x00000004   Code   RO         5317    i.HardFault_Handler  stm32f4xx_it.o
    0x080007ec   0x080007ec   0x00000168   Code   RO          200    i.LCD_AF_GPIOConfig  stm32f429i_discovery_lcd.o
    0x08000954   0x08000954   0x00000020   Code   RO          201    i.LCD_ChipSelect    stm32f429i_discovery_lcd.o
    0x08000974   0x08000974   0x00000020   Code   RO          202    i.LCD_Clear         stm32f429i_discovery_lcd.o
    0x08000994   0x08000994   0x00000050   Code   RO          206    i.LCD_CtrlLinesConfig  stm32f429i_discovery_lcd.o
    0x080009e4   0x080009e4   0x00000014   Code   RO          207    i.LCD_CtrlLinesWrite  stm32f429i_discovery_lcd.o
    0x080009f8   0x080009f8   0x0000000a   Code   RO          211    i.LCD_DisplayOn     stm32f429i_discovery_lcd.o
    0x08000a02   0x08000a02   0x00000002   PAD
    0x08000a04   0x08000a04   0x000000a8   Code   RO          219    i.LCD_DrawLine      stm32f429i_discovery_lcd.o
    0x08000aac   0x08000aac   0x0000009a   Code   RO          227    i.LCD_Init          stm32f429i_discovery_lcd.o
    0x08000b46   0x08000b46   0x00000002   PAD
    0x08000b48   0x08000b48   0x000000a4   Code   RO          228    i.LCD_LayerInit     stm32f429i_discovery_lcd.o
    0x08000bec   0x08000bec   0x0000028c   Code   RO          232    i.LCD_PowerOn       stm32f429i_discovery_lcd.o
    0x08000e78   0x08000e78   0x000000d4   Code   RO          234    i.LCD_SPIConfig     stm32f429i_discovery_lcd.o
    0x08000f4c   0x08000f4c   0x0000000c   Code   RO          235    i.LCD_SetBackColor  stm32f429i_discovery_lcd.o
    0x08000f58   0x08000f58   0x0000000c   Code   RO          240    i.LCD_SetFont       stm32f429i_discovery_lcd.o
    0x08000f64   0x08000f64   0x0000002c   Code   RO          241    i.LCD_SetLayer      stm32f429i_discovery_lcd.o
    0x08000f90   0x08000f90   0x0000000c   Code   RO          242    i.LCD_SetTextColor  stm32f429i_discovery_lcd.o
    0x08000f9c   0x08000f9c   0x0000004c   Code   RO          247    i.LCD_WriteCommand  stm32f429i_discovery_lcd.o
    0x08000fe8   0x08000fe8   0x00000048   Code   RO          248    i.LCD_WriteData     stm32f429i_discovery_lcd.o
    0x08001030   0x08001030   0x00000024   Code   RO         2747    i.LTDC_Cmd          stm32f4xx_ltdc.o
    0x08001054   0x08001054   0x00000024   Code   RO         2751    i.LTDC_DitherCmd    stm32f4xx_ltdc.o
    0x08001078   0x08001078   0x00000188   Code   RO         2758    i.LTDC_Init         stm32f4xx_ltdc.o
    0x08001200   0x08001200   0x00000016   Code   RO         2762    i.LTDC_LayerCmd     stm32f4xx_ltdc.o
    0x08001216   0x08001216   0x00000114   Code   RO         2763    i.LTDC_LayerInit    stm32f4xx_ltdc.o
    0x0800132a   0x0800132a   0x00000002   PAD
    0x0800132c   0x0800132c   0x0000000c   Code   RO         2770    i.LTDC_ReloadConfig  stm32f4xx_ltdc.o
    0x08001338   0x08001338   0x00000004   Code   RO         5318    i.MemManage_Handler  stm32f4xx_it.o
    0x0800133c   0x0800133c   0x00000002   Code   RO         5319    i.NMI_Handler       stm32f4xx_it.o
    0x0800133e   0x0800133e   0x00000002   Code   RO         5320    i.PendSV_Handler    stm32f4xx_it.o
    0x08001340   0x08001340   0x00000020   Code   RO         3066    i.RCC_AHB1PeriphClockCmd  stm32f4xx_rcc.o
    0x08001360   0x08001360   0x00000020   Code   RO         3068    i.RCC_AHB1PeriphResetCmd  stm32f4xx_rcc.o
    0x08001380   0x08001380   0x00000020   Code   RO         3069    i.RCC_AHB2PeriphClockCmd  stm32f4xx_rcc.o
    0x080013a0   0x080013a0   0x00000020   Code   RO         3072    i.RCC_AHB3PeriphClockCmd  stm32f4xx_rcc.o
    0x080013c0   0x080013c0   0x00000020   Code   RO         3077    i.RCC_APB1PeriphResetCmd  stm32f4xx_rcc.o
    0x080013e0   0x080013e0   0x00000020   Code   RO         3078    i.RCC_APB2PeriphClockCmd  stm32f4xx_rcc.o
    0x08001400   0x08001400   0x00000020   Code   RO         3080    i.RCC_APB2PeriphResetCmd  stm32f4xx_rcc.o
    0x08001420   0x08001420   0x00000040   Code   RO         3088    i.RCC_GetFlagStatus  stm32f4xx_rcc.o
    0x08001460   0x08001460   0x00000018   Code   RO         3099    i.RCC_LTDCCLKDivConfig  stm32f4xx_rcc.o
    0x08001478   0x08001478   0x0000000c   Code   RO         3108    i.RCC_PLLSAICmd     stm32f4xx_rcc.o
    0x08001484   0x08001484   0x00000018   Code   RO         3109    i.RCC_PLLSAIConfig  stm32f4xx_rcc.o
    0x0800149c   0x0800149c   0x00000024   Code   RO         3406    i.RNG_Cmd           stm32f4xx_rng.o
    0x080014c0   0x080014c0   0x00000204   Code   RO          536    i.SDRAM_GPIOConfig  stm32f429i_discovery_sdram.o
    0x080016c4   0x080016c4   0x00000068   Code   RO          537    i.SDRAM_Init        stm32f429i_discovery_sdram.o
    0x0800172c   0x0800172c   0x000000c8   Code   RO          538    i.SDRAM_InitSequence  stm32f429i_discovery_sdram.o
    0x080017f4   0x080017f4   0x00000018   Code   RO         4206    i.SPI_Cmd           stm32f4xx_spi.o
    0x0800180c   0x0800180c   0x000000b0   Code   RO         4213    i.SPI_I2S_DeInit    stm32f4xx_spi.o
    0x080018bc   0x080018bc   0x00000012   Code   RO         4214    i.SPI_I2S_GetFlagStatus  stm32f4xx_spi.o
    0x080018ce   0x080018ce   0x00000004   Code   RO         4218    i.SPI_I2S_SendData  stm32f4xx_spi.o
    0x080018d2   0x080018d2   0x0000003c   Code   RO         4219    i.SPI_Init          stm32f4xx_spi.o
    0x0800190e   0x0800190e   0x00000002   Code   RO         5321    i.SVC_Handler       stm32f4xx_it.o
    0x08001910   0x08001910   0x00000124   Code   RO         5393    i.SetSysClock       system_stm32f4xx.o
    0x08001a34   0x08001a34   0x00000074   Code   RO         5435    i.SysTickSet        delay_ms.o
    0x08001aa8   0x08001aa8   0x00000010   Code   RO         5322    i.SysTick_Handler   stm32f4xx_it.o
    0x08001ab8   0x08001ab8   0x000000c0   Code   RO         5394    i.SystemCoreClockUpdate  system_stm32f4xx.o
    0x08001b78   0x08001b78   0x00000068   Code   RO         5395    i.SystemInit        system_stm32f4xx.o
    0x08001be0   0x08001be0   0x00000004   Code   RO         5323    i.UsageFault_Handler  stm32f4xx_it.o
    0x08001be4   0x08001be4   0x00000030   Code   RO         5579    i.__ARM_fpclassify  m_wm.l(fpclassify.o)
    0x08001c14   0x08001c14   0x00000004   PAD
    0x08001c18   0x08001c18   0x000000c8   Code   RO         5479    i.__hardfp_sin      m_wm.l(sin.o)
    0x08001ce0   0x08001ce0   0x00000438   Code   RO         5522    i.__ieee754_rem_pio2  m_wm.l(rred.o)
    0x08002118   0x08002118   0x00000170   Code   RO         5505    i.__kernel_cos      m_wm.l(cos_i.o)
    0x08002288   0x08002288   0x000000f8   Code   RO         5581    i.__kernel_poly     m_wm.l(poly.o)
    0x08002380   0x08002380   0x00000130   Code   RO         5527    i.__kernel_sin      m_wm.l(sin_i.o)
    0x080024b0   0x080024b0   0x00000014   Code   RO         5509    i.__mathlib_dbl_infnan  m_wm.l(dunder.o)
    0x080024c4   0x080024c4   0x00000004   PAD
    0x080024c8   0x080024c8   0x00000020   Code   RO         5511    i.__mathlib_dbl_invalid  m_wm.l(dunder.o)
    0x080024e8   0x080024e8   0x00000020   Code   RO         5514    i.__mathlib_dbl_underflow  m_wm.l(dunder.o)
    0x08002508   0x08002508   0x0000001c   Code   RO          250    i.delay             stm32f429i_discovery_lcd.o
    0x08002524   0x08002524   0x00000024   Code   RO          541    i.delay             stm32f429i_discovery_sdram.o
    0x08002548   0x08002548   0x00000018   Code   RO         5436    i.delay_ms          delay_ms.o
    0x08002560   0x08002560   0x00000018   Code   RO         5575    i.fabs              m_wm.l(fabs.o)
    0x08002578   0x08002578   0x00000078   Code   RO         5261    i.main              main.o
    0x080025f0   0x080025f0   0x00000018   Code   RO         5494    x$fpl$basic         fz_wm.l(basic.o)
    0x08002608   0x08002608   0x00000062   Code   RO         5473    x$fpl$d2f           fz_wm.l(d2f.o)
    0x0800266a   0x0800266a   0x00000002   PAD
    0x0800266c   0x0800266c   0x00000150   Code   RO         5553    x$fpl$dadd          fz_wm.l(daddsub_clz.o)
    0x080027bc   0x080027bc   0x000002b0   Code   RO         5560    x$fpl$ddiv          fz_wm.l(ddiv.o)
    0x08002a6c   0x08002a6c   0x0000005e   Code   RO         5563    x$fpl$dfix          fz_wm.l(dfix.o)
    0x08002aca   0x08002aca   0x0000002e   Code   RO         5568    x$fpl$dflt          fz_wm.l(dflt_clz.o)
    0x08002af8   0x08002af8   0x00000026   Code   RO         5567    x$fpl$dfltu         fz_wm.l(dflt_clz.o)
    0x08002b1e   0x08002b1e   0x00000002   PAD
    0x08002b20   0x08002b20   0x00000154   Code   RO         5475    x$fpl$dmul          fz_wm.l(dmul.o)
    0x08002c74   0x08002c74   0x0000009c   Code   RO         5496    x$fpl$dnaninf       fz_wm.l(dnaninf.o)
    0x08002d10   0x08002d10   0x0000000c   Code   RO         5498    x$fpl$dretinf       fz_wm.l(dretinf.o)
    0x08002d1c   0x08002d1c   0x00000016   Code   RO         5554    x$fpl$drsb          fz_wm.l(daddsub_clz.o)
    0x08002d32   0x08002d32   0x00000002   PAD
    0x08002d34   0x08002d34   0x000001d4   Code   RO         5555    x$fpl$dsub          fz_wm.l(daddsub_clz.o)
    0x08002f08   0x08002f08   0x00000056   Code   RO         5477    x$fpl$f2d           fz_wm.l(f2d.o)
    0x08002f5e   0x08002f5e   0x0000008c   Code   RO         5500    x$fpl$fnaninf       fz_wm.l(fnaninf.o)
    0x08002fea   0x08002fea   0x0000000a   Code   RO         5652    x$fpl$fpinit        fz_wm.l(fpinit.o)
    0x08002ff4   0x08002ff4   0x0000000a   Code   RO         5502    x$fpl$fretinf       fz_wm.l(fretinf.o)
    0x08002ffe   0x08002ffe   0x00000000   Code   RO         5504    x$fpl$usenofp       fz_wm.l(usenofp.o)
    0x08002ffe   0x08002ffe   0x000029d0   Data   RO          251    .constdata          stm32f429i_discovery_lcd.o
    0x080059ce   0x080059ce   0x00000018   Data   RO         5396    .constdata          system_stm32f4xx.o
    0x080059e6   0x080059e6   0x00000002   PAD
    0x080059e8   0x080059e8   0x00000030   Data   RO         5506    .constdata          m_wm.l(cos_i.o)
    0x08005a18   0x08005a18   0x000000c8   Data   RO         5524    .constdata          m_wm.l(rred.o)
    0x08005ae0   0x08005ae0   0x00000028   Data   RO         5528    .constdata          m_wm.l(sin_i.o)
    0x08005b08   0x08005b08   0x00000020   Data   RO         5722    Region$$Table       anon$$obj.o


    Execution Region RW_IRAM1 (Exec base: 0x20000000, Load base: 0x08005b28, Size: 0x00000698, Max: 0x00030000, ABSOLUTE)

    Exec Addr    Load Addr    Size         Type   Attr      Idx    E Section Name        Object

    0x20000000   0x08005b28   0x00000030   Data   RW          252    .data               stm32f429i_discovery_lcd.o
    0x20000030   0x08005b58   0x00000004   Data   RW         5324    .data               stm32f4xx_it.o
    0x20000034   0x08005b5c   0x00000004   Data   RW         5397    .data               system_stm32f4xx.o
    0x20000038        -       0x00000060   Zero   RW         5584    .bss                c_w.l(libspace.o)
    0x20000098        -       0x00000200   Zero   RW         5250    HEAP                startup_stm32f429_439xx.o
    0x20000298        -       0x00000400   Zero   RW         5249    STACK               startup_stm32f429_439xx.o


==============================================================================

Image component sizes


      Code (inc. data)   RO Data    RW Data    ZI Data      Debug   Object Name

       140         20          0          0          0      27527   delay_ms.o
       356         30          0          0          0       1245   main.o
        64         26        428          0       1536        924   startup_stm32f429_439xx.o
         0          0          0          0          0     290512   stm32f429i_discovery.o
      2140        126      10704         48          0      16418   stm32f429i_discovery_lcd.o
       856         28          0          0          0       3801   stm32f429i_discovery_sdram.o
       294         20          0          0          0       3416   stm32f4xx_dma2d.o
       452         20          0          0          0       4091   stm32f4xx_fmc.o
       232          0          0          0          0       4187   stm32f4xx_gpio.o
        40          4          0          4          0       5004   stm32f4xx_it.o
       774         32          0          0          0       4961   stm32f4xx_ltdc.o
       348         64          0          0          0       7801   stm32f4xx_rcc.o
        36          6          0          0          0        626   stm32f4xx_rng.o
       282         24          0          0          0       4285   stm32f4xx_spi.o
       588         56         24          4          0       2779   system_stm32f4xx.o

    ----------------------------------------------------------------------
      6610        456      11190         56       1536     377577   Object Totals
         0          0         32          0          0          0   (incl. Generated)
         8          0          2          0          0          0   (incl. Padding)

    ----------------------------------------------------------------------

      Code (inc. data)   RO Data    RW Data    ZI Data      Debug   Library Member Name

         8          0          0          0          0         68   __main.o
         0          0          0          0          0          0   __rtentry.o
        12          0          0          0          0          0   __rtentry2.o
         6          0          0          0          0          0   __rtentry4.o
        52          8          0          0          0          0   __scatter.o
        26          0          0          0          0          0   __scatter_copy.o
        28          0          0          0          0          0   __scatter_zi.o
        22          0          0          0          0        100   _rserrno.o
        18          0          0          0          0         80   exit.o
         6          0          0          0          0        152   heapauxi.o
         0          0          0          0          0          0   indicate_semi.o
         2          0          0          0          0          0   libinit.o
         6          0          0          0          0          0   libinit2.o
         2          0          0          0          0          0   libshutdown.o
         2          0          0          0          0          0   libshutdown2.o
         8          4          0          0         96         68   libspace.o
         8          4          0          0          0         68   rt_errno_addr_intlibspace.o
         2          0          0          0          0          0   rtexit.o
        10          0          0          0          0          0   rtexit2.o
        12          4          0          0          0         68   sys_exit.o
        74          0          0          0          0         80   sys_stackheap_outer.o
         2          0          0          0          0         68   use_no_semi.o
        24          0          0          0          0        164   basic.o
        98          4          0          0          0        140   d2f.o
       826         16          0          0          0        492   daddsub_clz.o
       688        140          0          0          0        256   ddiv.o
        94          4          0          0          0        140   dfix.o
        84          0          0          0          0        232   dflt_clz.o
       340         12          0          0          0        152   dmul.o
       156          4          0          0          0        140   dnaninf.o
        12          0          0          0          0        116   dretinf.o
        86          4          0          0          0        132   f2d.o
       140          4          0          0          0        132   fnaninf.o
        10          0          0          0          0        116   fpinit.o
        10          0          0          0          0        116   fretinf.o
         0          0          0          0          0          0   usenofp.o
       368         46         48          0          0        200   cos_i.o
        84         16          0          0          0        372   dunder.o
        24          0          0          0          0        124   fabs.o
        48          0          0          0          0        124   fpclassify.o
       248          0          0          0          0        152   poly.o
      1080        142        200          0          0        188   rred.o
       200         20          0          0          0        164   sin.o
       304         24         40          0          0        208   sin_i.o

    ----------------------------------------------------------------------
      5248        456        288          0         96       4612   Library Totals
        18          0          0          0          0          0   (incl. Padding)

    ----------------------------------------------------------------------

      Code (inc. data)   RO Data    RW Data    ZI Data      Debug   Library Name

       306         20          0          0         96        752   c_w.l
      2568        188          0          0          0       2328   fz_wm.l
      2356        248        288          0          0       1532   m_wm.l

    ----------------------------------------------------------------------
      5248        456        288          0         96       4612   Library Totals

    ----------------------------------------------------------------------

==============================================================================


      Code (inc. data)   RO Data    RW Data    ZI Data      Debug   

     11858        912      11478         56       1632     372529   Grand Totals
     11858        912      11478         56       1632     372529   ELF Image Totals
     11858        912      11478         56          0          0   ROM Totals

==============================================================================

    Total RO  Size (Code + RO Data)                23336 (  22.79kB)
    Total RW  Size (RW Data + ZI Data)              1688 (   1.65kB)
    Total ROM Size (Code + RO Data + RW Data)      23392 (  22.84kB)

==============================================================================

